Archive member included to satisfy reference by file (symbol)

app/libapp.a(main.c.obj)      (--whole-archive)
zephyr/libzephyr.a(heap.c.obj)
                              (--whole-archive)
zephyr/libzephyr.a(cbprintf_packaged.c.obj)
                              (--whole-archive)
zephyr/libzephyr.a(printk.c.obj)
                              (--whole-archive)
zephyr/libzephyr.a(sem.c.obj)
                              (--whole-archive)
zephyr/libzephyr.a(thread_entry.c.obj)
                              (--whole-archive)
zephyr/libzephyr.a(cbprintf_complete.c.obj)
                              (--whole-archive)
zephyr/libzephyr.a(assert.c.obj)
                              (--whole-archive)
zephyr/libzephyr.a(dec.c.obj)
                              (--whole-archive)
zephyr/libzephyr.a(hex.c.obj)
                              (--whole-archive)
zephyr/libzephyr.a(rb.c.obj)  (--whole-archive)
zephyr/libzephyr.a(timeutil.c.obj)
                              (--whole-archive)
zephyr/libzephyr.a(bitarray.c.obj)
                              (--whole-archive)
zephyr/libzephyr.a(onoff.c.obj)
                              (--whole-archive)
zephyr/libzephyr.a(notify.c.obj)
                              (--whole-archive)
zephyr/libzephyr.a(ring_buffer.c.obj)
                              (--whole-archive)
zephyr/libzephyr.a(configs.c.obj)
                              (--whole-archive)
zephyr/libzephyr.a(mem_attr.c.obj)
                              (--whole-archive)
zephyr/libzephyr.a(tracing_none.c.obj)
                              (--whole-archive)
zephyr/libzephyr.a(usb_device.c.obj)
                              (--whole-archive)
zephyr/libzephyr.a(usb_descriptor.c.obj)
                              (--whole-archive)
zephyr/libzephyr.a(usb_transfer.c.obj)
                              (--whole-archive)
zephyr/libzephyr.a(cdc_acm.c.obj)
                              (--whole-archive)
zephyr/libzephyr.a(usb_work_q.c.obj)
                              (--whole-archive)
zephyr/arch/common/libarch__common.a(sw_isr_common.c.obj)
                              (--whole-archive)
zephyr/arch/arch/arm/core/libarch__arm__core.a(fatal.c.obj)
                              (--whole-archive)
zephyr/arch/arch/arm/core/libarch__arm__core.a(nmi.c.obj)
                              (--whole-archive)
zephyr/arch/arch/arm/core/libarch__arm__core.a(nmi_on_reset.S.obj)
                              (--whole-archive)
zephyr/arch/arch/arm/core/libarch__arm__core.a(tls.c.obj)
                              (--whole-archive)
zephyr/arch/arch/arm/core/cortex_m/libarch__arm__core__cortex_m.a(exc_exit.S.obj)
                              (--whole-archive)
zephyr/arch/arch/arm/core/cortex_m/libarch__arm__core__cortex_m.a(fault.c.obj)
                              (--whole-archive)
zephyr/arch/arch/arm/core/cortex_m/libarch__arm__core__cortex_m.a(fault_s.S.obj)
                              (--whole-archive)
zephyr/arch/arch/arm/core/cortex_m/libarch__arm__core__cortex_m.a(fpu.c.obj)
                              (--whole-archive)
zephyr/arch/arch/arm/core/cortex_m/libarch__arm__core__cortex_m.a(reset.S.obj)
                              (--whole-archive)
zephyr/arch/arch/arm/core/cortex_m/libarch__arm__core__cortex_m.a(scb.c.obj)
                              (--whole-archive)
zephyr/arch/arch/arm/core/cortex_m/libarch__arm__core__cortex_m.a(thread_abort.c.obj)
                              (--whole-archive)
zephyr/arch/arch/arm/core/cortex_m/libarch__arm__core__cortex_m.a(vector_table.S.obj)
                              (--whole-archive)
zephyr/arch/arch/arm/core/cortex_m/libarch__arm__core__cortex_m.a(swap.c.obj)
                              (--whole-archive)
zephyr/arch/arch/arm/core/cortex_m/libarch__arm__core__cortex_m.a(swap_helper.S.obj)
                              (--whole-archive)
zephyr/arch/arch/arm/core/cortex_m/libarch__arm__core__cortex_m.a(irq_manage.c.obj)
                              (--whole-archive)
zephyr/arch/arch/arm/core/cortex_m/libarch__arm__core__cortex_m.a(prep_c.c.obj)
                              (--whole-archive)
zephyr/arch/arch/arm/core/cortex_m/libarch__arm__core__cortex_m.a(thread.c.obj)
                              (--whole-archive)
zephyr/arch/arch/arm/core/cortex_m/libarch__arm__core__cortex_m.a(cpu_idle.S.obj)
                              (--whole-archive)
zephyr/arch/arch/arm/core/cortex_m/libarch__arm__core__cortex_m.a(irq_init.c.obj)
                              (--whole-archive)
zephyr/arch/arch/arm/core/cortex_m/libarch__arm__core__cortex_m.a(isr_wrapper.S.obj)
                              (--whole-archive)
zephyr/arch/arch/arm/core/cortex_m/libarch__arm__core__cortex_m.a(__aeabi_read_tp.S.obj)
                              (--whole-archive)
zephyr/arch/arch/arm/core/mpu/libarch__arm__core__mpu.a(arm_core_mpu.c.obj)
                              (--whole-archive)
zephyr/arch/arch/arm/core/mpu/libarch__arm__core__mpu.a(arm_mpu.c.obj)
                              (--whole-archive)
[...]
Memory Configuration

Name             Origin             Length             Attributes
FLASH            0x0000000000027000 0x00000000000c5000 xr
RAM              0x0000000020000000 0x0000000000040000 xw
IDT_LIST         0x00000000ffff7fff 0x0000000000008000 xw
*default*        0x0000000000000000 0xffffffffffffffff

Linker script and memory map

                0x000000000002e018                vfprintf = __l_vfprintf
                0x0000000000000000                vfscanf = __l_vfscanf
LOAD zephyr/CMakeFiles/zephyr_pre0.dir/misc/empty_file.c.obj
LOAD zephyr/CMakeFiles/offsets.dir/./arch/arm/core/offsets/offsets.c.obj
LOAD app/libapp.a
LOAD zephyr/libzephyr.a
LOAD zephyr/arch/common/libarch__common.a
LOAD zephyr/arch/arch/arm/core/libarch__arm__core.a
LOAD zephyr/arch/arch/arm/core/cortex_m/libarch__arm__core__cortex_m.a
LOAD zephyr/arch/arch/arm/core/mpu/libarch__arm__core__mpu.a
LOAD zephyr/lib/libc/picolibc/liblib__libc__picolibc.a
LOAD zephyr/lib/libc/common/liblib__libc__common.a
LOAD zephyr/soc/soc/arm/nordic_nrf/libsoc__arm__nordic_nrf.a
LOAD zephyr/drivers/usb/device/libdrivers__usb__device.a
LOAD zephyr/drivers/usb/common/nrf_usbd_common/libdrivers__usb__common__nrf_usbd_common.a
LOAD zephyr/drivers/adc/libdrivers__adc.a
LOAD zephyr/drivers/clock_control/libdrivers__clock_control.a
LOAD zephyr/drivers/console/libdrivers__console.a
LOAD zephyr/drivers/gpio/libdrivers__gpio.a
LOAD zephyr/drivers/hwinfo/libdrivers__hwinfo.a
LOAD zephyr/drivers/pinctrl/libdrivers__pinctrl.a
LOAD zephyr/drivers/regulator/libdrivers__regulator.a
LOAD zephyr/drivers/serial/libdrivers__serial.a
LOAD zephyr/drivers/timer/libdrivers__timer.a
LOAD modules/hal_nordic/nrfx/libmodules__hal_nordic__nrfx.a
LOAD zephyr/kernel/libkernel.a
LOAD /Users/lucasmichel/zephyr-sdk-0.16.5-1/arm-zephyr-eabi/bin/../lib/gcc/arm-zephyr-eabi/12.2.0/thumb/v7e-m/nofp/libgcc.a
LOAD zephyr/arch/common/libisr_tables.a
LOAD /Users/lucasmichel/zephyr-sdk-0.16.5-1/arm-zephyr-eabi/bin/../lib/gcc/../../picolibc/arm-zephyr-eabi/lib/thumb/v7e-m/nofp/libc.a
LOAD /Users/lucasmichel/zephyr-sdk-0.16.5-1/arm-zephyr-eabi/bin/../lib/gcc/arm-zephyr-eabi/12.2.0/thumb/v7e-m/nofp/libgcc.a
                0x0000000000000020                _region_min_align = 0x20

.rel.plt        0x0000000000027000        0x0
 *(SORT_BY_ALIGNMENT(.rel.plt))
                [!provide]                        PROVIDE (__rel_iplt_start = .)
 *(SORT_BY_ALIGNMENT(.rel.iplt))
 .rel.iplt      0x0000000000027000        0x0 app/libapp.a(main.c.obj)
                [!provide]                        PROVIDE (__rel_iplt_end = .)

.rela.plt       0x0000000000000000        0x0
 *(SORT_BY_ALIGNMENT(.rela.plt))
                [!provide]                        PROVIDE (__rela_iplt_start = .)
 *(SORT_BY_ALIGNMENT(.rela.iplt))
                [!provide]                        PROVIDE (__rela_iplt_end = .)

.rel.dyn
 *(SORT_BY_ALIGNMENT(.rel.*))

.rela.dyn
 *(SORT_BY_ALIGNMENT(.rela.*))

/DISCARD/
 *(SORT_BY_ALIGNMENT(.plt))

/DISCARD/
 *(SORT_BY_ALIGNMENT(.iplt))
                0x0000000000027000                __rom_region_start = 0x27000

rom_start       0x0000000000027000      0x100
                0x0000000000027000                __rom_start_address = .
 FILL mask 0x00
                0x0000000000027000                . = (. + (0x0 - (. - __rom_start_address)))
                0x0000000000027000                . = ALIGN (0x4)
                0x0000000000027000                . = ALIGN (0x80)
                0x0000000000027000                . = ALIGN (0x100)
                0x0000000000027000                _vector_start = .
 *(SORT_BY_ALIGNMENT(.exc_vector_table))
 *(SORT_BY_ALIGNMENT(.exc_vector_table.*))
 .exc_vector_table._vector_table_section
                0x0000000000027000       0x40 zephyr/arch/arch/arm/core/cortex_m/libarch__arm__core__cortex_m.a(vector_table.S.obj)
                0x0000000000027000                _vector_table
 *(SORT_BY_ALIGNMENT(.vectors))
                0x0000000000027100                _vector_end = .
                0x0000000000027040                . = ALIGN (0x4)
 *(SORT_BY_ALIGNMENT(.gnu.linkonce.irq_vector_table*))
 .gnu.linkonce.irq_vector_table
                0x0000000000027040       0xc0 zephyr/arch/common/libisr_tables.a(isr_tables.c.obj)
                0x0000000000027040                _irq_vector_table
                0x0000000000027100                _vector_end = .

text            0x0000000000027100     0x8f50
                0x0000000000027100                __text_region_start = .
 *(SORT_BY_ALIGNMENT(.text))
 .text          0x0000000000027100       0x30 /Users/lucasmichel/zephyr-sdk-0.16.5-1/arm-zephyr-eabi/bin/../lib/gcc/arm-zephyr-eabi/12.2.0/thumb/v7e-m/nofp/libgcc.a(_aeabi_uldivmod.o)
                0x0000000000027100                __aeabi_uldivmod
 .text          0x0000000000027130        0x4 /Users/lucasmichel/zephyr-sdk-0.16.5-1/arm-zephyr-eabi/bin/../lib/gcc/arm-zephyr-eabi/12.2.0/thumb/v7e-m/nofp/libgcc.a(_dvmd_tls.o)
                0x0000000000027130                __aeabi_ldiv0
                0x0000000000027130                __aeabi_idiv0
 .text          0x0000000000027134      0x2a0 /Users/lucasmichel/zephyr-sdk-0.16.5-1/arm-zephyr-eabi/bin/../lib/gcc/arm-zephyr-eabi/12.2.0/thumb/v7e-m/nofp/libgcc.a(_udivmoddi4.o)
                0x0000000000027134                __udivmoddi4
 .text          0x00000000000273d4       0x10 /Users/lucasmichel/zephyr-sdk-0.16.5-1/arm-zephyr-eabi/bin/../lib/gcc/../../picolibc/arm-zephyr-eabi/lib/thumb/v7e-m/nofp/libc.a(strlen.S.o)
                0x00000000000273d4                strlen
 *(SORT_BY_ALIGNMENT(.text.*))
 .text.main     0x00000000000273e4       0x64 app/libapp.a(main.c.obj)
                0x00000000000273e4                main
 .text.char_out
                0x0000000000027448        0xc zephyr/libzephyr.a(printk.c.obj)
 .text.vprintk  0x0000000000027454       0x30 zephyr/libzephyr.a(printk.c.obj)
                0x0000000000027454                vprintk
 .text.__printk_hook_install
                0x0000000000027484        0xc zephyr/libzephyr.a(printk.c.obj)
                0x0000000000027484                __printk_hook_install
 .text.z_thread_entry
                0x0000000000027490       0x34 zephyr/libzephyr.a(thread_entry.c.obj)
                0x0000000000027490                z_thread_entry
 .text.process_event
                0x00000000000274c4      0x21c zephyr/libzephyr.a(onoff.c.obj)
 .text.mem_attr_get_regions
                0x00000000000276e0        0xc zephyr/libzephyr.a(mem_attr.c.obj)
                0x00000000000276e0                mem_attr_get_regions
 .text.class_handler
                0x00000000000276ec       0x40 zephyr/libzephyr.a(usb_device.c.obj)
 .text.custom_handler
                0x000000000002772c       0x60 zephyr/libzephyr.a(usb_device.c.obj)
 .text.vendor_handler
                0x000000000002778c       0x3c zephyr/libzephyr.a(usb_device.c.obj)
 .text.disable_endpoint
                0x00000000000277c8       0x2c zephyr/libzephyr.a(usb_device.c.obj)
 .text.usb_reset_alt_setting
                0x00000000000277f4       0x10 zephyr/libzephyr.a(usb_device.c.obj)
 .text.is_ep_valid.part.0
                0x0000000000027804       0x38 zephyr/libzephyr.a(usb_device.c.obj)
 .text.usb_handle_request.constprop.0
                0x000000000002783c       0x2c zephyr/libzephyr.a(usb_device.c.obj)
 .text.forward_status_cb
                0x0000000000027868       0xac zephyr/libzephyr.a(usb_device.c.obj)
 .text.usb_halt_endpoint_req.isra.0
                0x0000000000027914       0x50 zephyr/libzephyr.a(usb_device.c.obj)
 .text.set_endpoint
                0x0000000000027964       0x84 zephyr/libzephyr.a(usb_device.c.obj)
 .text.usb_handle_standard_request
                0x00000000000279e8      0x2ec zephyr/libzephyr.a(usb_device.c.obj)
 .text.usb_data_to_host
                0x0000000000027cd4       0x60 zephyr/libzephyr.a(usb_device.c.obj)
 .text.usb_handle_control_transfer
                0x0000000000027d34       0xdc zephyr/libzephyr.a(usb_device.c.obj)
 .text.usb_set_config
                0x0000000000027e10       0x2c zephyr/libzephyr.a(usb_device.c.obj)
                0x0000000000027e10                usb_set_config
 .text.usb_enable
                0x0000000000027e3c      0x124 zephyr/libzephyr.a(usb_device.c.obj)
                0x0000000000027e3c                usb_enable
 .text.usb_device_init
                0x0000000000027f60       0x30 zephyr/libzephyr.a(usb_device.c.obj)
 .text.usb_update_sn_string_descriptor
                0x0000000000027f90       0x88 zephyr/libzephyr.a(usb_descriptor.c.obj)
                0x0000000000027f90                usb_update_sn_string_descriptor
 .text.usb_get_device_descriptor
                0x0000000000028018      0x1d8 zephyr/libzephyr.a(usb_descriptor.c.obj)
                0x0000000000028018                usb_get_device_descriptor
 .text.usb_ep_get_transfer
                0x00000000000281f0       0x2c zephyr/libzephyr.a(usb_transfer.c.obj)
 .text.usb_transfer_work
                0x000000000002821c      0x100 zephyr/libzephyr.a(usb_transfer.c.obj)
 .text.usb_transfer_ep_callback
                0x000000000002831c       0x5c zephyr/libzephyr.a(usb_transfer.c.obj)
                0x000000000002831c                usb_transfer_ep_callback
 .text.usb_transfer
                0x0000000000028378       0xe4 zephyr/libzephyr.a(usb_transfer.c.obj)
                0x0000000000028378                usb_transfer
 .text.usb_cancel_transfer
                0x000000000002845c       0x3c zephyr/libzephyr.a(usb_transfer.c.obj)
                0x000000000002845c                usb_cancel_transfer
 .text.usb_cancel_transfers
                0x0000000000028498       0x48 zephyr/libzephyr.a(usb_transfer.c.obj)
                0x0000000000028498                usb_cancel_transfers
 .text.usb_transfer_init
                0x00000000000284e0       0x34 zephyr/libzephyr.a(usb_transfer.c.obj)
                0x00000000000284e0                usb_transfer_init
 .text.cdc_acm_class_handle_req
                0x0000000000028514       0x64 zephyr/libzephyr.a(cdc_acm.c.obj)
                0x0000000000028514                cdc_acm_class_handle_req
 .text.cdc_acm_int_in
                0x0000000000028578       0x18 zephyr/libzephyr.a(cdc_acm.c.obj)
 .text.cdc_acm_irq_rx_enable
                0x0000000000028590       0x20 zephyr/libzephyr.a(cdc_acm.c.obj)
 .text.cdc_acm_irq_tx_enable
                0x00000000000285b0       0x20 zephyr/libzephyr.a(cdc_acm.c.obj)
 .text.cdc_acm_write_cb
                0x00000000000285d0       0x54 zephyr/libzephyr.a(cdc_acm.c.obj)
 .text.cdc_acm_fifo_fill
                0x0000000000028624       0x38 zephyr/libzephyr.a(cdc_acm.c.obj)
 .text.cdc_acm_reset_port
                0x000000000002865c       0x3c zephyr/libzephyr.a(cdc_acm.c.obj)
 .text.tx_work_handler
                0x0000000000028698       0x64 zephyr/libzephyr.a(cdc_acm.c.obj)
 .text.cdc_acm_init
                0x00000000000286fc       0x48 zephyr/libzephyr.a(cdc_acm.c.obj)
 .text.cdc_acm_poll_out
                0x0000000000028744       0x4c zephyr/libzephyr.a(cdc_acm.c.obj)
 .text.cdc_acm_read_cb
                0x0000000000028790       0x74 zephyr/libzephyr.a(cdc_acm.c.obj)
 .text.cdc_acm_dev_status_cb
                0x0000000000028804       0x84 zephyr/libzephyr.a(cdc_acm.c.obj)
 .text.z_usb_work_q_init
                0x0000000000028888       0x34 zephyr/libzephyr.a(usb_work_q.c.obj)
 .text.z_SysNmiOnReset
                0x00000000000288bc        0x8 zephyr/arch/arch/arm/core/libarch__arm__core.a(nmi_on_reset.S.obj)
                0x00000000000288bc                z_SysNmiOnReset
 .text.arch_tls_stack_setup
                0x00000000000288c4       0x5c zephyr/arch/arch/arm/core/libarch__arm__core.a(tls.c.obj)
                0x00000000000288c4                arch_tls_stack_setup
 .text._HandlerModeExit
                0x0000000000028920       0x1c zephyr/arch/arch/arm/core/cortex_m/libarch__arm__core__cortex_m.a(exc_exit.S.obj)
                0x0000000000028920                z_arm_exc_exit
                0x0000000000028920                z_arm_int_exit
 .text.mem_manage_fault
                0x000000000002893c       0xa0 zephyr/arch/arch/arm/core/cortex_m/libarch__arm__core__cortex_m.a(fault.c.obj)
 .text.usage_fault.constprop.0
                0x00000000000289dc       0x54 zephyr/arch/arch/arm/core/cortex_m/libarch__arm__core__cortex_m.a(fault.c.obj)
 .text.bus_fault.constprop.0
                0x0000000000028a30       0x6c zephyr/arch/arch/arm/core/cortex_m/libarch__arm__core__cortex_m.a(fault.c.obj)
 .text.z_arm_fault
                0x0000000000028a9c      0x128 zephyr/arch/arch/arm/core/cortex_m/libarch__arm__core__cortex_m.a(fault.c.obj)
                0x0000000000028a9c                z_arm_fault
 .text.z_arm_fault_init
                0x0000000000028bc4       0x10 zephyr/arch/arch/arm/core/cortex_m/libarch__arm__core__cortex_m.a(fault.c.obj)
                0x0000000000028bc4                z_arm_fault_init
 .text.__fault  0x0000000000028bd4       0x14 zephyr/arch/arch/arm/core/cortex_m/libarch__arm__core__cortex_m.a(fault_s.S.obj)
                0x0000000000028bd4                z_arm_bus_fault
                0x0000000000028bd4                z_arm_usage_fault
                0x0000000000028bd4                z_arm_mpu_fault
                0x0000000000028bd4                z_arm_exc_spurious
                0x0000000000028bd4                z_arm_debug_monitor
                0x0000000000028bd4                z_arm_hard_fault
 .text._reset_section
                0x0000000000028be8       0x30 zephyr/arch/arch/arm/core/cortex_m/libarch__arm__core__cortex_m.a(reset.S.obj)
                0x0000000000028be8                z_arm_reset
                0x0000000000028be8                __start
 .text.z_impl_k_thread_abort
                0x0000000000028c18       0x2c zephyr/arch/arch/arm/core/cortex_m/libarch__arm__core__cortex_m.a(thread_abort.c.obj)
                0x0000000000028c18                z_impl_k_thread_abort
 .text.arch_swap
                0x0000000000028c44       0x30 zephyr/arch/arch/arm/core/cortex_m/libarch__arm__core__cortex_m.a(swap.c.obj)
                0x0000000000028c44                arch_swap
 .text.z_arm_pendsv
                0x0000000000028c74       0x64 zephyr/arch/arch/arm/core/cortex_m/libarch__arm__core__cortex_m.a(swap_helper.S.obj)
                0x0000000000028c74                z_arm_pendsv
 .text.z_arm_svc
                0x0000000000028cd8       0x20 zephyr/arch/arch/arm/core/cortex_m/libarch__arm__core__cortex_m.a(swap_helper.S.obj)
                0x0000000000028cd8                z_arm_svc
 .text.arch_irq_enable
                0x0000000000028cf8       0x1c zephyr/arch/arch/arm/core/cortex_m/libarch__arm__core__cortex_m.a(irq_manage.c.obj)
                0x0000000000028cf8                arch_irq_enable
 .text.arch_irq_disable
                0x0000000000028d14       0x28 zephyr/arch/arch/arm/core/cortex_m/libarch__arm__core__cortex_m.a(irq_manage.c.obj)
                0x0000000000028d14                arch_irq_disable
 .text.arch_irq_is_enabled
                0x0000000000028d3c       0x1c zephyr/arch/arch/arm/core/cortex_m/libarch__arm__core__cortex_m.a(irq_manage.c.obj)
                0x0000000000028d3c                arch_irq_is_enabled
 .text.z_arm_irq_priority_set
                0x0000000000028d58       0x30 zephyr/arch/arch/arm/core/cortex_m/libarch__arm__core__cortex_m.a(irq_manage.c.obj)
                0x0000000000028d58                z_arm_irq_priority_set
 .text.z_prep_c
                0x0000000000028d88       0x48 zephyr/arch/arch/arm/core/cortex_m/libarch__arm__core__cortex_m.a(prep_c.c.obj)
                0x0000000000028d88                z_prep_c
 .text.arch_new_thread
                0x0000000000028dd0       0x38 zephyr/arch/arch/arm/core/cortex_m/libarch__arm__core__cortex_m.a(thread.c.obj)
                0x0000000000028dd0                arch_new_thread
 .text.z_check_thread_stack_fail
                0x0000000000028e08       0x2c zephyr/arch/arch/arm/core/cortex_m/libarch__arm__core__cortex_m.a(thread.c.obj)
                0x0000000000028e08                z_check_thread_stack_fail
 .text.arch_switch_to_main_thread
                0x0000000000028e34       0x38 zephyr/arch/arch/arm/core/cortex_m/libarch__arm__core__cortex_m.a(thread.c.obj)
                0x0000000000028e34                arch_switch_to_main_thread
 .text.z_arm_cpu_idle_init
                0x0000000000028e6c        0xc zephyr/arch/arch/arm/core/cortex_m/libarch__arm__core__cortex_m.a(cpu_idle.S.obj)
                0x0000000000028e6c                z_arm_cpu_idle_init
 .text.arch_cpu_idle
                0x0000000000028e78       0x1c zephyr/arch/arch/arm/core/cortex_m/libarch__arm__core__cortex_m.a(cpu_idle.S.obj)
                0x0000000000028e78                arch_cpu_idle
 .text.arch_cpu_atomic_idle
                0x0000000000028e94       0x18 zephyr/arch/arch/arm/core/cortex_m/libarch__arm__core__cortex_m.a(cpu_idle.S.obj)
                0x0000000000028e94                arch_cpu_atomic_idle
 .text.z_arm_interrupt_init
                0x0000000000028eac       0x18 zephyr/arch/arch/arm/core/cortex_m/libarch__arm__core__cortex_m.a(irq_init.c.obj)
                0x0000000000028eac                z_arm_interrupt_init
 .text._isr_wrapper
                0x0000000000028ec4       0x28 zephyr/arch/arch/arm/core/cortex_m/libarch__arm__core__cortex_m.a(isr_wrapper.S.obj)
                0x0000000000028ec4                _isr_wrapper
 .text.z_arm_configure_static_mpu_regions
                0x0000000000028eec       0x18 zephyr/arch/arch/arm/core/mpu/libarch__arm__core__mpu.a(arm_core_mpu.c.obj)
                0x0000000000028eec                z_arm_configure_static_mpu_regions
 .text.z_arm_configure_dynamic_mpu_regions
                0x0000000000028f04       0x20 zephyr/arch/arch/arm/core/mpu/libarch__arm__core__mpu.a(arm_core_mpu.c.obj)
                0x0000000000028f04                z_arm_configure_dynamic_mpu_regions
 .text.region_init
                0x0000000000028f24       0x28 zephyr/arch/arch/arm/core/mpu/libarch__arm__core__mpu.a(arm_mpu.c.obj)
 .text.mpu_configure_regions
                0x0000000000028f4c       0x6c zephyr/arch/arch/arm/core/mpu/libarch__arm__core__mpu.a(arm_mpu.c.obj)
 .text.arm_core_mpu_enable
                0x0000000000028fb8       0x18 zephyr/arch/arch/arm/core/mpu/libarch__arm__core__mpu.a(arm_mpu.c.obj)
                0x0000000000028fb8                arm_core_mpu_enable
 .text.arm_core_mpu_disable
                0x0000000000028fd0       0x14 zephyr/arch/arch/arm/core/mpu/libarch__arm__core__mpu.a(arm_mpu.c.obj)
                0x0000000000028fd0                arm_core_mpu_disable
 .text.arm_core_mpu_configure_static_mpu_regions
                0x0000000000028fe4       0x14 zephyr/arch/arch/arm/core/mpu/libarch__arm__core__mpu.a(arm_mpu.c.obj)
                0x0000000000028fe4                arm_core_mpu_configure_static_mpu_regions
 .text.arm_core_mpu_configure_dynamic_mpu_regions
                0x0000000000028ff8       0x38 zephyr/arch/arch/arm/core/mpu/libarch__arm__core__mpu.a(arm_mpu.c.obj)
                0x0000000000028ff8                arm_core_mpu_configure_dynamic_mpu_regions
 .text.z_arm_mpu_init
                0x0000000000029030      0x160 zephyr/arch/arch/arm/core/mpu/libarch__arm__core__mpu.a(arm_mpu.c.obj)
                0x0000000000029030                z_arm_mpu_init
 .text.z_impl_zephyr_fputc
                0x0000000000029190       0x10 zephyr/lib/libc/picolibc/liblib__libc__picolibc.a(libc-hooks.c.obj)
                0x0000000000029190                z_impl_zephyr_fputc
 .text.__stdout_hook_install
                0x00000000000291a0       0x18 zephyr/lib/libc/picolibc/liblib__libc__picolibc.a(libc-hooks.c.obj)
                0x00000000000291a0                __stdout_hook_install
 .text.malloc_prepare
                0x00000000000291b8       0x24 zephyr/lib/libc/common/liblib__libc__common.a(malloc.c.obj)
 .text.nordicsemi_nrf52_init
                0x00000000000291dc       0x44 zephyr/soc/soc/arm/nordic_nrf/libsoc__arm__nordic_nrf.a(soc.c.obj)
 .text.arch_busy_wait
                0x0000000000029220       0x14 zephyr/soc/soc/arm/nordic_nrf/libsoc__arm__nordic_nrf.a(soc.c.obj)
                0x0000000000029220                arch_busy_wait
 .text.z_arm_platform_init
                0x0000000000029234        0x4 zephyr/soc/soc/arm/nordic_nrf/libsoc__arm__nordic_nrf.a(soc_nrf_common.S.obj)
                0x0000000000029234                z_arm_platform_init
 .text.endpoint_ctx
                0x0000000000029238       0x60 zephyr/drivers/usb/device/libdrivers__usb__device.a(usb_dc_nrfx.c.obj)
 .text.usbd_work_schedule
                0x0000000000029298       0x10 zephyr/drivers/usb/device/libdrivers__usb__device.a(usb_dc_nrfx.c.obj)
 .text.usbd_evt_put
                0x00000000000292a8        0xc zephyr/drivers/usb/device/libdrivers__usb__device.a(usb_dc_nrfx.c.obj)
 .text.usbd_evt_get
                0x00000000000292b4       0x10 zephyr/drivers/usb/device/libdrivers__usb__device.a(usb_dc_nrfx.c.obj)
 .text.usb_init
                0x00000000000292c4       0x70 zephyr/drivers/usb/device/libdrivers__usb__device.a(usb_dc_nrfx.c.obj)
 .text.hfxo_stop.constprop.0.isra.0
                0x0000000000029334       0x40 zephyr/drivers/usb/device/libdrivers__usb__device.a(usb_dc_nrfx.c.obj)
 .text.eps_ctx_init
                0x0000000000029374       0x68 zephyr/drivers/usb/device/libdrivers__usb__device.a(usb_dc_nrfx.c.obj)
 .text.usbd_evt_flush
                0x00000000000293dc       0x1c zephyr/drivers/usb/device/libdrivers__usb__device.a(usb_dc_nrfx.c.obj)
 .text.usbd_evt_alloc
                0x00000000000293f8       0x44 zephyr/drivers/usb/device/libdrivers__usb__device.a(usb_dc_nrfx.c.obj)
 .text.usb_dc_power_event_handler
                0x000000000002943c       0x34 zephyr/drivers/usb/device/libdrivers__usb__device.a(usb_dc_nrfx.c.obj)
 .text.usbd_event_transfer_data
                0x0000000000029470       0xa8 zephyr/drivers/usb/device/libdrivers__usb__device.a(usb_dc_nrfx.c.obj)
 .text.usbd_event_handler
                0x0000000000029518      0x11c zephyr/drivers/usb/device/libdrivers__usb__device.a(usb_dc_nrfx.c.obj)
 .text.usbd_work_handler
                0x0000000000029634      0x2e0 zephyr/drivers/usb/device/libdrivers__usb__device.a(usb_dc_nrfx.c.obj)
 .text.usb_dc_attach
                0x0000000000029914       0x64 zephyr/drivers/usb/device/libdrivers__usb__device.a(usb_dc_nrfx.c.obj)
                0x0000000000029914                usb_dc_attach
 .text.usb_dc_set_address
                0x0000000000029978       0x24 zephyr/drivers/usb/device/libdrivers__usb__device.a(usb_dc_nrfx.c.obj)
                0x0000000000029978                usb_dc_set_address
 .text.usb_dc_ep_configure
                0x000000000002999c       0x48 zephyr/drivers/usb/device/libdrivers__usb__device.a(usb_dc_nrfx.c.obj)
                0x000000000002999c                usb_dc_ep_configure
 .text.usb_dc_ep_set_stall
                0x00000000000299e4       0x50 zephyr/drivers/usb/device/libdrivers__usb__device.a(usb_dc_nrfx.c.obj)
                0x00000000000299e4                usb_dc_ep_set_stall
 .text.usb_dc_ep_clear_stall
                0x0000000000029a34       0x40 zephyr/drivers/usb/device/libdrivers__usb__device.a(usb_dc_nrfx.c.obj)
                0x0000000000029a34                usb_dc_ep_clear_stall
 .text.usb_dc_ep_is_stalled
                0x0000000000029a74       0x38 zephyr/drivers/usb/device/libdrivers__usb__device.a(usb_dc_nrfx.c.obj)
                0x0000000000029a74                usb_dc_ep_is_stalled
 .text.usb_dc_ep_enable
                0x0000000000029aac       0x54 zephyr/drivers/usb/device/libdrivers__usb__device.a(usb_dc_nrfx.c.obj)
                0x0000000000029aac                usb_dc_ep_enable
 .text.usb_dc_ep_write
                0x0000000000029b00       0xf8 zephyr/drivers/usb/device/libdrivers__usb__device.a(usb_dc_nrfx.c.obj)
                0x0000000000029b00                usb_dc_ep_write
 .text.usb_dc_ep_read_wait
                0x0000000000029bf8       0x90 zephyr/drivers/usb/device/libdrivers__usb__device.a(usb_dc_nrfx.c.obj)
                0x0000000000029bf8                usb_dc_ep_read_wait
 .text.usb_dc_ep_read_continue
                0x0000000000029c88       0x84 zephyr/drivers/usb/device/libdrivers__usb__device.a(usb_dc_nrfx.c.obj)
                0x0000000000029c88                usb_dc_ep_read_continue
 .text.usb_dc_ep_set_callback
                0x0000000000029d0c       0x28 zephyr/drivers/usb/device/libdrivers__usb__device.a(usb_dc_nrfx.c.obj)
                0x0000000000029d0c                usb_dc_ep_set_callback
 .text.usb_dc_set_status_callback
                0x0000000000029d34        0xc zephyr/drivers/usb/device/libdrivers__usb__device.a(usb_dc_nrfx.c.obj)
                0x0000000000029d34                usb_dc_set_status_callback
 .text.usb_dc_ep_mps
                0x0000000000029d40       0x24 zephyr/drivers/usb/device/libdrivers__usb__device.a(usb_dc_nrfx.c.obj)
                0x0000000000029d40                usb_dc_ep_mps
 .text.nrf52_errata_187
                0x0000000000029d64       0x28 zephyr/drivers/usb/common/nrf_usbd_common/libdrivers__usb__common__nrf_usbd_common.a(nrf_usbd_common.c.obj)
 .text.ep_state_access
                0x0000000000029d8c       0x20 zephyr/drivers/usb/common/nrf_usbd_common/libdrivers__usb__common__nrf_usbd_common.a(nrf_usbd_common.c.obj)
 .text.usbd_errata_187_211_begin
                0x0000000000029dac       0x40 zephyr/drivers/usb/common/nrf_usbd_common/libdrivers__usb__common__nrf_usbd_common.a(nrf_usbd_common.c.obj)
 .text.usbd_errata_187_211_end
                0x0000000000029dec       0x40 zephyr/drivers/usb/common/nrf_usbd_common/libdrivers__usb__common__nrf_usbd_common.a(nrf_usbd_common.c.obj)
 .text.usbd_dma_pending_clear
                0x0000000000029e2c       0x1c zephyr/drivers/usb/common/nrf_usbd_common/libdrivers__usb__common__nrf_usbd_common.a(nrf_usbd_common.c.obj)
 .text.nrf_usbd_common_uninit
                0x0000000000029e48       0x14 zephyr/drivers/usb/common/nrf_usbd_common/libdrivers__usb__common__nrf_usbd_common.a(nrf_usbd_common.c.obj)
                0x0000000000029e48                nrf_usbd_common_uninit
 .text.nrf_usbd_common_enable
                0x0000000000029e5c      0x14c zephyr/drivers/usb/common/nrf_usbd_common/libdrivers__usb__common__nrf_usbd_common.a(nrf_usbd_common.c.obj)
                0x0000000000029e5c                nrf_usbd_common_enable
 .text.nrf_usbd_common_start
                0x0000000000029fa8       0x38 zephyr/drivers/usb/common/nrf_usbd_common/libdrivers__usb__common__nrf_usbd_common.a(nrf_usbd_common.c.obj)
                0x0000000000029fa8                nrf_usbd_common_start
 .text.nrf_usbd_common_is_enabled
                0x0000000000029fe0       0x14 zephyr/drivers/usb/common/nrf_usbd_common/libdrivers__usb__common__nrf_usbd_common.a(nrf_usbd_common.c.obj)
                0x0000000000029fe0                nrf_usbd_common_is_enabled
 .text.nrf_usbd_common_suspend
                0x0000000000029ff4       0x54 zephyr/drivers/usb/common/nrf_usbd_common/libdrivers__usb__common__nrf_usbd_common.a(nrf_usbd_common.c.obj)
                0x0000000000029ff4                nrf_usbd_common_suspend
 .text.nrf_usbd_common_init
                0x000000000002a048       0x84 zephyr/drivers/usb/common/nrf_usbd_common/libdrivers__usb__common__nrf_usbd_common.a(nrf_usbd_common.c.obj)
                0x000000000002a048                nrf_usbd_common_init
 .text.nrf_usbd_common_ep_enable_check
                0x000000000002a0cc       0x28 zephyr/drivers/usb/common/nrf_usbd_common/libdrivers__usb__common__nrf_usbd_common.a(nrf_usbd_common.c.obj)
                0x000000000002a0cc                nrf_usbd_common_ep_enable_check
 .text.nrf_usbd_common_ep_transfer
                0x000000000002a0f4       0x9c zephyr/drivers/usb/common/nrf_usbd_common/libdrivers__usb__common__nrf_usbd_common.a(nrf_usbd_common.c.obj)
                0x000000000002a0f4                nrf_usbd_common_ep_transfer
 .text.nrf_usbd_common_epout_size_get
                0x000000000002a190       0x28 zephyr/drivers/usb/common/nrf_usbd_common/libdrivers__usb__common__nrf_usbd_common.a(nrf_usbd_common.c.obj)
                0x000000000002a190                nrf_usbd_common_epout_size_get
 .text.nrf_usbd_common_irq_handler
                0x000000000002a1b8      0x498 zephyr/drivers/usb/common/nrf_usbd_common/libdrivers__usb__common__nrf_usbd_common.a(nrf_usbd_common.c.obj)
                0x000000000002a1b8                nrf_usbd_common_irq_handler
 .text.nrf_usbd_common_ep_stall
                0x000000000002a650       0x10 zephyr/drivers/usb/common/nrf_usbd_common/libdrivers__usb__common__nrf_usbd_common.a(nrf_usbd_common.c.obj)
                0x000000000002a650                nrf_usbd_common_ep_stall
 .text.nrf_usbd_common_ep_stall_check
                0x000000000002a660       0x34 zephyr/drivers/usb/common/nrf_usbd_common/libdrivers__usb__common__nrf_usbd_common.a(nrf_usbd_common.c.obj)
                0x000000000002a660                nrf_usbd_common_ep_stall_check
 .text.nrf_usbd_common_ep_dtoggle_clear
                0x000000000002a694       0x14 zephyr/drivers/usb/common/nrf_usbd_common/libdrivers__usb__common__nrf_usbd_common.a(nrf_usbd_common.c.obj)
                0x000000000002a694                nrf_usbd_common_ep_dtoggle_clear
 .text.nrf_usbd_common_setup_get
                0x000000000002a6a8       0x44 zephyr/drivers/usb/common/nrf_usbd_common/libdrivers__usb__common__nrf_usbd_common.a(nrf_usbd_common.c.obj)
                0x000000000002a6a8                nrf_usbd_common_setup_get
 .text.nrf_usbd_common_setup_data_clear
                0x000000000002a6ec        0xc zephyr/drivers/usb/common/nrf_usbd_common/libdrivers__usb__common__nrf_usbd_common.a(nrf_usbd_common.c.obj)
                0x000000000002a6ec                nrf_usbd_common_setup_data_clear
 .text.nrf_usbd_common_setup_clear
                0x000000000002a6f8        0xc zephyr/drivers/usb/common/nrf_usbd_common/libdrivers__usb__common__nrf_usbd_common.a(nrf_usbd_common.c.obj)
                0x000000000002a6f8                nrf_usbd_common_setup_clear
 .text.nrf_usbd_common_setup_stall
                0x000000000002a704        0xc zephyr/drivers/usb/common/nrf_usbd_common/libdrivers__usb__common__nrf_usbd_common.a(nrf_usbd_common.c.obj)
                0x000000000002a704                nrf_usbd_common_setup_stall
 .text.nrf_usbd_common_last_setup_dir_get
                0x000000000002a710        0xc zephyr/drivers/usb/common/nrf_usbd_common/libdrivers__usb__common__nrf_usbd_common.a(nrf_usbd_common.c.obj)
                0x000000000002a710                nrf_usbd_common_last_setup_dir_get
 .text.nrf_usbd_common_transfer_out_drop
                0x000000000002a71c       0x50 zephyr/drivers/usb/common/nrf_usbd_common/libdrivers__usb__common__nrf_usbd_common.a(nrf_usbd_common.c.obj)
                0x000000000002a71c                nrf_usbd_common_transfer_out_drop
 .text.usbd_ep_abort
                0x000000000002a76c       0xf4 zephyr/drivers/usb/common/nrf_usbd_common/libdrivers__usb__common__nrf_usbd_common.a(nrf_usbd_common.c.obj)
 .text.nrf_usbd_common_ep_abort
                0x000000000002a860       0x34 zephyr/drivers/usb/common/nrf_usbd_common/libdrivers__usb__common__nrf_usbd_common.a(nrf_usbd_common.c.obj)
                0x000000000002a860                nrf_usbd_common_ep_abort
 .text.nrf_usbd_common_disable
                0x000000000002a894       0xd4 zephyr/drivers/usb/common/nrf_usbd_common/libdrivers__usb__common__nrf_usbd_common.a(nrf_usbd_common.c.obj)
                0x000000000002a894                nrf_usbd_common_disable
 .text.nrf_usbd_common_ep_disable
                0x000000000002a968       0x60 zephyr/drivers/usb/common/nrf_usbd_common/libdrivers__usb__common__nrf_usbd_common.a(nrf_usbd_common.c.obj)
                0x000000000002a968                nrf_usbd_common_ep_disable
 .text.nrf_usbd_common_ep_enable
                0x000000000002a9c8       0x74 zephyr/drivers/usb/common/nrf_usbd_common/libdrivers__usb__common__nrf_usbd_common.a(nrf_usbd_common.c.obj)
                0x000000000002a9c8                nrf_usbd_common_ep_enable
 .text.nrf_usbd_common_ep_stall_clear
                0x000000000002aa3c       0x20 zephyr/drivers/usb/common/nrf_usbd_common/libdrivers__usb__common__nrf_usbd_common.a(nrf_usbd_common.c.obj)
                0x000000000002aa3c                nrf_usbd_common_ep_stall_clear
 .text.adc_context_start_sampling
                0x000000000002aa5c       0x1c zephyr/drivers/adc/libdrivers__adc.a(adc_nrfx_saadc.c.obj)
 .text.adc_nrfx_channel_setup
                0x000000000002aa78       0xd8 zephyr/drivers/adc/libdrivers__adc.a(adc_nrfx_saadc.c.obj)
 .text.adc_nrfx_read
                0x000000000002ab50      0x180 zephyr/drivers/adc/libdrivers__adc.a(adc_nrfx_saadc.c.obj)
 .text.init_saadc
                0x000000000002acd0       0x44 zephyr/drivers/adc/libdrivers__adc.a(adc_nrfx_saadc.c.obj)
 .text.saadc_irq_handler
                0x000000000002ad14       0xcc zephyr/drivers/adc/libdrivers__adc.a(adc_nrfx_saadc.c.obj)
 .text.onoff_stop
                0x000000000002ade0       0x30 zephyr/drivers/clock_control/libdrivers__clock_control.a(clock_control_nrf.c.obj)
 .text.onoff_start
                0x000000000002ae10       0x44 zephyr/drivers/clock_control/libdrivers__clock_control.a(clock_control_nrf.c.obj)
 .text.clk_init
                0x000000000002ae54       0x58 zephyr/drivers/clock_control/libdrivers__clock_control.a(clock_control_nrf.c.obj)
 .text.clkstarted_handle.constprop.0
                0x000000000002aeac       0x34 zephyr/drivers/clock_control/libdrivers__clock_control.a(clock_control_nrf.c.obj)
 .text.clock_event_handler
                0x000000000002aee0       0x1c zephyr/drivers/clock_control/libdrivers__clock_control.a(clock_control_nrf.c.obj)
 .text.generic_hfclk_start
                0x000000000002aefc       0x64 zephyr/drivers/clock_control/libdrivers__clock_control.a(clock_control_nrf.c.obj)
 .text.api_blocking_start
                0x000000000002af60       0x34 zephyr/drivers/clock_control/libdrivers__clock_control.a(clock_control_nrf.c.obj)
 .text.generic_hfclk_stop
                0x000000000002af94       0x34 zephyr/drivers/clock_control/libdrivers__clock_control.a(clock_control_nrf.c.obj)
 .text.z_nrf_clock_control_get_onoff
                0x000000000002afc8       0x10 zephyr/drivers/clock_control/libdrivers__clock_control.a(clock_control_nrf.c.obj)
                0x000000000002afc8                z_nrf_clock_control_get_onoff
 .text.z_nrf_clock_control_lf_on
                0x000000000002afd8       0xfc zephyr/drivers/clock_control/libdrivers__clock_control.a(clock_control_nrf.c.obj)
                0x000000000002afd8                z_nrf_clock_control_lf_on
 .text.uart_console_init
                0x000000000002b0d4       0x28 zephyr/drivers/console/libdrivers__console.a(uart_console.c.obj)
 .text.console_out
                0x000000000002b0fc       0x28 zephyr/drivers/console/libdrivers__console.a(uart_console.c.obj)
 .text.gpio_nrfx_pin_interrupt_configure
                0x000000000002b124      0x100 zephyr/drivers/gpio/libdrivers__gpio.a(gpio_nrfx.c.obj)
 .text.gpio_nrfx_init
                0x000000000002b224       0x48 zephyr/drivers/gpio/libdrivers__gpio.a(gpio_nrfx.c.obj)
 .text.nrfx_gpio_handler
                0x000000000002b26c       0x4c zephyr/drivers/gpio/libdrivers__gpio.a(gpio_nrfx.c.obj)
 .text.gpio_nrfx_pin_configure
                0x000000000002b2b8      0x18c zephyr/drivers/gpio/libdrivers__gpio.a(gpio_nrfx.c.obj)
 .text.nrf_gpio_pin_port_decode
                0x000000000002b444       0x20 zephyr/drivers/pinctrl/libdrivers__pinctrl.a(pinctrl_nrf.c.obj)
 .text.pinctrl_configure_pins
                0x000000000002b464      0x1a8 zephyr/drivers/pinctrl/libdrivers__pinctrl.a(pinctrl_nrf.c.obj)
                0x000000000002b464                pinctrl_configure_pins
 .text.regulator_delay
                0x000000000002b60c       0x2c zephyr/drivers/regulator/libdrivers__regulator.a(regulator_common.c.obj)
 .text.uarte_0_init
                0x000000000002b638      0x258 zephyr/drivers/serial/libdrivers__serial.a(uart_nrfx_uarte.c.obj)
 .text.uarte_nrfx_poll_out
                0x000000000002b890       0x98 zephyr/drivers/serial/libdrivers__serial.a(uart_nrfx_uarte.c.obj)
 .text.compare_int_lock
                0x000000000002b928       0x48 zephyr/drivers/timer/libdrivers__timer.a(nrf_rtc_timer.c.obj)
 .text.sys_clock_timeout_handler
                0x000000000002b970       0x48 zephyr/drivers/timer/libdrivers__timer.a(nrf_rtc_timer.c.obj)
 .text.compare_int_unlock
                0x000000000002b9b8       0x5c zephyr/drivers/timer/libdrivers__timer.a(nrf_rtc_timer.c.obj)
 .text.z_nrf_rtc_timer_read
                0x000000000002ba14       0x44 zephyr/drivers/timer/libdrivers__timer.a(nrf_rtc_timer.c.obj)
                0x000000000002ba14                z_nrf_rtc_timer_read
 .text.compare_set
                0x000000000002ba58      0x130 zephyr/drivers/timer/libdrivers__timer.a(nrf_rtc_timer.c.obj)
 .text.sys_clock_driver_init
                0x000000000002bb88       0x90 zephyr/drivers/timer/libdrivers__timer.a(nrf_rtc_timer.c.obj)
 .text.rtc_nrf_isr
                0x000000000002bc18       0xd4 zephyr/drivers/timer/libdrivers__timer.a(nrf_rtc_timer.c.obj)
                0x000000000002bc18                rtc_nrf_isr
 .text.sys_clock_set_timeout
                0x000000000002bcec       0x5c zephyr/drivers/timer/libdrivers__timer.a(nrf_rtc_timer.c.obj)
                0x000000000002bcec                sys_clock_set_timeout
 .text.sys_clock_elapsed
                0x000000000002bd48       0x14 zephyr/drivers/timer/libdrivers__timer.a(nrf_rtc_timer.c.obj)
                0x000000000002bd48                sys_clock_elapsed
 .text.nrf52_errata_98
                0x000000000002bd5c       0x24 modules/hal_nordic/nrfx/libmodules__hal_nordic__nrfx.a(system_nrf52840.c.obj)
 .text.nvmc_wait
                0x000000000002bd80       0x10 modules/hal_nordic/nrfx/libmodules__hal_nordic__nrfx.a(system_nrf52840.c.obj)
                0x000000000002bd80                nvmc_wait
 .text.SystemInit
                0x000000000002bd90      0x1bc modules/hal_nordic/nrfx/libmodules__hal_nordic__nrfx.a(system_nrf52840.c.obj)
                0x000000000002bd90                SystemInit
 .text.nrfx_flag32_alloc
                0x000000000002bf4c       0x48 modules/hal_nordic/nrfx/libmodules__hal_nordic__nrfx.a(nrfx_flag32_allocator.c.obj)
                0x000000000002bf4c                nrfx_flag32_alloc
 .text.nrfx_flag32_free
                0x000000000002bf94       0x40 modules/hal_nordic/nrfx/libmodules__hal_nordic__nrfx.a(nrfx_flag32_allocator.c.obj)
                0x000000000002bf94                nrfx_flag32_free
 .text.nrfx_gppi_channels_enable
                0x000000000002bfd4        0xc modules/hal_nordic/nrfx/libmodules__hal_nordic__nrfx.a(nrfx_gppi_ppi.c.obj)
                0x000000000002bfd4                nrfx_gppi_channels_enable
 .text.clock_stop
                0x000000000002bfe0       0xc4 modules/hal_nordic/nrfx/libmodules__hal_nordic__nrfx.a(nrfx_clock.c.obj)
 .text.nrfx_clock_init
                0x000000000002c0a4       0x20 modules/hal_nordic/nrfx/libmodules__hal_nordic__nrfx.a(nrfx_clock.c.obj)
                0x000000000002c0a4                nrfx_clock_init
 .text.nrfx_clock_enable
                0x000000000002c0c4       0x30 modules/hal_nordic/nrfx/libmodules__hal_nordic__nrfx.a(nrfx_clock.c.obj)
                0x000000000002c0c4                nrfx_clock_enable
 .text.nrfx_clock_start
                0x000000000002c0f4       0xa8 modules/hal_nordic/nrfx/libmodules__hal_nordic__nrfx.a(nrfx_clock.c.obj)
                0x000000000002c0f4                nrfx_clock_start
 .text.nrfx_clock_irq_handler
                0x000000000002c19c       0x68 modules/hal_nordic/nrfx/libmodules__hal_nordic__nrfx.a(nrfx_clock.c.obj)
                0x000000000002c19c                nrfx_clock_irq_handler
 .text.nrf_gpio_pin_port_decode
                0x000000000002c204       0x20 modules/hal_nordic/nrfx/libmodules__hal_nordic__nrfx.a(nrfx_gpiote.c.obj)
 .text.get_pin_idx
                0x000000000002c224       0x14 modules/hal_nordic/nrfx/libmodules__hal_nordic__nrfx.a(nrfx_gpiote.c.obj)
 .text.call_handler.constprop.0
                0x000000000002c238       0x40 modules/hal_nordic/nrfx/libmodules__hal_nordic__nrfx.a(nrfx_gpiote.c.obj)
 .text.pin_te_get.constprop.0
                0x000000000002c278       0x18 modules/hal_nordic/nrfx/libmodules__hal_nordic__nrfx.a(nrfx_gpiote.c.obj)
 .text.pin_is_output.constprop.0
                0x000000000002c290       0x18 modules/hal_nordic/nrfx/libmodules__hal_nordic__nrfx.a(nrfx_gpiote.c.obj)
 .text.pin_in_use_by_te.constprop.0
                0x000000000002c2a8       0x18 modules/hal_nordic/nrfx/libmodules__hal_nordic__nrfx.a(nrfx_gpiote.c.obj)
 .text.latch_pending_read_and_check
                0x000000000002c2c0       0x40 modules/hal_nordic/nrfx/libmodules__hal_nordic__nrfx.a(nrfx_gpiote.c.obj)
 .text.release_handler.isra.0
                0x000000000002c300       0x58 modules/hal_nordic/nrfx/libmodules__hal_nordic__nrfx.a(nrfx_gpiote.c.obj)
 .text.__nrfy_internal_gpiote_events_process.constprop.0
                0x000000000002c358       0x5c modules/hal_nordic/nrfx/libmodules__hal_nordic__nrfx.a(nrfx_gpiote.c.obj)
 .text.pin_uninit
                0x000000000002c3b4       0x80 modules/hal_nordic/nrfx/libmodules__hal_nordic__nrfx.a(nrfx_gpiote.c.obj)
 .text.nrfx_gpiote_input_configure
                0x000000000002c434      0x174 modules/hal_nordic/nrfx/libmodules__hal_nordic__nrfx.a(nrfx_gpiote.c.obj)
                0x000000000002c434                nrfx_gpiote_input_configure
 .text.nrfx_gpiote_output_configure
                0x000000000002c5a8       0xfc modules/hal_nordic/nrfx/libmodules__hal_nordic__nrfx.a(nrfx_gpiote.c.obj)
                0x000000000002c5a8                nrfx_gpiote_output_configure
 .text.nrfx_gpiote_global_callback_set
                0x000000000002c6a4        0xc modules/hal_nordic/nrfx/libmodules__hal_nordic__nrfx.a(nrfx_gpiote.c.obj)
                0x000000000002c6a4                nrfx_gpiote_global_callback_set
 .text.nrfx_gpiote_channel_get
                0x000000000002c6b0       0x34 modules/hal_nordic/nrfx/libmodules__hal_nordic__nrfx.a(nrfx_gpiote.c.obj)
                0x000000000002c6b0                nrfx_gpiote_channel_get
 .text.nrfx_gpiote_init
                0x000000000002c6e4       0x70 modules/hal_nordic/nrfx/libmodules__hal_nordic__nrfx.a(nrfx_gpiote.c.obj)
                0x000000000002c6e4                nrfx_gpiote_init
 .text.nrfx_gpiote_init_check
                0x000000000002c754       0x14 modules/hal_nordic/nrfx/libmodules__hal_nordic__nrfx.a(nrfx_gpiote.c.obj)
                0x000000000002c754                nrfx_gpiote_init_check
 .text.nrfx_gpiote_channel_free
                0x000000000002c768        0xc modules/hal_nordic/nrfx/libmodules__hal_nordic__nrfx.a(nrfx_gpiote.c.obj)
                0x000000000002c768                nrfx_gpiote_channel_free
 .text.nrfx_gpiote_channel_alloc
                0x000000000002c774        0xc modules/hal_nordic/nrfx/libmodules__hal_nordic__nrfx.a(nrfx_gpiote.c.obj)
                0x000000000002c774                nrfx_gpiote_channel_alloc
 .text.nrfx_gpiote_trigger_enable
                0x000000000002c780       0x9c modules/hal_nordic/nrfx/libmodules__hal_nordic__nrfx.a(nrfx_gpiote.c.obj)
                0x000000000002c780                nrfx_gpiote_trigger_enable
 .text.nrfx_gpiote_0_irq_handler
                0x000000000002c81c      0x1bc modules/hal_nordic/nrfx/libmodules__hal_nordic__nrfx.a(nrfx_gpiote.c.obj)
                0x000000000002c81c                nrfx_gpiote_0_irq_handler
 .text.nrfx_power_init
                0x000000000002c9d8       0x74 modules/hal_nordic/nrfx/libmodules__hal_nordic__nrfx.a(nrfx_power.c.obj)
                0x000000000002c9d8                nrfx_power_init
 .text.nrfx_power_usbevt_uninit
                0x000000000002ca4c       0x18 modules/hal_nordic/nrfx/libmodules__hal_nordic__nrfx.a(nrfx_power.c.obj)
                0x000000000002ca4c                nrfx_power_usbevt_uninit
 .text.nrfx_power_usbevt_init
                0x000000000002ca64       0x14 modules/hal_nordic/nrfx/libmodules__hal_nordic__nrfx.a(nrfx_power.c.obj)
                0x000000000002ca64                nrfx_power_usbevt_init
 .text.nrfx_power_irq_handler
                0x000000000002ca78       0xa0 modules/hal_nordic/nrfx/libmodules__hal_nordic__nrfx.a(nrfx_power.c.obj)
                0x000000000002ca78                nrfx_power_irq_handler
 .text.nrfx_ppi_channel_alloc
                0x000000000002cb18        0xc modules/hal_nordic/nrfx/libmodules__hal_nordic__nrfx.a(nrfx_ppi.c.obj)
                0x000000000002cb18                nrfx_ppi_channel_alloc
 .text.z_fatal_error
                0x000000000002cb24       0x30 zephyr/kernel/libkernel.a(fatal.c.obj)
                0x000000000002cb24                z_fatal_error
 .text.z_sys_init_run_level
                0x000000000002cb54       0x48 zephyr/kernel/libkernel.a(init.c.obj)
 .text.bg_thread_main
                0x000000000002cb9c       0x34 zephyr/kernel/libkernel.a(init.c.obj)
 .text.z_bss_zero
                0x000000000002cbd0       0x18 zephyr/kernel/libkernel.a(init.c.obj)
                0x000000000002cbd0                z_bss_zero
 .text.z_init_cpu
                0x000000000002cbe8       0x8c zephyr/kernel/libkernel.a(init.c.obj)
                0x000000000002cbe8                z_init_cpu
 .text.z_cstart
                0x000000000002cc74       0xdc zephyr/kernel/libkernel.a(init.c.obj)
                0x000000000002cc74                z_cstart
 .text.init_mem_slab_obj_core_list
                0x000000000002cd50       0x24 zephyr/kernel/libkernel.a(mem_slab.c.obj)
 .text.k_mem_slab_alloc
                0x000000000002cd74       0x5c zephyr/kernel/libkernel.a(mem_slab.c.obj)
                0x000000000002cd74                k_mem_slab_alloc
 .text.z_setup_new_thread
                0x000000000002cdd0       0x90 zephyr/kernel/libkernel.a(thread.c.obj)
                0x000000000002cdd0                z_setup_new_thread
 .text.z_impl_k_thread_create
                0x000000000002ce60       0x58 zephyr/kernel/libkernel.a(thread.c.obj)
                0x000000000002ce60                z_impl_k_thread_create
 .text.z_init_static_threads
                0x000000000002ceb8       0x98 zephyr/kernel/libkernel.a(thread.c.obj)
                0x000000000002ceb8                z_init_static_threads
 .text.sliceable
                0x000000000002cf50       0x3c zephyr/kernel/libkernel.a(sched.c.obj)
 .text.slice_timeout
                0x000000000002cf8c       0x20 zephyr/kernel/libkernel.a(sched.c.obj)
 .text.z_reset_time_slice
                0x000000000002cfac       0x50 zephyr/kernel/libkernel.a(sched.c.obj)
                0x000000000002cfac                z_reset_time_slice
 .text.update_cache
                0x000000000002cffc       0x3c zephyr/kernel/libkernel.a(sched.c.obj)
 .text.move_thread_to_end_of_prio_q
                0x000000000002d038       0x74 zephyr/kernel/libkernel.a(sched.c.obj)
 .text.ready_thread
                0x000000000002d0ac       0x68 zephyr/kernel/libkernel.a(sched.c.obj)
 .text.unready_thread
                0x000000000002d114       0x30 zephyr/kernel/libkernel.a(sched.c.obj)
 .text.pend_locked
                0x000000000002d144       0x30 zephyr/kernel/libkernel.a(sched.c.obj)
 .text.z_thread_halt
                0x000000000002d174       0xa0 zephyr/kernel/libkernel.a(sched.c.obj)
 .text.z_time_slice
                0x000000000002d214       0x60 zephyr/kernel/libkernel.a(sched.c.obj)
                0x000000000002d214                z_time_slice
 .text.z_pend_curr
                0x000000000002d274       0x3c zephyr/kernel/libkernel.a(sched.c.obj)
                0x000000000002d274                z_pend_curr
 .text.z_set_prio
                0x000000000002d2b0       0x8c zephyr/kernel/libkernel.a(sched.c.obj)
                0x000000000002d2b0                z_set_prio
 .text.z_reschedule
                0x000000000002d33c       0x24 zephyr/kernel/libkernel.a(sched.c.obj)
                0x000000000002d33c                z_reschedule
 .text.z_sched_start
                0x000000000002d360       0x3c zephyr/kernel/libkernel.a(sched.c.obj)
                0x000000000002d360                z_sched_start
 .text.z_reschedule_irqlock
                0x000000000002d39c       0x28 zephyr/kernel/libkernel.a(sched.c.obj)
                0x000000000002d39c                z_reschedule_irqlock
 .text.k_sched_lock
                0x000000000002d3c4       0x28 zephyr/kernel/libkernel.a(sched.c.obj)
                0x000000000002d3c4                k_sched_lock
 .text.k_sched_unlock
                0x000000000002d3ec       0x38 zephyr/kernel/libkernel.a(sched.c.obj)
                0x000000000002d3ec                k_sched_unlock
 .text.z_sched_init
                0x000000000002d424       0x10 zephyr/kernel/libkernel.a(sched.c.obj)
                0x000000000002d424                z_sched_init
 .text.z_impl_k_yield
                0x000000000002d434       0x7c zephyr/kernel/libkernel.a(sched.c.obj)
                0x000000000002d434                z_impl_k_yield
 .text.z_tick_sleep
                0x000000000002d4b0       0x88 zephyr/kernel/libkernel.a(sched.c.obj)
 .text.z_impl_k_sleep
                0x000000000002d538       0x3c zephyr/kernel/libkernel.a(sched.c.obj)
                0x000000000002d538                z_impl_k_sleep
 .text.z_impl_k_usleep
                0x000000000002d574       0x3c zephyr/kernel/libkernel.a(sched.c.obj)
                0x000000000002d574                z_impl_k_usleep
 .text.z_impl_k_sched_current_thread_query
                0x000000000002d5b0        0xc zephyr/kernel/libkernel.a(sched.c.obj)
                0x000000000002d5b0                z_impl_k_sched_current_thread_query
 .text.z_sched_wait
                0x000000000002d5bc       0x24 zephyr/kernel/libkernel.a(sched.c.obj)
                0x000000000002d5bc                z_sched_wait
 .text.z_impl_k_mutex_unlock
                0x000000000002d5e0       0x78 zephyr/kernel/libkernel.a(mutex.c.obj)
                0x000000000002d5e0                z_impl_k_mutex_unlock
 .text.z_impl_k_mutex_lock
                0x000000000002d658       0xf4 zephyr/kernel/libkernel.a(mutex.c.obj)
                0x000000000002d658                z_impl_k_mutex_lock
 .text.z_impl_k_queue_get
                0x000000000002d74c       0x68 zephyr/kernel/libkernel.a(queue.c.obj)
                0x000000000002d74c                z_impl_k_queue_get
 .text.z_impl_k_sem_give
                0x000000000002d7b4       0x48 zephyr/kernel/libkernel.a(sem.c.obj)
                0x000000000002d7b4                z_impl_k_sem_give
 .text.z_impl_k_sem_take
                0x000000000002d7fc       0x50 zephyr/kernel/libkernel.a(sem.c.obj)
                0x000000000002d7fc                z_impl_k_sem_take
 .text.work_queue_main
                0x000000000002d84c      0x14c zephyr/kernel/libkernel.a(work.c.obj)
 .text.submit_to_queue_locked
                0x000000000002d998       0xb4 zephyr/kernel/libkernel.a(work.c.obj)
 .text.k_work_queue_start
                0x000000000002da4c       0x70 zephyr/kernel/libkernel.a(work.c.obj)
                0x000000000002da4c                k_work_queue_start
 .text.k_work_schedule_for_queue
                0x000000000002dabc       0x54 zephyr/kernel/libkernel.a(work.c.obj)
                0x000000000002dabc                k_work_schedule_for_queue
 .text.z_data_copy
                0x000000000002db10       0x34 zephyr/kernel/libkernel.a(xip.c.obj)
                0x000000000002db10                z_data_copy
 .text.elapsed  0x000000000002db44       0x14 zephyr/kernel/libkernel.a(timeout.c.obj)
 .text.next_timeout
                0x000000000002db58       0x40 zephyr/kernel/libkernel.a(timeout.c.obj)
 .text.remove_timeout
                0x000000000002db98       0x38 zephyr/kernel/libkernel.a(timeout.c.obj)
 .text.z_add_timeout
                0x000000000002dbd0       0xec zephyr/kernel/libkernel.a(timeout.c.obj)
                0x000000000002dbd0                z_add_timeout
 .text.sys_clock_announce
                0x000000000002dcbc       0xd4 zephyr/kernel/libkernel.a(timeout.c.obj)
                0x000000000002dcbc                sys_clock_announce
 .text.sys_clock_tick_get
                0x000000000002dd90       0x34 zephyr/kernel/libkernel.a(timeout.c.obj)
                0x000000000002dd90                sys_clock_tick_get
 .text.z_timer_expiration_handler
                0x000000000002ddc4       0xe4 zephyr/kernel/libkernel.a(timer.c.obj)
                0x000000000002ddc4                z_timer_expiration_handler
 .text.z_impl_k_timer_start
                0x000000000002dea8       0x74 zephyr/kernel/libkernel.a(timer.c.obj)
                0x000000000002dea8                z_impl_k_timer_start
 .text.z_thread_aligned_alloc
                0x000000000002df1c       0x40 zephyr/kernel/libkernel.a(mempool.c.obj)
                0x000000000002df1c                z_thread_aligned_alloc
 .text.boot_banner
                0x000000000002df5c       0x24 zephyr/kernel/libkernel.a(banner.c.obj)
                0x000000000002df5c                boot_banner
 .text.statics_init
                0x000000000002df80       0x24 zephyr/kernel/libkernel.a(kheap.c.obj)
 .text.k_sys_work_q_init
                0x000000000002dfa4       0x34 zephyr/kernel/libkernel.a(system_work_q.c.obj)
 .text.puts     0x000000000002dfd8       0x40 /Users/lucasmichel/zephyr-sdk-0.16.5-1/arm-zephyr-eabi/bin/../lib/gcc/../../picolibc/arm-zephyr-eabi/lib/thumb/v7e-m/nofp/libc.a(libc_tinystdio_puts.c.o)
                0x000000000002dfd8                puts
 .text.__l_vfprintf
                0x000000000002e018      0x4b8 /Users/lucasmichel/zephyr-sdk-0.16.5-1/arm-zephyr-eabi/bin/../lib/gcc/../../picolibc/arm-zephyr-eabi/lib/thumb/v7e-m/nofp/libc.a(libc_tinystdio_vflprintf.c.o)
                0x000000000002e018                __l_vfprintf
 .text._OffsetAbsSyms
                0x000000000002e4d0        0x2 zephyr/CMakeFiles/offsets.dir/./arch/arm/core/offsets/offsets.c.obj
                0x000000000002e4d0                _OffsetAbsSyms
 .text.chunk_size
                0x000000000002e4d2        0xa zephyr/libzephyr.a(heap.c.obj)
 .text.free_list_add
                0x000000000002e4dc       0x4e zephyr/libzephyr.a(heap.c.obj)
 .text.free_list_remove_bidx
                0x000000000002e52a       0x3a zephyr/libzephyr.a(heap.c.obj)
 .text.free_list_remove
                0x000000000002e564       0x1a zephyr/libzephyr.a(heap.c.obj)
 .text.alloc_chunk
                0x000000000002e57e       0x6e zephyr/libzephyr.a(heap.c.obj)
 .text.merge_chunks
                0x000000000002e5ec       0x2c zephyr/libzephyr.a(heap.c.obj)
 .text.split_chunks
                0x000000000002e618       0x34 zephyr/libzephyr.a(heap.c.obj)
 .text.free_chunk
                0x000000000002e64c       0x62 zephyr/libzephyr.a(heap.c.obj)
 .text.sys_heap_free
                0x000000000002e6ae       0x1e zephyr/libzephyr.a(heap.c.obj)
                0x000000000002e6ae                sys_heap_free
 .text.sys_heap_alloc
                0x000000000002e6cc       0x52 zephyr/libzephyr.a(heap.c.obj)
                0x000000000002e6cc                sys_heap_alloc
 .text.sys_heap_aligned_alloc
                0x000000000002e71e       0xd0 zephyr/libzephyr.a(heap.c.obj)
                0x000000000002e71e                sys_heap_aligned_alloc
 .text.sys_heap_init
                0x000000000002e7ee       0x7a zephyr/libzephyr.a(heap.c.obj)
                0x000000000002e7ee                sys_heap_init
 .text.arch_printk_char_out
                0x000000000002e868        0x4 zephyr/libzephyr.a(printk.c.obj)
                0x000000000002e868                arch_printk_char_out
 .text.printk   0x000000000002e86c       0x1a zephyr/libzephyr.a(printk.c.obj)
                0x000000000002e86c                printk
 .text.sys_slist_find_and_remove
                0x000000000002e886       0x36 zephyr/libzephyr.a(onoff.c.obj)
 .text.process_recheck
                0x000000000002e8bc       0x38 zephyr/libzephyr.a(onoff.c.obj)
 .text.validate_args
                0x000000000002e8f4       0x20 zephyr/libzephyr.a(onoff.c.obj)
 .text.notify_one
                0x000000000002e914       0x2c zephyr/libzephyr.a(onoff.c.obj)
 .text.transition_complete
                0x000000000002e940       0x1c zephyr/libzephyr.a(onoff.c.obj)
 .text.onoff_manager_init
                0x000000000002e95c       0x26 zephyr/libzephyr.a(onoff.c.obj)
                0x000000000002e95c                onoff_manager_init
 .text.onoff_request
                0x000000000002e982       0xb0 zephyr/libzephyr.a(onoff.c.obj)
                0x000000000002e982                onoff_request
 .text.onoff_release
                0x000000000002ea32       0x4a zephyr/libzephyr.a(onoff.c.obj)
                0x000000000002ea32                onoff_release
 .text.onoff_cancel
                0x000000000002ea7c       0x38 zephyr/libzephyr.a(onoff.c.obj)
                0x000000000002ea7c                onoff_cancel
 .text.sys_notify_validate
                0x000000000002eab4       0x22 zephyr/libzephyr.a(notify.c.obj)
                0x000000000002eab4                sys_notify_validate
 .text.sys_notify_finalize
                0x000000000002ead6       0x1a zephyr/libzephyr.a(notify.c.obj)
                0x000000000002ead6                sys_notify_finalize
 .text.ring_buf_put_claim
                0x000000000002eaf0       0x3e zephyr/libzephyr.a(ring_buffer.c.obj)
                0x000000000002eaf0                ring_buf_put_claim
 .text.ring_buf_put_finish
                0x000000000002eb2e       0x2a zephyr/libzephyr.a(ring_buffer.c.obj)
                0x000000000002eb2e                ring_buf_put_finish
 .text.ring_buf_put
                0x000000000002eb58       0x3e zephyr/libzephyr.a(ring_buffer.c.obj)
                0x000000000002eb58                ring_buf_put
 .text.ring_buf_get_claim
                0x000000000002eb96       0x40 zephyr/libzephyr.a(ring_buffer.c.obj)
                0x000000000002eb96                ring_buf_get_claim
 .text.ring_buf_get_finish
                0x000000000002ebd6       0x2a zephyr/libzephyr.a(ring_buffer.c.obj)
                0x000000000002ebd6                ring_buf_get_finish
 .text.ring_buf_get
                0x000000000002ec00       0x40 zephyr/libzephyr.a(ring_buffer.c.obj)
                0x000000000002ec00                ring_buf_get
 .text._ConfigAbsSyms
                0x000000000002ec40        0x2 zephyr/libzephyr.a(configs.c.obj)
                0x000000000002ec40                _ConfigAbsSyms
 .text.get_ep_bm_from_addr
                0x000000000002ec42       0x1c zephyr/libzephyr.a(usb_device.c.obj)
 .text.usb_write
                0x000000000002ec5e       0x30 zephyr/libzephyr.a(usb_device.c.obj)
                0x000000000002ec5e                usb_write
 .text.usb_get_dev_data_by_cfg
                0x000000000002ec8e       0x18 zephyr/libzephyr.a(usb_descriptor.c.obj)
                0x000000000002ec8e                usb_get_dev_data_by_cfg
 .text.usb_get_dev_data_by_iface
                0x000000000002eca6       0x1c zephyr/libzephyr.a(usb_descriptor.c.obj)
                0x000000000002eca6                usb_get_dev_data_by_iface
 .text.usb_get_dev_data_by_ep
                0x000000000002ecc2       0x2c zephyr/libzephyr.a(usb_descriptor.c.obj)
                0x000000000002ecc2                usb_get_dev_data_by_ep
 .text.usb_transfer_is_busy
                0x000000000002ecee       0x16 zephyr/libzephyr.a(usb_transfer.c.obj)
                0x000000000002ecee                usb_transfer_is_busy
 .text.cdc_interface_config
                0x000000000002ed04       0x14 zephyr/libzephyr.a(cdc_acm.c.obj)
 .text.cdc_acm_irq_callback_work_handler
                0x000000000002ed18        0xa zephyr/libzephyr.a(cdc_acm.c.obj)
 .text.cdc_acm_irq_tx_disable
                0x000000000002ed22        0xa zephyr/libzephyr.a(cdc_acm.c.obj)
 .text.cdc_acm_irq_tx_ready
                0x000000000002ed2c        0xe zephyr/libzephyr.a(cdc_acm.c.obj)
 .text.cdc_acm_irq_rx_disable
                0x000000000002ed3a        0xa zephyr/libzephyr.a(cdc_acm.c.obj)
 .text.cdc_acm_irq_rx_ready
                0x000000000002ed44        0x8 zephyr/libzephyr.a(cdc_acm.c.obj)
 .text.cdc_acm_irq_is_pending
                0x000000000002ed4c       0x1e zephyr/libzephyr.a(cdc_acm.c.obj)
 .text.cdc_acm_irq_update
                0x000000000002ed6a        0x4 zephyr/libzephyr.a(cdc_acm.c.obj)
 .text.cdc_acm_irq_callback_set
                0x000000000002ed6e        0x8 zephyr/libzephyr.a(cdc_acm.c.obj)
 .text.cdc_acm_fifo_read
                0x000000000002ed76       0x54 zephyr/libzephyr.a(cdc_acm.c.obj)
 .text.cdc_acm_poll_in
                0x000000000002edca       0x12 zephyr/libzephyr.a(cdc_acm.c.obj)
 .text.z_arm_fatal_error
                0x000000000002eddc        0x4 zephyr/arch/arch/arm/core/libarch__arm__core.a(fatal.c.obj)
                0x000000000002eddc                z_arm_fatal_error
 .text.z_do_kernel_oops
                0x000000000002ede0        0x8 zephyr/arch/arch/arm/core/libarch__arm__core.a(fatal.c.obj)
                0x000000000002ede0                z_do_kernel_oops
 .text.z_arm_nmi
                0x000000000002ede8        0xe zephyr/arch/arch/arm/core/libarch__arm__core.a(nmi.c.obj)
                0x000000000002ede8                z_arm_nmi
 .text.z_irq_spurious
                0x000000000002edf6        0x8 zephyr/arch/arch/arm/core/cortex_m/libarch__arm__core__cortex_m.a(irq_manage.c.obj)
                0x000000000002edf6                z_irq_spurious
 .text.size_to_mpu_rasr_size
                0x000000000002edfe       0x20 zephyr/arch/arch/arm/core/mpu/libarch__arm__core__mpu.a(arm_mpu.c.obj)
 .text.picolibc_put
                0x000000000002ee1e        0xa zephyr/lib/libc/picolibc/liblib__libc__picolibc.a(libc-hooks.c.obj)
 .text.ep_ctx_reset
                0x000000000002ee28       0x26 zephyr/drivers/usb/device/libdrivers__usb__device.a(usb_dc_nrfx.c.obj)
 .text.k_mutex_lock.constprop.0.isra.0
                0x000000000002ee4e        0x4 zephyr/drivers/usb/device/libdrivers__usb__device.a(usb_dc_nrfx.c.obj)
 .text.k_mutex_unlock.isra.0
                0x000000000002ee52        0x4 zephyr/drivers/usb/device/libdrivers__usb__device.a(usb_dc_nrfx.c.obj)
 .text.usb_dc_ep_check_cap
                0x000000000002ee56       0x2a zephyr/drivers/usb/device/libdrivers__usb__device.a(usb_dc_nrfx.c.obj)
                0x000000000002ee56                usb_dc_ep_check_cap
 .text.usb_dc_ep_disable
                0x000000000002ee80       0x32 zephyr/drivers/usb/device/libdrivers__usb__device.a(usb_dc_nrfx.c.obj)
                0x000000000002ee80                usb_dc_ep_disable
 .text.usb_dc_ep_read
                0x000000000002eeb2       0x1e zephyr/drivers/usb/device/libdrivers__usb__device.a(usb_dc_nrfx.c.obj)
                0x000000000002eeb2                usb_dc_ep_read
 .text.ep2bit   0x000000000002eed0       0x10 zephyr/drivers/usb/common/nrf_usbd_common/libdrivers__usb__common__nrf_usbd_common.a(nrf_usbd_common.c.obj)
 .text.nrf_usbd_common_ep_max_packet_size_set
                0x000000000002eee0        0xa zephyr/drivers/usb/common/nrf_usbd_common/libdrivers__usb__common__nrf_usbd_common.a(nrf_usbd_common.c.obj)
                0x000000000002eee0                nrf_usbd_common_ep_max_packet_size_set
 .text.nrf_usbd_common_ep_status_get
                0x000000000002eeea       0x2e zephyr/drivers/usb/common/nrf_usbd_common/libdrivers__usb__common__nrf_usbd_common.a(nrf_usbd_common.c.obj)
                0x000000000002eeea                nrf_usbd_common_ep_status_get
 .text.adc_context_on_timer_expired
                0x000000000002ef18       0x2e zephyr/drivers/adc/libdrivers__adc.a(adc_nrfx_saadc.c.obj)
 .text.get_status
                0x000000000002ef46       0x12 zephyr/drivers/clock_control/libdrivers__clock_control.a(clock_control_nrf.c.obj)
 .text.set_on_state
                0x000000000002ef58       0x26 zephyr/drivers/clock_control/libdrivers__clock_control.a(clock_control_nrf.c.obj)
 .text.stop     0x000000000002ef7e       0x54 zephyr/drivers/clock_control/libdrivers__clock_control.a(clock_control_nrf.c.obj)
 .text.api_stop
                0x000000000002efd2        0x6 zephyr/drivers/clock_control/libdrivers__clock_control.a(clock_control_nrf.c.obj)
 .text.async_start
                0x000000000002efd8       0x5e zephyr/drivers/clock_control/libdrivers__clock_control.a(clock_control_nrf.c.obj)
 .text.api_start
                0x000000000002f036        0xe zephyr/drivers/clock_control/libdrivers__clock_control.a(clock_control_nrf.c.obj)
 .text.onoff_started_callback
                0x000000000002f044       0x12 zephyr/drivers/clock_control/libdrivers__clock_control.a(clock_control_nrf.c.obj)
 .text.lfclk_start
                0x000000000002f056        0x6 zephyr/drivers/clock_control/libdrivers__clock_control.a(clock_control_nrf.c.obj)
 .text.lfclk_stop
                0x000000000002f05c        0x6 zephyr/drivers/clock_control/libdrivers__clock_control.a(clock_control_nrf.c.obj)
 .text.blocking_start_callback
                0x000000000002f062        0x6 zephyr/drivers/clock_control/libdrivers__clock_control.a(clock_control_nrf.c.obj)
 .text.gpio_nrfx_port_get_raw
                0x000000000002f068        0xe zephyr/drivers/gpio/libdrivers__gpio.a(gpio_nrfx.c.obj)
 .text.gpio_nrfx_port_set_masked_raw
                0x000000000002f076       0x18 zephyr/drivers/gpio/libdrivers__gpio.a(gpio_nrfx.c.obj)
 .text.gpio_nrfx_port_set_bits_raw
                0x000000000002f08e        0xc zephyr/drivers/gpio/libdrivers__gpio.a(gpio_nrfx.c.obj)
 .text.gpio_nrfx_port_clear_bits_raw
                0x000000000002f09a        0xc zephyr/drivers/gpio/libdrivers__gpio.a(gpio_nrfx.c.obj)
 .text.gpio_nrfx_port_toggle_bits
                0x000000000002f0a6       0x1a zephyr/drivers/gpio/libdrivers__gpio.a(gpio_nrfx.c.obj)
 .text.gpio_nrfx_manage_callback
                0x000000000002f0c0       0x52 zephyr/drivers/gpio/libdrivers__gpio.a(gpio_nrfx.c.obj)
 .text.z_impl_hwinfo_get_device_id
                0x000000000002f112       0x28 zephyr/drivers/hwinfo/libdrivers__hwinfo.a(hwinfo_nrf.c.obj)
                0x000000000002f112                z_impl_hwinfo_get_device_id
 .text.pinctrl_lookup_state
                0x000000000002f13a       0x26 zephyr/drivers/pinctrl/libdrivers__pinctrl.a(common.c.obj)
                0x000000000002f13a                pinctrl_lookup_state
 .text.regulator_common_data_init
                0x000000000002f160       0x10 zephyr/drivers/regulator/libdrivers__regulator.a(regulator_common.c.obj)
                0x000000000002f160                regulator_common_data_init
 .text.regulator_set_voltage
                0x000000000002f170       0x28 zephyr/drivers/regulator/libdrivers__regulator.a(regulator_common.c.obj)
                0x000000000002f170                regulator_set_voltage
 .text.regulator_set_current_limit
                0x000000000002f198       0x28 zephyr/drivers/regulator/libdrivers__regulator.a(regulator_common.c.obj)
                0x000000000002f198                regulator_set_current_limit
 .text.regulator_set_mode
                0x000000000002f1c0       0x3e zephyr/drivers/regulator/libdrivers__regulator.a(regulator_common.c.obj)
                0x000000000002f1c0                regulator_set_mode
 .text.regulator_common_init
                0x000000000002f1fe       0xda zephyr/drivers/regulator/libdrivers__regulator.a(regulator_common.c.obj)
                0x000000000002f1fe                regulator_common_init
 .text.gpio_pin_set
                0x000000000002f2d8       0x20 zephyr/drivers/regulator/libdrivers__regulator.a(regulator_fixed.c.obj)
 .text.regulator_fixed_enable
                0x000000000002f2f8       0x1e zephyr/drivers/regulator/libdrivers__regulator.a(regulator_fixed.c.obj)
 .text.regulator_fixed_count_voltages
                0x000000000002f316        0xe zephyr/drivers/regulator/libdrivers__regulator.a(regulator_fixed.c.obj)
 .text.regulator_fixed_list_voltage
                0x000000000002f324       0x1a zephyr/drivers/regulator/libdrivers__regulator.a(regulator_fixed.c.obj)
 .text.regulator_fixed_init
                0x000000000002f33e       0x56 zephyr/drivers/regulator/libdrivers__regulator.a(regulator_fixed.c.obj)
 .text.regulator_fixed_disable
                0x000000000002f394       0x16 zephyr/drivers/regulator/libdrivers__regulator.a(regulator_fixed.c.obj)
 .text.uarte_nrfx_err_check
                0x000000000002f3aa        0xe zephyr/drivers/serial/libdrivers__serial.a(uart_nrfx_uarte.c.obj)
 .text.tx_start
                0x000000000002f3b8       0x3e zephyr/drivers/serial/libdrivers__serial.a(uart_nrfx_uarte.c.obj)
 .text.uarte_nrfx_poll_in
                0x000000000002f3f6       0x28 zephyr/drivers/serial/libdrivers__serial.a(uart_nrfx_uarte.c.obj)
 .text.uarte_nrfx_fifo_read
                0x000000000002f41e       0x2e zephyr/drivers/serial/libdrivers__serial.a(uart_nrfx_uarte.c.obj)
 .text.uarte_nrfx_irq_tx_enable
                0x000000000002f44c       0x2e zephyr/drivers/serial/libdrivers__serial.a(uart_nrfx_uarte.c.obj)
 .text.uarte_nrfx_irq_tx_disable
                0x000000000002f47a        0xa zephyr/drivers/serial/libdrivers__serial.a(uart_nrfx_uarte.c.obj)
 .text.uarte_nrfx_irq_tx_ready_complete
                0x000000000002f484       0x2a zephyr/drivers/serial/libdrivers__serial.a(uart_nrfx_uarte.c.obj)
 .text.uarte_nrfx_irq_rx_ready
                0x000000000002f4ae       0x10 zephyr/drivers/serial/libdrivers__serial.a(uart_nrfx_uarte.c.obj)
 .text.uarte_nrfx_irq_rx_enable
                0x000000000002f4be        0xc zephyr/drivers/serial/libdrivers__serial.a(uart_nrfx_uarte.c.obj)
 .text.uarte_nrfx_irq_rx_disable
                0x000000000002f4ca        0xc zephyr/drivers/serial/libdrivers__serial.a(uart_nrfx_uarte.c.obj)
 .text.uarte_nrfx_irq_err_enable
                0x000000000002f4d6        0xe zephyr/drivers/serial/libdrivers__serial.a(uart_nrfx_uarte.c.obj)
 .text.uarte_nrfx_irq_err_disable
                0x000000000002f4e4        0xe zephyr/drivers/serial/libdrivers__serial.a(uart_nrfx_uarte.c.obj)
 .text.uarte_nrfx_irq_is_pending
                0x000000000002f4f2       0x36 zephyr/drivers/serial/libdrivers__serial.a(uart_nrfx_uarte.c.obj)
 .text.uarte_nrfx_irq_update
                0x000000000002f528        0x4 zephyr/drivers/serial/libdrivers__serial.a(uart_nrfx_uarte.c.obj)
 .text.uarte_nrfx_irq_callback_set
                0x000000000002f52c        0xc zephyr/drivers/serial/libdrivers__serial.a(uart_nrfx_uarte.c.obj)
 .text.is_tx_ready.isra.0
                0x000000000002f538       0x20 zephyr/drivers/serial/libdrivers__serial.a(uart_nrfx_uarte.c.obj)
 .text.uarte_nrfx_fifo_fill
                0x000000000002f558       0x78 zephyr/drivers/serial/libdrivers__serial.a(uart_nrfx_uarte.c.obj)
 .text.uarte_nrfx_isr_int
                0x000000000002f5d0       0xc0 zephyr/drivers/serial/libdrivers__serial.a(uart_nrfx_uarte.c.obj)
 .text.event_clear
                0x000000000002f690       0x18 zephyr/drivers/timer/libdrivers__timer.a(nrf_rtc_timer.c.obj)
 .text.nrfx_isr
                0x000000000002f6a8        0x2 modules/hal_nordic/nrfx/libmodules__hal_nordic__nrfx.a(nrfx_glue.c.obj)
                0x000000000002f6a8                nrfx_isr
 .text.nrfx_busy_wait
                0x000000000002f6aa        0x4 modules/hal_nordic/nrfx/libmodules__hal_nordic__nrfx.a(nrfx_glue.c.obj)
                0x000000000002f6aa                nrfx_busy_wait
 .text.nrfx_gppi_channel_endpoints_setup
                0x000000000002f6ae       0x14 modules/hal_nordic/nrfx/libmodules__hal_nordic__nrfx.a(nrfx_gppi_ppi.c.obj)
                0x000000000002f6ae                nrfx_gppi_channel_endpoints_setup
 .text.nrfx_clock_stop
                0x000000000002f6c2        0x4 modules/hal_nordic/nrfx/libmodules__hal_nordic__nrfx.a(nrfx_clock.c.obj)
                0x000000000002f6c2                nrfx_clock_stop
 .text.nrf_gpio_reconfigure
                0x000000000002f6c6       0x92 modules/hal_nordic/nrfx/libmodules__hal_nordic__nrfx.a(nrfx_gpiote.c.obj)
 .text.nrf_gpio_cfg_sense_set
                0x000000000002f758       0x1e modules/hal_nordic/nrfx/libmodules__hal_nordic__nrfx.a(nrfx_gpiote.c.obj)
 .text.pin_trigger_disable
                0x000000000002f776       0x48 modules/hal_nordic/nrfx/libmodules__hal_nordic__nrfx.a(nrfx_gpiote.c.obj)
 .text.nrfx_gpiote_pin_uninit
                0x000000000002f7be        0x4 modules/hal_nordic/nrfx/libmodules__hal_nordic__nrfx.a(nrfx_gpiote.c.obj)
                0x000000000002f7be                nrfx_gpiote_pin_uninit
 .text.nrfx_gpiote_trigger_disable
                0x000000000002f7c2        0x4 modules/hal_nordic/nrfx/libmodules__hal_nordic__nrfx.a(nrfx_gpiote.c.obj)
                0x000000000002f7c2                nrfx_gpiote_trigger_disable
 .text.nrf_power_event_get_and_clear.constprop.0
                0x000000000002f7c6       0x18 modules/hal_nordic/nrfx/libmodules__hal_nordic__nrfx.a(nrfx_power.c.obj)
 .text.nrfx_power_usbevt_enable
                0x000000000002f7de        0xe modules/hal_nordic/nrfx/libmodules__hal_nordic__nrfx.a(nrfx_power.c.obj)
                0x000000000002f7de                nrfx_power_usbevt_enable
 .text.nrfx_power_usbevt_disable
                0x000000000002f7ec        0xe modules/hal_nordic/nrfx/libmodules__hal_nordic__nrfx.a(nrfx_power.c.obj)
                0x000000000002f7ec                nrfx_power_usbevt_disable
 .text.nrfx_power_clock_irq_handler
                0x000000000002f7fa        0xe modules/hal_nordic/nrfx/libmodules__hal_nordic__nrfx.a(nrfx_power.c.obj)
                0x000000000002f7fa                nrfx_power_clock_irq_handler
 .text.z_impl_k_busy_wait
                0x000000000002f808        0x8 zephyr/kernel/libkernel.a(busy_wait.c.obj)
                0x000000000002f808                z_impl_k_busy_wait
 .text.z_device_state_init
                0x000000000002f810        0x2 zephyr/kernel/libkernel.a(device.c.obj)
                0x000000000002f810                z_device_state_init
 .text.z_device_is_ready
                0x000000000002f812       0x16 zephyr/kernel/libkernel.a(device.c.obj)
                0x000000000002f812                z_device_is_ready
 .text.arch_system_halt
                0x000000000002f828       0x12 zephyr/kernel/libkernel.a(fatal.c.obj)
                0x000000000002f828                arch_system_halt
 .text.k_sys_fatal_error_handler
                0x000000000002f83a        0x6 zephyr/kernel/libkernel.a(fatal.c.obj)
                0x000000000002f83a                k_sys_fatal_error_handler
 .text.z_early_memset
                0x000000000002f840        0x4 zephyr/kernel/libkernel.a(init.c.obj)
                0x000000000002f840                z_early_memset
 .text.z_early_memcpy
                0x000000000002f844        0x4 zephyr/kernel/libkernel.a(init.c.obj)
                0x000000000002f844                z_early_memcpy
 .text.create_free_list
                0x000000000002f848       0x2c zephyr/kernel/libkernel.a(mem_slab.c.obj)
 .text.k_mem_slab_free
                0x000000000002f874       0x4c zephyr/kernel/libkernel.a(mem_slab.c.obj)
                0x000000000002f874                k_mem_slab_free
 .text.k_is_in_isr
                0x000000000002f8c0        0xc zephyr/kernel/libkernel.a(thread.c.obj)
                0x000000000002f8c0                k_is_in_isr
 .text.z_impl_k_thread_name_set
                0x000000000002f8cc        0x6 zephyr/kernel/libkernel.a(thread.c.obj)
                0x000000000002f8cc                z_impl_k_thread_name_set
 .text.z_impl_k_thread_start
                0x000000000002f8d2        0x4 zephyr/kernel/libkernel.a(thread.c.obj)
                0x000000000002f8d2                z_impl_k_thread_start
 .text.sys_dlist_remove
                0x000000000002f8d6       0x10 zephyr/kernel/libkernel.a(sched.c.obj)
 .text.unpend_thread_no_timeout
                0x000000000002f8e6       0x14 zephyr/kernel/libkernel.a(sched.c.obj)
 .text.add_to_waitq_locked
                0x000000000002f8fa       0x50 zephyr/kernel/libkernel.a(sched.c.obj)
 .text.z_ready_thread
                0x000000000002f94a       0x20 zephyr/kernel/libkernel.a(sched.c.obj)
                0x000000000002f94a                z_ready_thread
 .text.z_impl_k_thread_suspend
                0x000000000002f96a       0x36 zephyr/kernel/libkernel.a(sched.c.obj)
                0x000000000002f96a                z_impl_k_thread_suspend
 .text.z_unpend_thread_no_timeout
                0x000000000002f9a0       0x24 zephyr/kernel/libkernel.a(sched.c.obj)
                0x000000000002f9a0                z_unpend_thread_no_timeout
 .text.z_sched_wake_thread
                0x000000000002f9c4       0x44 zephyr/kernel/libkernel.a(sched.c.obj)
                0x000000000002f9c4                z_sched_wake_thread
 .text.z_thread_timeout
                0x000000000002fa08        0x8 zephyr/kernel/libkernel.a(sched.c.obj)
                0x000000000002fa08                z_thread_timeout
 .text.z_unpend1_no_timeout
                0x000000000002fa10       0x2e zephyr/kernel/libkernel.a(sched.c.obj)
                0x000000000002fa10                z_unpend1_no_timeout
 .text.z_unpend_first_thread
                0x000000000002fa3e       0x38 zephyr/kernel/libkernel.a(sched.c.obj)
                0x000000000002fa3e                z_unpend_first_thread
 .text.z_unpend_thread
                0x000000000002fa76       0x30 zephyr/kernel/libkernel.a(sched.c.obj)
                0x000000000002fa76                z_unpend_thread
 .text.z_reschedule_unlocked
                0x000000000002faa6       0x14 zephyr/kernel/libkernel.a(sched.c.obj)
 .text.z_unpend_all
                0x000000000002faba       0x20 zephyr/kernel/libkernel.a(sched.c.obj)
                0x000000000002faba                z_unpend_all
 .text.z_thread_abort
                0x000000000002fada       0x42 zephyr/kernel/libkernel.a(sched.c.obj)
                0x000000000002fada                z_thread_abort
 .text.z_sched_wake
                0x000000000002fb1c       0x46 zephyr/kernel/libkernel.a(sched.c.obj)
                0x000000000002fb1c                z_sched_wake
 .text.idle     0x000000000002fb62       0x18 zephyr/kernel/libkernel.a(idle.c.obj)
                0x000000000002fb62                idle
 .text.adjust_owner_prio.isra.0
                0x000000000002fb7a       0x10 zephyr/kernel/libkernel.a(mutex.c.obj)
 .text.z_impl_k_mutex_init
                0x000000000002fb8a        0xe zephyr/kernel/libkernel.a(mutex.c.obj)
                0x000000000002fb8a                z_impl_k_mutex_init
 .text.queue_insert
                0x000000000002fb98       0xc4 zephyr/kernel/libkernel.a(queue.c.obj)
 .text.z_queue_node_peek
                0x000000000002fc5c       0x18 zephyr/kernel/libkernel.a(queue.c.obj)
                0x000000000002fc5c                z_queue_node_peek
 .text.k_queue_append
                0x000000000002fc74       0x16 zephyr/kernel/libkernel.a(queue.c.obj)
                0x000000000002fc74                k_queue_append
 .text.z_impl_k_sem_init
                0x000000000002fc8a       0x18 zephyr/kernel/libkernel.a(sem.c.obj)
                0x000000000002fc8a                z_impl_k_sem_init
 .text.flag_test_and_clear
                0x000000000002fca2       0x16 zephyr/kernel/libkernel.a(work.c.obj)
 .text.notify_queue_locked.isra.0
                0x000000000002fcb8        0xe zephyr/kernel/libkernel.a(work.c.obj)
 .text.work_timeout
                0x000000000002fcc6       0x3e zephyr/kernel/libkernel.a(work.c.obj)
 .text.k_work_init
                0x000000000002fd04       0x12 zephyr/kernel/libkernel.a(work.c.obj)
                0x000000000002fd04                k_work_init
 .text.z_work_submit_to_queue
                0x000000000002fd16       0x28 zephyr/kernel/libkernel.a(work.c.obj)
                0x000000000002fd16                z_work_submit_to_queue
 .text.k_work_submit_to_queue
                0x000000000002fd3e       0x22 zephyr/kernel/libkernel.a(work.c.obj)
                0x000000000002fd3e                k_work_submit_to_queue
 .text.k_work_init_delayable
                0x000000000002fd60       0x18 zephyr/kernel/libkernel.a(work.c.obj)
                0x000000000002fd60                k_work_init_delayable
 .text.z_abort_timeout
                0x000000000002fd78       0x2c zephyr/kernel/libkernel.a(timeout.c.obj)
                0x000000000002fd78                z_abort_timeout
 .text.sys_clock_tick_get_32
                0x000000000002fda4        0x8 zephyr/kernel/libkernel.a(timeout.c.obj)
                0x000000000002fda4                sys_clock_tick_get_32
 .text.z_impl_k_uptime_ticks
                0x000000000002fdac        0x4 zephyr/kernel/libkernel.a(timeout.c.obj)
                0x000000000002fdac                z_impl_k_uptime_ticks
 .text.sys_timepoint_calc
                0x000000000002fdb0       0x48 zephyr/kernel/libkernel.a(timeout.c.obj)
                0x000000000002fdb0                sys_timepoint_calc
 .text.sys_timepoint_timeout
                0x000000000002fdf8       0x42 zephyr/kernel/libkernel.a(timeout.c.obj)
                0x000000000002fdf8                sys_timepoint_timeout
 .text.z_impl_k_timer_stop
                0x000000000002fe3a       0x3a zephyr/kernel/libkernel.a(timer.c.obj)
                0x000000000002fe3a                z_impl_k_timer_stop
 .text.k_free   0x000000000002fe74        0xe zephyr/kernel/libkernel.a(mempool.c.obj)
                0x000000000002fe74                k_free
 .text.k_heap_init
                0x000000000002fe82       0x10 zephyr/kernel/libkernel.a(kheap.c.obj)
                0x000000000002fe82                k_heap_init
 .text.k_heap_aligned_alloc
                0x000000000002fe92       0x86 zephyr/kernel/libkernel.a(kheap.c.obj)
                0x000000000002fe92                k_heap_aligned_alloc
 .text.k_heap_free
                0x000000000002ff18       0x3a zephyr/kernel/libkernel.a(kheap.c.obj)
                0x000000000002ff18                k_heap_free
 .text.memcpy   0x000000000002ff52       0x1c /Users/lucasmichel/zephyr-sdk-0.16.5-1/arm-zephyr-eabi/bin/../lib/gcc/../../picolibc/arm-zephyr-eabi/lib/thumb/v7e-m/nofp/libc.a(memcpy.c.o)
                0x000000000002ff52                memcpy
                0x000000000002ff52                __aeabi_memcpy
                0x000000000002ff52                __aeabi_memcpy4
                0x000000000002ff52                __aeabi_memcpy8
 .text.memset   0x000000000002ff6e       0x10 /Users/lucasmichel/zephyr-sdk-0.16.5-1/arm-zephyr-eabi/bin/../lib/gcc/../../picolibc/arm-zephyr-eabi/lib/thumb/v7e-m/nofp/libc.a(memset.c.o)
                0x000000000002ff6e                memset
 .text.strnlen  0x000000000002ff7e       0x18 /Users/lucasmichel/zephyr-sdk-0.16.5-1/arm-zephyr-eabi/bin/../lib/gcc/../../picolibc/arm-zephyr-eabi/lib/thumb/v7e-m/nofp/libc.a(libc_string_strnlen.c.o)
                0x000000000002ff7e                strnlen
 .text.__ultoa_invert
                0x000000000002ff96       0xae /Users/lucasmichel/zephyr-sdk-0.16.5-1/arm-zephyr-eabi/bin/../lib/gcc/../../picolibc/arm-zephyr-eabi/lib/thumb/v7e-m/nofp/libc.a(libc_tinystdio_vflprintf.c.o)
 *(SORT_BY_ALIGNMENT(.TEXT.*))
 .TEXT.__aeabi_read_tp
                0x0000000000030044        0xc zephyr/arch/arch/arm/core/cortex_m/libarch__arm__core__cortex_m.a(__aeabi_read_tp.S.obj)
                0x0000000000030044                __aeabi_read_tp
 *(SORT_BY_ALIGNMENT(.gnu.linkonce.t.*))
 *(SORT_BY_ALIGNMENT(.glue_7t))
 .glue_7t       0x0000000000030050        0x0 linker stubs
 *(SORT_BY_ALIGNMENT(.glue_7))
 .glue_7        0x0000000000030050        0x0 linker stubs
 *(SORT_BY_ALIGNMENT(.vfp11_veneer))
 .vfp11_veneer  0x0000000000030050        0x0 linker stubs
 *(SORT_BY_ALIGNMENT(.v4_bx))
 .v4_bx         0x0000000000030050        0x0 linker stubs
                0x0000000000030050                . = ALIGN (0x4)
                0x0000000000030050                __text_region_end = .

.ARM.exidx      0x0000000000030050        0x8
                0x0000000000030050                __exidx_start = .
 *(SORT_BY_ALIGNMENT(.ARM.exidx*) SORT_BY_ALIGNMENT(gnu.linkonce.armexidx.*))
 .ARM.exidx     0x0000000000030050        0x8 /Users/lucasmichel/zephyr-sdk-0.16.5-1/arm-zephyr-eabi/bin/../lib/gcc/arm-zephyr-eabi/12.2.0/thumb/v7e-m/nofp/libgcc.a(_udivmoddi4.o)
 .ARM.exidx     0x0000000000030058        0x0 /Users/lucasmichel/zephyr-sdk-0.16.5-1/arm-zephyr-eabi/bin/../lib/gcc/../../picolibc/arm-zephyr-eabi/lib/thumb/v7e-m/nofp/libc.a(strlen.S.o)
                                          0x8 (size before relaxing)
                0x0000000000030058                __exidx_end = .
                0x0000000000030058                __rodata_region_start = .

initlevel       0x0000000000030058       0x88
                0x0000000000030058                __init_start = .
                0x0000000000030058                __init_EARLY_start = .
 *(SORT_BY_NAME(SORT_BY_ALIGNMENT(.z_init_EARLY?_*)))
 *(SORT_BY_NAME(SORT_BY_ALIGNMENT(.z_init_EARLY??_*)))
                0x0000000000030058                __init_PRE_KERNEL_1_start = .
 *(SORT_BY_NAME(SORT_BY_ALIGNMENT(.z_init_PRE_KERNEL_1?_*)))
 .z_init_PRE_KERNEL_10_0_
                0x0000000000030058        0x8 zephyr/soc/soc/arm/nordic_nrf/libsoc__arm__nordic_nrf.a(soc.c.obj)
 *(SORT_BY_NAME(SORT_BY_ALIGNMENT(.z_init_PRE_KERNEL_1??_*)))
 .z_init_PRE_KERNEL_130_00059_
                0x0000000000030060        0x8 zephyr/drivers/clock_control/libdrivers__clock_control.a(clock_control_nrf.c.obj)
 .z_init_PRE_KERNEL_130_0_
                0x0000000000030068        0x8 zephyr/kernel/libkernel.a(mem_slab.c.obj)
 .z_init_PRE_KERNEL_130_0_
                0x0000000000030070        0x8 zephyr/kernel/libkernel.a(kheap.c.obj)
 .z_init_PRE_KERNEL_140_00008_
                0x0000000000030078        0x8 zephyr/drivers/gpio/libdrivers__gpio.a(gpio_nrfx.c.obj)
 .z_init_PRE_KERNEL_140_00017_
                0x0000000000030080        0x8 zephyr/drivers/gpio/libdrivers__gpio.a(gpio_nrfx.c.obj)
 .z_init_PRE_KERNEL_155_00095_
                0x0000000000030088        0x8 zephyr/drivers/serial/libdrivers__serial.a(uart_nrfx_uarte.c.obj)
 .z_init_PRE_KERNEL_155_00117_
                0x0000000000030090        0x8 zephyr/libzephyr.a(cdc_acm.c.obj)
 .z_init_PRE_KERNEL_160_0_
                0x0000000000030098        0x8 zephyr/drivers/console/libdrivers__console.a(uart_console.c.obj)
                0x00000000000300a0                __init_PRE_KERNEL_2_start = .
 *(SORT_BY_NAME(SORT_BY_ALIGNMENT(.z_init_PRE_KERNEL_2?_*)))
 .z_init_PRE_KERNEL_20_0_
                0x00000000000300a0        0x8 zephyr/drivers/timer/libdrivers__timer.a(nrf_rtc_timer.c.obj)
 *(SORT_BY_NAME(SORT_BY_ALIGNMENT(.z_init_PRE_KERNEL_2??_*)))
                0x00000000000300a8                __init_POST_KERNEL_start = .
 *(SORT_BY_NAME(SORT_BY_ALIGNMENT(.z_init_POST_KERNEL?_*)))
 *(SORT_BY_NAME(SORT_BY_ALIGNMENT(.z_init_POST_KERNEL??_*)))
 .z_init_POST_KERNEL40_0_
                0x00000000000300a8        0x8 zephyr/libzephyr.a(usb_work_q.c.obj)
 .z_init_POST_KERNEL40_0_
                0x00000000000300b0        0x8 zephyr/lib/libc/common/liblib__libc__common.a(malloc.c.obj)
 .z_init_POST_KERNEL40_0_
                0x00000000000300b8        0x8 zephyr/kernel/libkernel.a(system_work_q.c.obj)
 .z_init_POST_KERNEL50_00012_
                0x00000000000300c0        0x8 zephyr/drivers/adc/libdrivers__adc.a(adc_nrfx_saadc.c.obj)
 .z_init_POST_KERNEL50_0_
                0x00000000000300c8        0x8 zephyr/drivers/usb/device/libdrivers__usb__device.a(usb_dc_nrfx.c.obj)
 .z_init_POST_KERNEL75_00009_
                0x00000000000300d0        0x8 zephyr/drivers/regulator/libdrivers__regulator.a(regulator_fixed.c.obj)
 .z_init_POST_KERNEL90_0_
                0x00000000000300d8        0x8 zephyr/libzephyr.a(usb_device.c.obj)
                0x00000000000300e0                __init_APPLICATION_start = .
 *(SORT_BY_NAME(SORT_BY_ALIGNMENT(.z_init_APPLICATION?_*)))
 *(SORT_BY_NAME(SORT_BY_ALIGNMENT(.z_init_APPLICATION??_*)))
                0x00000000000300e0                __init_SMP_start = .
 *(SORT_BY_NAME(SORT_BY_ALIGNMENT(.z_init_SMP?_*)))
 *(SORT_BY_NAME(SORT_BY_ALIGNMENT(.z_init_SMP??_*)))
                0x00000000000300e0                __init_end = .

device_area     0x00000000000300e0       0x8c
                0x00000000000300e0                _device_list_start = .
 *(SORT_BY_NAME(SORT_BY_ALIGNMENT(._device.static.*_?_*)))
 *(SORT_BY_NAME(SORT_BY_ALIGNMENT(._device.static.*_??_*)))
 ._device.static.1_30_
                0x00000000000300e0       0x14 zephyr/drivers/clock_control/libdrivers__clock_control.a(clock_control_nrf.c.obj)
                0x00000000000300e0                __device_dts_ord_59
 ._device.static.1_40_
                0x00000000000300f4       0x28 zephyr/drivers/gpio/libdrivers__gpio.a(gpio_nrfx.c.obj)
                0x00000000000300f4                __device_dts_ord_8
                0x0000000000030108                __device_dts_ord_17
 ._device.static.1_55_
                0x000000000003011c       0x14 zephyr/libzephyr.a(cdc_acm.c.obj)
                0x000000000003011c                __device_dts_ord_117
 ._device.static.1_55_
                0x0000000000030130       0x14 zephyr/drivers/serial/libdrivers__serial.a(uart_nrfx_uarte.c.obj)
                0x0000000000030130                __device_dts_ord_95
 ._device.static.3_50_
                0x0000000000030144       0x14 zephyr/drivers/adc/libdrivers__adc.a(adc_nrfx_saadc.c.obj)
                0x0000000000030144                __device_dts_ord_12
 ._device.static.3_75_
                0x0000000000030158       0x14 zephyr/drivers/regulator/libdrivers__regulator.a(regulator_fixed.c.obj)
                0x0000000000030158                __device_dts_ord_9
                0x000000000003016c                _device_list_end = .

sw_isr_table    0x000000000003016c      0x180
                0x000000000003016c                . = ALIGN (0x4)
 *(SORT_BY_ALIGNMENT(.gnu.linkonce.sw_isr_table*))
 .gnu.linkonce.sw_isr_table
                0x000000000003016c      0x180 zephyr/arch/common/libisr_tables.a(isr_tables.c.obj)
                0x000000000003016c                _sw_isr_table

initlevel_error
                0x0000000000030058        0x0
 *(SORT_BY_NAME(SORT_BY_ALIGNMENT(.z_init_[_A-Z0-9]*)))
                0x0000000000000001                ASSERT ((SIZEOF (initlevel_error) == 0x0), Undefined initialization levels used.)

app_shmem_regions
                0x00000000000302ec        0x0
                0x00000000000302ec                __app_shmem_regions_start = .
 *(SORT_BY_NAME(SORT_BY_ALIGNMENT(.app_regions.*)))
                0x00000000000302ec                __app_shmem_regions_end = .

k_p4wq_initparam_area
                0x00000000000302ec        0x0
                0x00000000000302ec                _k_p4wq_initparam_list_start = .
 *(SORT_BY_NAME(SORT_BY_ALIGNMENT(._k_p4wq_initparam.static.*)))
                0x00000000000302ec                _k_p4wq_initparam_list_end = .

_static_thread_data_area
                0x00000000000302ec        0x0
                0x00000000000302ec                __static_thread_data_list_start = .
 *(SORT_BY_NAME(SORT_BY_ALIGNMENT(.__static_thread_data.static.*)))
                0x00000000000302ec                __static_thread_data_list_end = .

device_deps     0x00000000000302ec        0x0
                0x00000000000302ec                __device_deps_start = .
 *(SORT_BY_NAME(SORT_BY_ALIGNMENT(.__device_deps_pass2*)))
                0x00000000000302ec                __device_deps_end = .

ztest           0x00000000000302ec        0x0
                0x00000000000302ec                _ztest_expected_result_entry_list_start = .
 *(SORT_BY_NAME(SORT_BY_ALIGNMENT(._ztest_expected_result_entry.static.*)))
                0x00000000000302ec                _ztest_expected_result_entry_list_end = .
                0x00000000000302ec                _ztest_suite_node_list_start = .
 *(SORT_BY_NAME(SORT_BY_ALIGNMENT(._ztest_suite_node.static.*)))
                0x00000000000302ec                _ztest_suite_node_list_end = .
                0x00000000000302ec                _ztest_unit_test_list_start = .
 *(SORT_BY_NAME(SORT_BY_ALIGNMENT(._ztest_unit_test.static.*)))
                0x00000000000302ec                _ztest_unit_test_list_end = .
                0x00000000000302ec                _ztest_test_rule_list_start = .
 *(SORT_BY_NAME(SORT_BY_ALIGNMENT(._ztest_test_rule.static.*)))
                0x00000000000302ec                _ztest_test_rule_list_end = .

bt_l2cap_fixed_chan_area
                0x00000000000302ec        0x0
                0x00000000000302ec                _bt_l2cap_fixed_chan_list_start = .
 *(SORT_BY_NAME(SORT_BY_ALIGNMENT(._bt_l2cap_fixed_chan.static.*)))
                0x00000000000302ec                _bt_l2cap_fixed_chan_list_end = .

bt_gatt_service_static_area
                0x00000000000302ec        0x0
                0x00000000000302ec                _bt_gatt_service_static_list_start = .
 *(SORT_BY_NAME(SORT_BY_ALIGNMENT(._bt_gatt_service_static.static.*)))
                0x00000000000302ec                _bt_gatt_service_static_list_end = .

log_strings_area
                0x00000000000302ec        0x0
                0x00000000000302ec                _log_strings_list_start = .
 *(SORT_BY_NAME(SORT_BY_ALIGNMENT(._log_strings.static.*)))
                0x00000000000302ec                _log_strings_list_end = .

log_const_area  0x00000000000302ec        0x0
                0x00000000000302ec                _log_const_list_start = .
 *(SORT_BY_NAME(SORT_BY_ALIGNMENT(._log_const.static.*)))
                0x00000000000302ec                _log_const_list_end = .

log_backend_area
                0x00000000000302ec        0x0
                0x00000000000302ec                _log_backend_list_start = .
 *(SORT_BY_NAME(SORT_BY_ALIGNMENT(._log_backend.static.*)))
                0x00000000000302ec                _log_backend_list_end = .
