Archive member included to satisfy reference by file (symbol)

app/libapp.a(main.c.obj)      (--whole-archive)
zephyr/libzephyr.a(heap.c.obj)
                              (--whole-archive)
zephyr/libzephyr.a(cbprintf_packaged.c.obj)
                              (--whole-archive)
zephyr/libzephyr.a(printk.c.obj)
                              (--whole-archive)
zephyr/libzephyr.a(sem.c.obj)
                              (--whole-archive)
zephyr/libzephyr.a(thread_entry.c.obj)
                              (--whole-archive)
zephyr/libzephyr.a(cbprintf_complete.c.obj)
                              (--whole-archive)
zephyr/libzephyr.a(assert.c.obj)
                              (--whole-archive)
zephyr/libzephyr.a(dec.c.obj)
                              (--whole-archive)
zephyr/libzephyr.a(hex.c.obj)
                              (--whole-archive)
zephyr/libzephyr.a(rb.c.obj)  (--whole-archive)
zephyr/libzephyr.a(timeutil.c.obj)
                              (--whole-archive)
zephyr/libzephyr.a(bitarray.c.obj)
                              (--whole-archive)
zephyr/libzephyr.a(onoff.c.obj)
                              (--whole-archive)
zephyr/libzephyr.a(notify.c.obj)
                              (--whole-archive)
zephyr/libzephyr.a(ring_buffer.c.obj)
                              (--whole-archive)
zephyr/libzephyr.a(configs.c.obj)
                              (--whole-archive)
zephyr/libzephyr.a(mem_attr.c.obj)
                              (--whole-archive)
zephyr/libzephyr.a(tracing_none.c.obj)
                              (--whole-archive)
zephyr/libzephyr.a(usb_device.c.obj)
                              (--whole-archive)
zephyr/libzephyr.a(usb_descriptor.c.obj)
                              (--whole-archive)
zephyr/libzephyr.a(usb_transfer.c.obj)
                              (--whole-archive)
zephyr/libzephyr.a(cdc_acm.c.obj)
                              (--whole-archive)
zephyr/libzephyr.a(usb_work_q.c.obj)
                              (--whole-archive)
zephyr/arch/common/libarch__common.a(sw_isr_common.c.obj)
                              (--whole-archive)
zephyr/arch/arch/arm/core/libarch__arm__core.a(fatal.c.obj)
                              (--whole-archive)
zephyr/arch/arch/arm/core/libarch__arm__core.a(nmi.c.obj)
                              (--whole-archive)
zephyr/arch/arch/arm/core/libarch__arm__core.a(nmi_on_reset.S.obj)
                              (--whole-archive)
zephyr/arch/arch/arm/core/libarch__arm__core.a(tls.c.obj)
                              (--whole-archive)
zephyr/arch/arch/arm/core/cortex_m/libarch__arm__core__cortex_m.a(exc_exit.S.obj)
                              (--whole-archive)
zephyr/arch/arch/arm/core/cortex_m/libarch__arm__core__cortex_m.a(fault.c.obj)
                              (--whole-archive)
zephyr/arch/arch/arm/core/cortex_m/libarch__arm__core__cortex_m.a(fault_s.S.obj)
                              (--whole-archive)
zephyr/arch/arch/arm/core/cortex_m/libarch__arm__core__cortex_m.a(fpu.c.obj)
                              (--whole-archive)
zephyr/arch/arch/arm/core/cortex_m/libarch__arm__core__cortex_m.a(reset.S.obj)
                              (--whole-archive)
zephyr/arch/arch/arm/core/cortex_m/libarch__arm__core__cortex_m.a(scb.c.obj)
                              (--whole-archive)
zephyr/arch/arch/arm/core/cortex_m/libarch__arm__core__cortex_m.a(thread_abort.c.obj)
                              (--whole-archive)
zephyr/arch/arch/arm/core/cortex_m/libarch__arm__core__cortex_m.a(vector_table.S.obj)
                              (--whole-archive)
zephyr/arch/arch/arm/core/cortex_m/libarch__arm__core__cortex_m.a(swap.c.obj)
                              (--whole-archive)
zephyr/arch/arch/arm/core/cortex_m/libarch__arm__core__cortex_m.a(swap_helper.S.obj)
                              (--whole-archive)
zephyr/arch/arch/arm/core/cortex_m/libarch__arm__core__cortex_m.a(irq_manage.c.obj)
                              (--whole-archive)
zephyr/arch/arch/arm/core/cortex_m/libarch__arm__core__cortex_m.a(prep_c.c.obj)
                              (--whole-archive)
zephyr/arch/arch/arm/core/cortex_m/libarch__arm__core__cortex_m.a(thread.c.obj)
                              (--whole-archive)
zephyr/arch/arch/arm/core/cortex_m/libarch__arm__core__cortex_m.a(cpu_idle.S.obj)
                              (--whole-archive)
zephyr/arch/arch/arm/core/cortex_m/libarch__arm__core__cortex_m.a(irq_init.c.obj)
                              (--whole-archive)
zephyr/arch/arch/arm/core/cortex_m/libarch__arm__core__cortex_m.a(isr_wrapper.S.obj)
                              (--whole-archive)
zephyr/arch/arch/arm/core/cortex_m/libarch__arm__core__cortex_m.a(__aeabi_read_tp.S.obj)
                              (--whole-archive)
zephyr/arch/arch/arm/core/mpu/libarch__arm__core__mpu.a(arm_core_mpu.c.obj)
                              (--whole-archive)
zephyr/arch/arch/arm/core/mpu/libarch__arm__core__mpu.a(arm_mpu.c.obj)
                              (--whole-archive)
[...]
Memory Configuration

Name             Origin             Length             Attributes
FLASH            0x0000000000027000 0x00000000000c5000 xr
RAM              0x0000000020000000 0x0000000000040000 xw
IDT_LIST         0x00000000ffff7fff 0x0000000000008000 xw
*default*        0x0000000000000000 0xffffffffffffffff

Linker script and memory map

                0x000000000002f28c                vfprintf = __l_vfprintf
                0x0000000000000000                vfscanf = __l_vfscanf
LOAD zephyr/CMakeFiles/zephyr_pre0.dir/misc/empty_file.c.obj
LOAD zephyr/CMakeFiles/offsets.dir/./arch/arm/core/offsets/offsets.c.obj
LOAD app/libapp.a
LOAD zephyr/libzephyr.a
LOAD zephyr/arch/common/libarch__common.a
LOAD zephyr/arch/arch/arm/core/libarch__arm__core.a
LOAD zephyr/arch/arch/arm/core/cortex_m/libarch__arm__core__cortex_m.a
LOAD zephyr/arch/arch/arm/core/mpu/libarch__arm__core__mpu.a
LOAD zephyr/lib/libc/picolibc/liblib__libc__picolibc.a
LOAD zephyr/lib/libc/common/liblib__libc__common.a
LOAD zephyr/soc/soc/arm/nordic_nrf/libsoc__arm__nordic_nrf.a
LOAD zephyr/drivers/usb/device/libdrivers__usb__device.a
LOAD zephyr/drivers/usb/common/nrf_usbd_common/libdrivers__usb__common__nrf_usbd_common.a
LOAD zephyr/drivers/adc/libdrivers__adc.a
LOAD zephyr/drivers/clock_control/libdrivers__clock_control.a
LOAD zephyr/drivers/console/libdrivers__console.a
LOAD zephyr/drivers/gpio/libdrivers__gpio.a
LOAD zephyr/drivers/hwinfo/libdrivers__hwinfo.a
LOAD zephyr/drivers/i2c/libdrivers__i2c.a
LOAD zephyr/drivers/pinctrl/libdrivers__pinctrl.a
LOAD zephyr/drivers/regulator/libdrivers__regulator.a
LOAD zephyr/drivers/serial/libdrivers__serial.a
LOAD zephyr/drivers/timer/libdrivers__timer.a
LOAD modules/hal_nordic/nrfx/libmodules__hal_nordic__nrfx.a
LOAD zephyr/kernel/libkernel.a
LOAD /Users/lucasmichel/zephyr-sdk-0.16.5-1/arm-zephyr-eabi/bin/../lib/gcc/arm-zephyr-eabi/12.2.0/thumb/v7e-m/nofp/libgcc.a
LOAD zephyr/arch/common/libisr_tables.a
LOAD /Users/lucasmichel/zephyr-sdk-0.16.5-1/arm-zephyr-eabi/bin/../lib/gcc/../../picolibc/arm-zephyr-eabi/lib/thumb/v7e-m/nofp/libc.a
LOAD /Users/lucasmichel/zephyr-sdk-0.16.5-1/arm-zephyr-eabi/bin/../lib/gcc/arm-zephyr-eabi/12.2.0/thumb/v7e-m/nofp/libgcc.a
                0x0000000000000020                _region_min_align = 0x20

.rel.plt        0x0000000000027000        0x0
 *(SORT_BY_ALIGNMENT(.rel.plt))
                [!provide]                        PROVIDE (__rel_iplt_start = .)
 *(SORT_BY_ALIGNMENT(.rel.iplt))
 .rel.iplt      0x0000000000027000        0x0 app/libapp.a(main.c.obj)
                [!provide]                        PROVIDE (__rel_iplt_end = .)

.rela.plt       0x0000000000000000        0x0
 *(SORT_BY_ALIGNMENT(.rela.plt))
                [!provide]                        PROVIDE (__rela_iplt_start = .)
 *(SORT_BY_ALIGNMENT(.rela.iplt))
                [!provide]                        PROVIDE (__rela_iplt_end = .)

.rel.dyn
 *(SORT_BY_ALIGNMENT(.rel.*))

.rela.dyn
 *(SORT_BY_ALIGNMENT(.rela.*))

/DISCARD/
 *(SORT_BY_ALIGNMENT(.plt))

/DISCARD/
 *(SORT_BY_ALIGNMENT(.iplt))
                0x0000000000027000                __rom_region_start = 0x27000

rom_start       0x0000000000027000      0x100
                0x0000000000027000                __rom_start_address = .
 FILL mask 0x00
                0x0000000000027000                . = (. + (0x0 - (. - __rom_start_address)))
                0x0000000000027000                . = ALIGN (0x4)
                0x0000000000027000                . = ALIGN (0x80)
                0x0000000000027000                . = ALIGN (0x100)
                0x0000000000027000                _vector_start = .
 *(SORT_BY_ALIGNMENT(.exc_vector_table))
 *(SORT_BY_ALIGNMENT(.exc_vector_table.*))
 .exc_vector_table._vector_table_section
                0x0000000000027000       0x40 zephyr/arch/arch/arm/core/cortex_m/libarch__arm__core__cortex_m.a(vector_table.S.obj)
                0x0000000000027000                _vector_table
 *(SORT_BY_ALIGNMENT(.vectors))
                0x0000000000027100                _vector_end = .
                0x0000000000027040                . = ALIGN (0x4)
 *(SORT_BY_ALIGNMENT(.gnu.linkonce.irq_vector_table*))
 .gnu.linkonce.irq_vector_table
                0x0000000000027040       0xc0 zephyr/arch/common/libisr_tables.a(isr_tables.c.obj)
                0x0000000000027040                _irq_vector_table
                0x0000000000027100                _vector_end = .

text            0x0000000000027100     0xa6f8
                0x0000000000027100                __text_region_start = .
 *(SORT_BY_ALIGNMENT(.text))
 .text          0x0000000000027100       0x30 /Users/lucasmichel/zephyr-sdk-0.16.5-1/arm-zephyr-eabi/bin/../lib/gcc/arm-zephyr-eabi/12.2.0/thumb/v7e-m/nofp/libgcc.a(_aeabi_uldivmod.o)
                0x0000000000027100                __aeabi_uldivmod
 .text          0x0000000000027130        0x4 /Users/lucasmichel/zephyr-sdk-0.16.5-1/arm-zephyr-eabi/bin/../lib/gcc/arm-zephyr-eabi/12.2.0/thumb/v7e-m/nofp/libgcc.a(_dvmd_tls.o)
                0x0000000000027130                __aeabi_ldiv0
                0x0000000000027130                __aeabi_idiv0
 .text          0x0000000000027134      0x2a0 /Users/lucasmichel/zephyr-sdk-0.16.5-1/arm-zephyr-eabi/bin/../lib/gcc/arm-zephyr-eabi/12.2.0/thumb/v7e-m/nofp/libgcc.a(_udivmoddi4.o)
                0x0000000000027134                __udivmoddi4
 .text          0x00000000000273d4       0x10 /Users/lucasmichel/zephyr-sdk-0.16.5-1/arm-zephyr-eabi/bin/../lib/gcc/../../picolibc/arm-zephyr-eabi/lib/thumb/v7e-m/nofp/libc.a(strlen.S.o)
                0x00000000000273d4                strlen
 *(SORT_BY_ALIGNMENT(.text.*))
 .text.adc_read.constprop.0
                0x00000000000273e4       0x14 app/libapp.a(main.c.obj)
 .text.init_capteur
                0x00000000000273f8       0x84 app/libapp.a(main.c.obj)
                0x00000000000273f8                init_capteur
 .text.filtre   0x000000000002747c       0x20 app/libapp.a(main.c.obj)
                0x000000000002747c                filtre
 .text.souffle_force
                0x000000000002749c       0x30 app/libapp.a(main.c.obj)
                0x000000000002749c                souffle_force
 .text.conv     0x00000000000274cc       0x28 app/libapp.a(main.c.obj)
                0x00000000000274cc                conv
 .text.getKeyMask
                0x00000000000274f4       0x30 app/libapp.a(main.c.obj)
                0x00000000000274f4                getKeyMask
 .text.fromSensorToMidiPitch
                0x0000000000027524       0x24 app/libapp.a(main.c.obj)
                0x0000000000027524                fromSensorToMidiPitch
 .text.main     0x0000000000027548       0x84 app/libapp.a(main.c.obj)
                0x0000000000027548                main
 .text.char_out
                0x00000000000275cc        0xc zephyr/libzephyr.a(printk.c.obj)
 .text.vprintk  0x00000000000275d8       0x30 zephyr/libzephyr.a(printk.c.obj)
                0x00000000000275d8                vprintk
 .text.__printk_hook_install
                0x0000000000027608        0xc zephyr/libzephyr.a(printk.c.obj)
                0x0000000000027608                __printk_hook_install
 .text.z_thread_entry
                0x0000000000027614       0x34 zephyr/libzephyr.a(thread_entry.c.obj)
                0x0000000000027614                z_thread_entry
 .text.process_event
                0x0000000000027648      0x21c zephyr/libzephyr.a(onoff.c.obj)
 .text.mem_attr_get_regions
                0x0000000000027864        0xc zephyr/libzephyr.a(mem_attr.c.obj)
                0x0000000000027864                mem_attr_get_regions
 .text.class_handler
                0x0000000000027870       0x40 zephyr/libzephyr.a(usb_device.c.obj)
 .text.custom_handler
                0x00000000000278b0       0x60 zephyr/libzephyr.a(usb_device.c.obj)
 .text.vendor_handler
                0x0000000000027910       0x3c zephyr/libzephyr.a(usb_device.c.obj)
 .text.disable_endpoint
                0x000000000002794c       0x2c zephyr/libzephyr.a(usb_device.c.obj)
 .text.usb_reset_alt_setting
                0x0000000000027978       0x10 zephyr/libzephyr.a(usb_device.c.obj)
 .text.is_ep_valid.part.0
                0x0000000000027988       0x38 zephyr/libzephyr.a(usb_device.c.obj)
 .text.usb_handle_request.constprop.0
                0x00000000000279c0       0x2c zephyr/libzephyr.a(usb_device.c.obj)
 .text.forward_status_cb
                0x00000000000279ec       0xac zephyr/libzephyr.a(usb_device.c.obj)
 .text.usb_halt_endpoint_req.isra.0
                0x0000000000027a98       0x50 zephyr/libzephyr.a(usb_device.c.obj)
 .text.set_endpoint
                0x0000000000027ae8       0x84 zephyr/libzephyr.a(usb_device.c.obj)
 .text.usb_handle_standard_request
                0x0000000000027b6c      0x2ec zephyr/libzephyr.a(usb_device.c.obj)
 .text.usb_data_to_host
                0x0000000000027e58       0x60 zephyr/libzephyr.a(usb_device.c.obj)
 .text.usb_handle_control_transfer
                0x0000000000027eb8       0xdc zephyr/libzephyr.a(usb_device.c.obj)
 .text.usb_set_config
                0x0000000000027f94       0x2c zephyr/libzephyr.a(usb_device.c.obj)
                0x0000000000027f94                usb_set_config
 .text.usb_enable
                0x0000000000027fc0      0x124 zephyr/libzephyr.a(usb_device.c.obj)
                0x0000000000027fc0                usb_enable
 .text.usb_device_init
                0x00000000000280e4       0x30 zephyr/libzephyr.a(usb_device.c.obj)
 .text.usb_update_sn_string_descriptor
                0x0000000000028114       0x88 zephyr/libzephyr.a(usb_descriptor.c.obj)
                0x0000000000028114                usb_update_sn_string_descriptor
 .text.usb_get_device_descriptor
                0x000000000002819c      0x1d8 zephyr/libzephyr.a(usb_descriptor.c.obj)
                0x000000000002819c                usb_get_device_descriptor
 .text.usb_ep_get_transfer
                0x0000000000028374       0x2c zephyr/libzephyr.a(usb_transfer.c.obj)
 .text.usb_transfer_work
                0x00000000000283a0      0x100 zephyr/libzephyr.a(usb_transfer.c.obj)
 .text.usb_transfer_ep_callback
                0x00000000000284a0       0x5c zephyr/libzephyr.a(usb_transfer.c.obj)
                0x00000000000284a0                usb_transfer_ep_callback
 .text.usb_transfer
                0x00000000000284fc       0xe4 zephyr/libzephyr.a(usb_transfer.c.obj)
                0x00000000000284fc                usb_transfer
 .text.usb_cancel_transfer
                0x00000000000285e0       0x3c zephyr/libzephyr.a(usb_transfer.c.obj)
                0x00000000000285e0                usb_cancel_transfer
 .text.usb_cancel_transfers
                0x000000000002861c       0x48 zephyr/libzephyr.a(usb_transfer.c.obj)
                0x000000000002861c                usb_cancel_transfers
 .text.usb_transfer_init
                0x0000000000028664       0x34 zephyr/libzephyr.a(usb_transfer.c.obj)
                0x0000000000028664                usb_transfer_init
 .text.cdc_acm_class_handle_req
                0x0000000000028698       0x64 zephyr/libzephyr.a(cdc_acm.c.obj)
                0x0000000000028698                cdc_acm_class_handle_req
 .text.cdc_acm_int_in
                0x00000000000286fc       0x18 zephyr/libzephyr.a(cdc_acm.c.obj)
 .text.cdc_acm_irq_rx_enable
                0x0000000000028714       0x20 zephyr/libzephyr.a(cdc_acm.c.obj)
 .text.cdc_acm_irq_tx_enable
                0x0000000000028734       0x20 zephyr/libzephyr.a(cdc_acm.c.obj)
 .text.cdc_acm_write_cb
                0x0000000000028754       0x54 zephyr/libzephyr.a(cdc_acm.c.obj)
 .text.cdc_acm_fifo_fill
                0x00000000000287a8       0x38 zephyr/libzephyr.a(cdc_acm.c.obj)
 .text.cdc_acm_reset_port
                0x00000000000287e0       0x3c zephyr/libzephyr.a(cdc_acm.c.obj)
 .text.tx_work_handler
                0x000000000002881c       0x64 zephyr/libzephyr.a(cdc_acm.c.obj)
 .text.cdc_acm_init
                0x0000000000028880       0x48 zephyr/libzephyr.a(cdc_acm.c.obj)
 .text.cdc_acm_poll_out
                0x00000000000288c8       0x4c zephyr/libzephyr.a(cdc_acm.c.obj)
 .text.cdc_acm_read_cb
                0x0000000000028914       0x74 zephyr/libzephyr.a(cdc_acm.c.obj)
 .text.cdc_acm_dev_status_cb
                0x0000000000028988       0x84 zephyr/libzephyr.a(cdc_acm.c.obj)
 .text.z_usb_work_q_init
                0x0000000000028a0c       0x34 zephyr/libzephyr.a(usb_work_q.c.obj)
 .text.z_SysNmiOnReset
                0x0000000000028a40        0x8 zephyr/arch/arch/arm/core/libarch__arm__core.a(nmi_on_reset.S.obj)
                0x0000000000028a40                z_SysNmiOnReset
 .text.arch_tls_stack_setup
                0x0000000000028a48       0x5c zephyr/arch/arch/arm/core/libarch__arm__core.a(tls.c.obj)
                0x0000000000028a48                arch_tls_stack_setup
 .text._HandlerModeExit
                0x0000000000028aa4       0x1c zephyr/arch/arch/arm/core/cortex_m/libarch__arm__core__cortex_m.a(exc_exit.S.obj)
                0x0000000000028aa4                z_arm_exc_exit
                0x0000000000028aa4                z_arm_int_exit
 .text.mem_manage_fault
                0x0000000000028ac0       0xa0 zephyr/arch/arch/arm/core/cortex_m/libarch__arm__core__cortex_m.a(fault.c.obj)
 .text.usage_fault.constprop.0
                0x0000000000028b60       0x54 zephyr/arch/arch/arm/core/cortex_m/libarch__arm__core__cortex_m.a(fault.c.obj)
 .text.bus_fault.constprop.0
                0x0000000000028bb4       0x6c zephyr/arch/arch/arm/core/cortex_m/libarch__arm__core__cortex_m.a(fault.c.obj)
 .text.z_arm_fault
                0x0000000000028c20      0x128 zephyr/arch/arch/arm/core/cortex_m/libarch__arm__core__cortex_m.a(fault.c.obj)
                0x0000000000028c20                z_arm_fault
 .text.z_arm_fault_init
                0x0000000000028d48       0x10 zephyr/arch/arch/arm/core/cortex_m/libarch__arm__core__cortex_m.a(fault.c.obj)
                0x0000000000028d48                z_arm_fault_init
 .text.__fault  0x0000000000028d58       0x14 zephyr/arch/arch/arm/core/cortex_m/libarch__arm__core__cortex_m.a(fault_s.S.obj)
                0x0000000000028d58                z_arm_bus_fault
                0x0000000000028d58                z_arm_usage_fault
                0x0000000000028d58                z_arm_mpu_fault
                0x0000000000028d58                z_arm_exc_spurious
                0x0000000000028d58                z_arm_debug_monitor
                0x0000000000028d58                z_arm_hard_fault
 .text._reset_section
                0x0000000000028d6c       0x30 zephyr/arch/arch/arm/core/cortex_m/libarch__arm__core__cortex_m.a(reset.S.obj)
                0x0000000000028d6c                z_arm_reset
                0x0000000000028d6c                __start
 .text.z_impl_k_thread_abort
                0x0000000000028d9c       0x2c zephyr/arch/arch/arm/core/cortex_m/libarch__arm__core__cortex_m.a(thread_abort.c.obj)
                0x0000000000028d9c                z_impl_k_thread_abort
 .text.arch_swap
                0x0000000000028dc8       0x30 zephyr/arch/arch/arm/core/cortex_m/libarch__arm__core__cortex_m.a(swap.c.obj)
                0x0000000000028dc8                arch_swap
 .text.z_arm_pendsv
                0x0000000000028df8       0x64 zephyr/arch/arch/arm/core/cortex_m/libarch__arm__core__cortex_m.a(swap_helper.S.obj)
                0x0000000000028df8                z_arm_pendsv
 .text.z_arm_svc
                0x0000000000028e5c       0x20 zephyr/arch/arch/arm/core/cortex_m/libarch__arm__core__cortex_m.a(swap_helper.S.obj)
                0x0000000000028e5c                z_arm_svc
 .text.arch_irq_enable
                0x0000000000028e7c       0x1c zephyr/arch/arch/arm/core/cortex_m/libarch__arm__core__cortex_m.a(irq_manage.c.obj)
                0x0000000000028e7c                arch_irq_enable
 .text.arch_irq_disable
                0x0000000000028e98       0x28 zephyr/arch/arch/arm/core/cortex_m/libarch__arm__core__cortex_m.a(irq_manage.c.obj)
                0x0000000000028e98                arch_irq_disable
 .text.arch_irq_is_enabled
                0x0000000000028ec0       0x1c zephyr/arch/arch/arm/core/cortex_m/libarch__arm__core__cortex_m.a(irq_manage.c.obj)
                0x0000000000028ec0                arch_irq_is_enabled
 .text.z_arm_irq_priority_set
                0x0000000000028edc       0x30 zephyr/arch/arch/arm/core/cortex_m/libarch__arm__core__cortex_m.a(irq_manage.c.obj)
                0x0000000000028edc                z_arm_irq_priority_set
 .text.z_prep_c
                0x0000000000028f0c       0x48 zephyr/arch/arch/arm/core/cortex_m/libarch__arm__core__cortex_m.a(prep_c.c.obj)
                0x0000000000028f0c                z_prep_c
 .text.arch_new_thread
                0x0000000000028f54       0x38 zephyr/arch/arch/arm/core/cortex_m/libarch__arm__core__cortex_m.a(thread.c.obj)
                0x0000000000028f54                arch_new_thread
 .text.z_check_thread_stack_fail
                0x0000000000028f8c       0x2c zephyr/arch/arch/arm/core/cortex_m/libarch__arm__core__cortex_m.a(thread.c.obj)
                0x0000000000028f8c                z_check_thread_stack_fail
 .text.arch_switch_to_main_thread
                0x0000000000028fb8       0x38 zephyr/arch/arch/arm/core/cortex_m/libarch__arm__core__cortex_m.a(thread.c.obj)
                0x0000000000028fb8                arch_switch_to_main_thread
 .text.z_arm_cpu_idle_init
                0x0000000000028ff0        0xc zephyr/arch/arch/arm/core/cortex_m/libarch__arm__core__cortex_m.a(cpu_idle.S.obj)
                0x0000000000028ff0                z_arm_cpu_idle_init
 .text.arch_cpu_idle
                0x0000000000028ffc       0x1c zephyr/arch/arch/arm/core/cortex_m/libarch__arm__core__cortex_m.a(cpu_idle.S.obj)
                0x0000000000028ffc                arch_cpu_idle
 .text.arch_cpu_atomic_idle
                0x0000000000029018       0x18 zephyr/arch/arch/arm/core/cortex_m/libarch__arm__core__cortex_m.a(cpu_idle.S.obj)
                0x0000000000029018                arch_cpu_atomic_idle
 .text.z_arm_interrupt_init
                0x0000000000029030       0x18 zephyr/arch/arch/arm/core/cortex_m/libarch__arm__core__cortex_m.a(irq_init.c.obj)
                0x0000000000029030                z_arm_interrupt_init
 .text._isr_wrapper
                0x0000000000029048       0x28 zephyr/arch/arch/arm/core/cortex_m/libarch__arm__core__cortex_m.a(isr_wrapper.S.obj)
                0x0000000000029048                _isr_wrapper
 .text.z_arm_configure_static_mpu_regions
                0x0000000000029070       0x18 zephyr/arch/arch/arm/core/mpu/libarch__arm__core__mpu.a(arm_core_mpu.c.obj)
                0x0000000000029070                z_arm_configure_static_mpu_regions
 .text.z_arm_configure_dynamic_mpu_regions
                0x0000000000029088       0x20 zephyr/arch/arch/arm/core/mpu/libarch__arm__core__mpu.a(arm_core_mpu.c.obj)
                0x0000000000029088                z_arm_configure_dynamic_mpu_regions
 .text.region_init
                0x00000000000290a8       0x28 zephyr/arch/arch/arm/core/mpu/libarch__arm__core__mpu.a(arm_mpu.c.obj)
 .text.mpu_configure_regions
                0x00000000000290d0       0x6c zephyr/arch/arch/arm/core/mpu/libarch__arm__core__mpu.a(arm_mpu.c.obj)
 .text.arm_core_mpu_enable
                0x000000000002913c       0x18 zephyr/arch/arch/arm/core/mpu/libarch__arm__core__mpu.a(arm_mpu.c.obj)
                0x000000000002913c                arm_core_mpu_enable
 .text.arm_core_mpu_disable
                0x0000000000029154       0x14 zephyr/arch/arch/arm/core/mpu/libarch__arm__core__mpu.a(arm_mpu.c.obj)
                0x0000000000029154                arm_core_mpu_disable
 .text.arm_core_mpu_configure_static_mpu_regions
                0x0000000000029168       0x14 zephyr/arch/arch/arm/core/mpu/libarch__arm__core__mpu.a(arm_mpu.c.obj)
                0x0000000000029168                arm_core_mpu_configure_static_mpu_regions
 .text.arm_core_mpu_configure_dynamic_mpu_regions
                0x000000000002917c       0x38 zephyr/arch/arch/arm/core/mpu/libarch__arm__core__mpu.a(arm_mpu.c.obj)
                0x000000000002917c                arm_core_mpu_configure_dynamic_mpu_regions
 .text.z_arm_mpu_init
                0x00000000000291b4      0x160 zephyr/arch/arch/arm/core/mpu/libarch__arm__core__mpu.a(arm_mpu.c.obj)
                0x00000000000291b4                z_arm_mpu_init
 .text.z_impl_zephyr_fputc
                0x0000000000029314       0x10 zephyr/lib/libc/picolibc/liblib__libc__picolibc.a(libc-hooks.c.obj)
                0x0000000000029314                z_impl_zephyr_fputc
 .text.__stdout_hook_install
                0x0000000000029324       0x18 zephyr/lib/libc/picolibc/liblib__libc__picolibc.a(libc-hooks.c.obj)
                0x0000000000029324                __stdout_hook_install
 .text.malloc_prepare
                0x000000000002933c       0x24 zephyr/lib/libc/common/liblib__libc__common.a(malloc.c.obj)
 .text.nordicsemi_nrf52_init
                0x0000000000029360       0x44 zephyr/soc/soc/arm/nordic_nrf/libsoc__arm__nordic_nrf.a(soc.c.obj)
 .text.arch_busy_wait
                0x00000000000293a4       0x14 zephyr/soc/soc/arm/nordic_nrf/libsoc__arm__nordic_nrf.a(soc.c.obj)
                0x00000000000293a4                arch_busy_wait
 .text.z_arm_platform_init
                0x00000000000293b8        0x4 zephyr/soc/soc/arm/nordic_nrf/libsoc__arm__nordic_nrf.a(soc_nrf_common.S.obj)
                0x00000000000293b8                z_arm_platform_init
 .text.endpoint_ctx
                0x00000000000293bc       0x60 zephyr/drivers/usb/device/libdrivers__usb__device.a(usb_dc_nrfx.c.obj)
 .text.usbd_work_schedule
                0x000000000002941c       0x10 zephyr/drivers/usb/device/libdrivers__usb__device.a(usb_dc_nrfx.c.obj)
 .text.usbd_evt_put
                0x000000000002942c        0xc zephyr/drivers/usb/device/libdrivers__usb__device.a(usb_dc_nrfx.c.obj)
 .text.usbd_evt_get
                0x0000000000029438       0x10 zephyr/drivers/usb/device/libdrivers__usb__device.a(usb_dc_nrfx.c.obj)
 .text.usb_init
                0x0000000000029448       0x70 zephyr/drivers/usb/device/libdrivers__usb__device.a(usb_dc_nrfx.c.obj)
 .text.hfxo_stop.constprop.0.isra.0
                0x00000000000294b8       0x40 zephyr/drivers/usb/device/libdrivers__usb__device.a(usb_dc_nrfx.c.obj)
 .text.eps_ctx_init
                0x00000000000294f8       0x68 zephyr/drivers/usb/device/libdrivers__usb__device.a(usb_dc_nrfx.c.obj)
 .text.usbd_evt_flush
                0x0000000000029560       0x1c zephyr/drivers/usb/device/libdrivers__usb__device.a(usb_dc_nrfx.c.obj)
 .text.usbd_evt_alloc
                0x000000000002957c       0x44 zephyr/drivers/usb/device/libdrivers__usb__device.a(usb_dc_nrfx.c.obj)
 .text.usb_dc_power_event_handler
                0x00000000000295c0       0x34 zephyr/drivers/usb/device/libdrivers__usb__device.a(usb_dc_nrfx.c.obj)
 .text.usbd_event_transfer_data
                0x00000000000295f4       0xa8 zephyr/drivers/usb/device/libdrivers__usb__device.a(usb_dc_nrfx.c.obj)
 .text.usbd_event_handler
                0x000000000002969c      0x11c zephyr/drivers/usb/device/libdrivers__usb__device.a(usb_dc_nrfx.c.obj)
 .text.usbd_work_handler
                0x00000000000297b8      0x2e0 zephyr/drivers/usb/device/libdrivers__usb__device.a(usb_dc_nrfx.c.obj)
 .text.usb_dc_attach
                0x0000000000029a98       0x64 zephyr/drivers/usb/device/libdrivers__usb__device.a(usb_dc_nrfx.c.obj)
                0x0000000000029a98                usb_dc_attach
 .text.usb_dc_set_address
                0x0000000000029afc       0x24 zephyr/drivers/usb/device/libdrivers__usb__device.a(usb_dc_nrfx.c.obj)
                0x0000000000029afc                usb_dc_set_address
 .text.usb_dc_ep_configure
                0x0000000000029b20       0x48 zephyr/drivers/usb/device/libdrivers__usb__device.a(usb_dc_nrfx.c.obj)
                0x0000000000029b20                usb_dc_ep_configure
 .text.usb_dc_ep_set_stall
                0x0000000000029b68       0x50 zephyr/drivers/usb/device/libdrivers__usb__device.a(usb_dc_nrfx.c.obj)
                0x0000000000029b68                usb_dc_ep_set_stall
 .text.usb_dc_ep_clear_stall
                0x0000000000029bb8       0x40 zephyr/drivers/usb/device/libdrivers__usb__device.a(usb_dc_nrfx.c.obj)
                0x0000000000029bb8                usb_dc_ep_clear_stall
 .text.usb_dc_ep_is_stalled
                0x0000000000029bf8       0x38 zephyr/drivers/usb/device/libdrivers__usb__device.a(usb_dc_nrfx.c.obj)
                0x0000000000029bf8                usb_dc_ep_is_stalled
 .text.usb_dc_ep_enable
                0x0000000000029c30       0x54 zephyr/drivers/usb/device/libdrivers__usb__device.a(usb_dc_nrfx.c.obj)
                0x0000000000029c30                usb_dc_ep_enable
 .text.usb_dc_ep_write
                0x0000000000029c84       0xf8 zephyr/drivers/usb/device/libdrivers__usb__device.a(usb_dc_nrfx.c.obj)
                0x0000000000029c84                usb_dc_ep_write
 .text.usb_dc_ep_read_wait
                0x0000000000029d7c       0x90 zephyr/drivers/usb/device/libdrivers__usb__device.a(usb_dc_nrfx.c.obj)
                0x0000000000029d7c                usb_dc_ep_read_wait
 .text.usb_dc_ep_read_continue
                0x0000000000029e0c       0x84 zephyr/drivers/usb/device/libdrivers__usb__device.a(usb_dc_nrfx.c.obj)
                0x0000000000029e0c                usb_dc_ep_read_continue
 .text.usb_dc_ep_set_callback
                0x0000000000029e90       0x28 zephyr/drivers/usb/device/libdrivers__usb__device.a(usb_dc_nrfx.c.obj)
                0x0000000000029e90                usb_dc_ep_set_callback
 .text.usb_dc_set_status_callback
                0x0000000000029eb8        0xc zephyr/drivers/usb/device/libdrivers__usb__device.a(usb_dc_nrfx.c.obj)
                0x0000000000029eb8                usb_dc_set_status_callback
 .text.usb_dc_ep_mps
                0x0000000000029ec4       0x24 zephyr/drivers/usb/device/libdrivers__usb__device.a(usb_dc_nrfx.c.obj)
                0x0000000000029ec4                usb_dc_ep_mps
 .text.nrf52_errata_187
                0x0000000000029ee8       0x28 zephyr/drivers/usb/common/nrf_usbd_common/libdrivers__usb__common__nrf_usbd_common.a(nrf_usbd_common.c.obj)
 .text.ep_state_access
                0x0000000000029f10       0x20 zephyr/drivers/usb/common/nrf_usbd_common/libdrivers__usb__common__nrf_usbd_common.a(nrf_usbd_common.c.obj)
 .text.usbd_errata_187_211_begin
                0x0000000000029f30       0x40 zephyr/drivers/usb/common/nrf_usbd_common/libdrivers__usb__common__nrf_usbd_common.a(nrf_usbd_common.c.obj)
 .text.usbd_errata_187_211_end
                0x0000000000029f70       0x40 zephyr/drivers/usb/common/nrf_usbd_common/libdrivers__usb__common__nrf_usbd_common.a(nrf_usbd_common.c.obj)
 .text.usbd_dma_pending_clear
                0x0000000000029fb0       0x1c zephyr/drivers/usb/common/nrf_usbd_common/libdrivers__usb__common__nrf_usbd_common.a(nrf_usbd_common.c.obj)
 .text.nrf_usbd_common_uninit
                0x0000000000029fcc       0x14 zephyr/drivers/usb/common/nrf_usbd_common/libdrivers__usb__common__nrf_usbd_common.a(nrf_usbd_common.c.obj)
                0x0000000000029fcc                nrf_usbd_common_uninit
 .text.nrf_usbd_common_enable
                0x0000000000029fe0      0x14c zephyr/drivers/usb/common/nrf_usbd_common/libdrivers__usb__common__nrf_usbd_common.a(nrf_usbd_common.c.obj)
                0x0000000000029fe0                nrf_usbd_common_enable
 .text.nrf_usbd_common_start
                0x000000000002a12c       0x38 zephyr/drivers/usb/common/nrf_usbd_common/libdrivers__usb__common__nrf_usbd_common.a(nrf_usbd_common.c.obj)
                0x000000000002a12c                nrf_usbd_common_start
 .text.nrf_usbd_common_is_enabled
                0x000000000002a164       0x14 zephyr/drivers/usb/common/nrf_usbd_common/libdrivers__usb__common__nrf_usbd_common.a(nrf_usbd_common.c.obj)
                0x000000000002a164                nrf_usbd_common_is_enabled
 .text.nrf_usbd_common_suspend
                0x000000000002a178       0x54 zephyr/drivers/usb/common/nrf_usbd_common/libdrivers__usb__common__nrf_usbd_common.a(nrf_usbd_common.c.obj)
                0x000000000002a178                nrf_usbd_common_suspend
 .text.nrf_usbd_common_init
                0x000000000002a1cc       0x84 zephyr/drivers/usb/common/nrf_usbd_common/libdrivers__usb__common__nrf_usbd_common.a(nrf_usbd_common.c.obj)
                0x000000000002a1cc                nrf_usbd_common_init
 .text.nrf_usbd_common_ep_enable_check
                0x000000000002a250       0x28 zephyr/drivers/usb/common/nrf_usbd_common/libdrivers__usb__common__nrf_usbd_common.a(nrf_usbd_common.c.obj)
                0x000000000002a250                nrf_usbd_common_ep_enable_check
 .text.nrf_usbd_common_ep_transfer
                0x000000000002a278       0x9c zephyr/drivers/usb/common/nrf_usbd_common/libdrivers__usb__common__nrf_usbd_common.a(nrf_usbd_common.c.obj)
                0x000000000002a278                nrf_usbd_common_ep_transfer
 .text.nrf_usbd_common_epout_size_get
                0x000000000002a314       0x28 zephyr/drivers/usb/common/nrf_usbd_common/libdrivers__usb__common__nrf_usbd_common.a(nrf_usbd_common.c.obj)
                0x000000000002a314                nrf_usbd_common_epout_size_get
 .text.nrf_usbd_common_irq_handler
                0x000000000002a33c      0x498 zephyr/drivers/usb/common/nrf_usbd_common/libdrivers__usb__common__nrf_usbd_common.a(nrf_usbd_common.c.obj)
                0x000000000002a33c                nrf_usbd_common_irq_handler
 .text.nrf_usbd_common_ep_stall
                0x000000000002a7d4       0x10 zephyr/drivers/usb/common/nrf_usbd_common/libdrivers__usb__common__nrf_usbd_common.a(nrf_usbd_common.c.obj)
                0x000000000002a7d4                nrf_usbd_common_ep_stall
 .text.nrf_usbd_common_ep_stall_check
                0x000000000002a7e4       0x34 zephyr/drivers/usb/common/nrf_usbd_common/libdrivers__usb__common__nrf_usbd_common.a(nrf_usbd_common.c.obj)
                0x000000000002a7e4                nrf_usbd_common_ep_stall_check
 .text.nrf_usbd_common_ep_dtoggle_clear
                0x000000000002a818       0x14 zephyr/drivers/usb/common/nrf_usbd_common/libdrivers__usb__common__nrf_usbd_common.a(nrf_usbd_common.c.obj)
                0x000000000002a818                nrf_usbd_common_ep_dtoggle_clear
 .text.nrf_usbd_common_setup_get
                0x000000000002a82c       0x44 zephyr/drivers/usb/common/nrf_usbd_common/libdrivers__usb__common__nrf_usbd_common.a(nrf_usbd_common.c.obj)
                0x000000000002a82c                nrf_usbd_common_setup_get
 .text.nrf_usbd_common_setup_data_clear
                0x000000000002a870        0xc zephyr/drivers/usb/common/nrf_usbd_common/libdrivers__usb__common__nrf_usbd_common.a(nrf_usbd_common.c.obj)
                0x000000000002a870                nrf_usbd_common_setup_data_clear
 .text.nrf_usbd_common_setup_clear
                0x000000000002a87c        0xc zephyr/drivers/usb/common/nrf_usbd_common/libdrivers__usb__common__nrf_usbd_common.a(nrf_usbd_common.c.obj)
                0x000000000002a87c                nrf_usbd_common_setup_clear
 .text.nrf_usbd_common_setup_stall
                0x000000000002a888        0xc zephyr/drivers/usb/common/nrf_usbd_common/libdrivers__usb__common__nrf_usbd_common.a(nrf_usbd_common.c.obj)
                0x000000000002a888                nrf_usbd_common_setup_stall
 .text.nrf_usbd_common_last_setup_dir_get
                0x000000000002a894        0xc zephyr/drivers/usb/common/nrf_usbd_common/libdrivers__usb__common__nrf_usbd_common.a(nrf_usbd_common.c.obj)
                0x000000000002a894                nrf_usbd_common_last_setup_dir_get
 .text.nrf_usbd_common_transfer_out_drop
                0x000000000002a8a0       0x50 zephyr/drivers/usb/common/nrf_usbd_common/libdrivers__usb__common__nrf_usbd_common.a(nrf_usbd_common.c.obj)
                0x000000000002a8a0                nrf_usbd_common_transfer_out_drop
 .text.usbd_ep_abort
                0x000000000002a8f0       0xf4 zephyr/drivers/usb/common/nrf_usbd_common/libdrivers__usb__common__nrf_usbd_common.a(nrf_usbd_common.c.obj)
 .text.nrf_usbd_common_ep_abort
                0x000000000002a9e4       0x34 zephyr/drivers/usb/common/nrf_usbd_common/libdrivers__usb__common__nrf_usbd_common.a(nrf_usbd_common.c.obj)
                0x000000000002a9e4                nrf_usbd_common_ep_abort
 .text.nrf_usbd_common_disable
                0x000000000002aa18       0xd4 zephyr/drivers/usb/common/nrf_usbd_common/libdrivers__usb__common__nrf_usbd_common.a(nrf_usbd_common.c.obj)
                0x000000000002aa18                nrf_usbd_common_disable
 .text.nrf_usbd_common_ep_disable
                0x000000000002aaec       0x60 zephyr/drivers/usb/common/nrf_usbd_common/libdrivers__usb__common__nrf_usbd_common.a(nrf_usbd_common.c.obj)
                0x000000000002aaec                nrf_usbd_common_ep_disable
 .text.nrf_usbd_common_ep_enable
                0x000000000002ab4c       0x74 zephyr/drivers/usb/common/nrf_usbd_common/libdrivers__usb__common__nrf_usbd_common.a(nrf_usbd_common.c.obj)
                0x000000000002ab4c                nrf_usbd_common_ep_enable
 .text.nrf_usbd_common_ep_stall_clear
                0x000000000002abc0       0x20 zephyr/drivers/usb/common/nrf_usbd_common/libdrivers__usb__common__nrf_usbd_common.a(nrf_usbd_common.c.obj)
                0x000000000002abc0                nrf_usbd_common_ep_stall_clear
 .text.adc_context_start_sampling
                0x000000000002abe0       0x1c zephyr/drivers/adc/libdrivers__adc.a(adc_nrfx_saadc.c.obj)
 .text.adc_nrfx_channel_setup
                0x000000000002abfc       0xd8 zephyr/drivers/adc/libdrivers__adc.a(adc_nrfx_saadc.c.obj)
 .text.adc_nrfx_read
                0x000000000002acd4      0x180 zephyr/drivers/adc/libdrivers__adc.a(adc_nrfx_saadc.c.obj)
 .text.init_saadc
                0x000000000002ae54       0x44 zephyr/drivers/adc/libdrivers__adc.a(adc_nrfx_saadc.c.obj)
 .text.saadc_irq_handler
                0x000000000002ae98       0xcc zephyr/drivers/adc/libdrivers__adc.a(adc_nrfx_saadc.c.obj)
 .text.onoff_stop
                0x000000000002af64       0x30 zephyr/drivers/clock_control/libdrivers__clock_control.a(clock_control_nrf.c.obj)
 .text.onoff_start
                0x000000000002af94       0x44 zephyr/drivers/clock_control/libdrivers__clock_control.a(clock_control_nrf.c.obj)
 .text.clk_init
                0x000000000002afd8       0x58 zephyr/drivers/clock_control/libdrivers__clock_control.a(clock_control_nrf.c.obj)
 .text.clkstarted_handle.constprop.0
                0x000000000002b030       0x34 zephyr/drivers/clock_control/libdrivers__clock_control.a(clock_control_nrf.c.obj)
 .text.clock_event_handler
                0x000000000002b064       0x1c zephyr/drivers/clock_control/libdrivers__clock_control.a(clock_control_nrf.c.obj)
 .text.generic_hfclk_start
                0x000000000002b080       0x64 zephyr/drivers/clock_control/libdrivers__clock_control.a(clock_control_nrf.c.obj)
 .text.api_blocking_start
                0x000000000002b0e4       0x34 zephyr/drivers/clock_control/libdrivers__clock_control.a(clock_control_nrf.c.obj)
 .text.generic_hfclk_stop
                0x000000000002b118       0x34 zephyr/drivers/clock_control/libdrivers__clock_control.a(clock_control_nrf.c.obj)
 .text.z_nrf_clock_control_get_onoff
                0x000000000002b14c       0x10 zephyr/drivers/clock_control/libdrivers__clock_control.a(clock_control_nrf.c.obj)
                0x000000000002b14c                z_nrf_clock_control_get_onoff
 .text.z_nrf_clock_control_lf_on
                0x000000000002b15c       0xfc zephyr/drivers/clock_control/libdrivers__clock_control.a(clock_control_nrf.c.obj)
                0x000000000002b15c                z_nrf_clock_control_lf_on
 .text.uart_console_init
                0x000000000002b258       0x28 zephyr/drivers/console/libdrivers__console.a(uart_console.c.obj)
 .text.console_out
                0x000000000002b280       0x28 zephyr/drivers/console/libdrivers__console.a(uart_console.c.obj)
 .text.gpio_nrfx_pin_interrupt_configure
                0x000000000002b2a8      0x100 zephyr/drivers/gpio/libdrivers__gpio.a(gpio_nrfx.c.obj)
 .text.gpio_nrfx_init
                0x000000000002b3a8       0x48 zephyr/drivers/gpio/libdrivers__gpio.a(gpio_nrfx.c.obj)
 .text.nrfx_gpio_handler
                0x000000000002b3f0       0x4c zephyr/drivers/gpio/libdrivers__gpio.a(gpio_nrfx.c.obj)
 .text.gpio_nrfx_pin_configure
                0x000000000002b43c      0x18c zephyr/drivers/gpio/libdrivers__gpio.a(gpio_nrfx.c.obj)
 .text.pcf857x_init
                0x000000000002b5c8       0xac zephyr/drivers/gpio/libdrivers__gpio.a(gpio_pcf857x.c.obj)
 .text.i2c_nrfx_twi_recover_bus
                0x000000000002b674       0x24 zephyr/drivers/i2c/libdrivers__i2c.a(i2c_nrfx_twi.c.obj)
 .text.twi_1_init
                0x000000000002b698       0x58 zephyr/drivers/i2c/libdrivers__i2c.a(i2c_nrfx_twi.c.obj)
 .text.event_handler
                0x000000000002b6f0       0x34 zephyr/drivers/i2c/libdrivers__i2c.a(i2c_nrfx_twi.c.obj)
 .text.i2c_nrfx_twi_transfer
                0x000000000002b724      0x100 zephyr/drivers/i2c/libdrivers__i2c.a(i2c_nrfx_twi.c.obj)
 .text.i2c_nrfx_twim_init
                0x000000000002b824       0x40 zephyr/drivers/i2c/libdrivers__i2c.a(i2c_nrfx_twim.c.obj)
 .text.i2c_nrfx_twim_recover_bus
                0x000000000002b864       0x3c zephyr/drivers/i2c/libdrivers__i2c.a(i2c_nrfx_twim.c.obj)
 .text.event_handler
                0x000000000002b8a0       0x34 zephyr/drivers/i2c/libdrivers__i2c.a(i2c_nrfx_twim.c.obj)
 .text.i2c_nrfx_twim_transfer
                0x000000000002b8d4      0x17c zephyr/drivers/i2c/libdrivers__i2c.a(i2c_nrfx_twim.c.obj)
 .text.nrf_gpio_pin_port_decode
                0x000000000002ba50       0x20 zephyr/drivers/pinctrl/libdrivers__pinctrl.a(pinctrl_nrf.c.obj)
 .text.pinctrl_configure_pins
                0x000000000002ba70      0x1a8 zephyr/drivers/pinctrl/libdrivers__pinctrl.a(pinctrl_nrf.c.obj)
                0x000000000002ba70                pinctrl_configure_pins
 .text.regulator_delay
                0x000000000002bc18       0x2c zephyr/drivers/regulator/libdrivers__regulator.a(regulator_common.c.obj)
 .text.uarte_0_init
                0x000000000002bc44      0x258 zephyr/drivers/serial/libdrivers__serial.a(uart_nrfx_uarte.c.obj)
 .text.uarte_nrfx_poll_out
                0x000000000002be9c       0x98 zephyr/drivers/serial/libdrivers__serial.a(uart_nrfx_uarte.c.obj)
 .text.compare_int_lock
                0x000000000002bf34       0x48 zephyr/drivers/timer/libdrivers__timer.a(nrf_rtc_timer.c.obj)
 .text.sys_clock_timeout_handler
                0x000000000002bf7c       0x48 zephyr/drivers/timer/libdrivers__timer.a(nrf_rtc_timer.c.obj)
 .text.compare_int_unlock
                0x000000000002bfc4       0x5c zephyr/drivers/timer/libdrivers__timer.a(nrf_rtc_timer.c.obj)
 .text.z_nrf_rtc_timer_read
                0x000000000002c020       0x44 zephyr/drivers/timer/libdrivers__timer.a(nrf_rtc_timer.c.obj)
                0x000000000002c020                z_nrf_rtc_timer_read
 .text.compare_set
                0x000000000002c064      0x130 zephyr/drivers/timer/libdrivers__timer.a(nrf_rtc_timer.c.obj)
 .text.sys_clock_driver_init
                0x000000000002c194       0x90 zephyr/drivers/timer/libdrivers__timer.a(nrf_rtc_timer.c.obj)
 .text.rtc_nrf_isr
                0x000000000002c224       0xd4 zephyr/drivers/timer/libdrivers__timer.a(nrf_rtc_timer.c.obj)
                0x000000000002c224                rtc_nrf_isr
 .text.sys_clock_set_timeout
                0x000000000002c2f8       0x5c zephyr/drivers/timer/libdrivers__timer.a(nrf_rtc_timer.c.obj)
                0x000000000002c2f8                sys_clock_set_timeout
 .text.sys_clock_elapsed
                0x000000000002c354       0x14 zephyr/drivers/timer/libdrivers__timer.a(nrf_rtc_timer.c.obj)
                0x000000000002c354                sys_clock_elapsed
 .text.nrf52_errata_98
                0x000000000002c368       0x24 modules/hal_nordic/nrfx/libmodules__hal_nordic__nrfx.a(system_nrf52840.c.obj)
 .text.nvmc_wait
                0x000000000002c38c       0x10 modules/hal_nordic/nrfx/libmodules__hal_nordic__nrfx.a(system_nrf52840.c.obj)
                0x000000000002c38c                nvmc_wait
 .text.SystemInit
                0x000000000002c39c      0x1bc modules/hal_nordic/nrfx/libmodules__hal_nordic__nrfx.a(system_nrf52840.c.obj)
                0x000000000002c39c                SystemInit
 .text.nrfx_flag32_alloc
                0x000000000002c558       0x48 modules/hal_nordic/nrfx/libmodules__hal_nordic__nrfx.a(nrfx_flag32_allocator.c.obj)
                0x000000000002c558                nrfx_flag32_alloc
 .text.nrfx_flag32_free
                0x000000000002c5a0       0x40 modules/hal_nordic/nrfx/libmodules__hal_nordic__nrfx.a(nrfx_flag32_allocator.c.obj)
                0x000000000002c5a0                nrfx_flag32_free
 .text.nrfx_gppi_channels_enable
                0x000000000002c5e0        0xc modules/hal_nordic/nrfx/libmodules__hal_nordic__nrfx.a(nrfx_gppi_ppi.c.obj)
                0x000000000002c5e0                nrfx_gppi_channels_enable
 .text.clock_stop
                0x000000000002c5ec       0xc4 modules/hal_nordic/nrfx/libmodules__hal_nordic__nrfx.a(nrfx_clock.c.obj)
 .text.nrfx_clock_init
                0x000000000002c6b0       0x20 modules/hal_nordic/nrfx/libmodules__hal_nordic__nrfx.a(nrfx_clock.c.obj)
                0x000000000002c6b0                nrfx_clock_init
 .text.nrfx_clock_enable
                0x000000000002c6d0       0x30 modules/hal_nordic/nrfx/libmodules__hal_nordic__nrfx.a(nrfx_clock.c.obj)
                0x000000000002c6d0                nrfx_clock_enable
 .text.nrfx_clock_start
                0x000000000002c700       0xa8 modules/hal_nordic/nrfx/libmodules__hal_nordic__nrfx.a(nrfx_clock.c.obj)
                0x000000000002c700                nrfx_clock_start
 .text.nrfx_clock_irq_handler
                0x000000000002c7a8       0x68 modules/hal_nordic/nrfx/libmodules__hal_nordic__nrfx.a(nrfx_clock.c.obj)
                0x000000000002c7a8                nrfx_clock_irq_handler
 .text.nrf_gpio_pin_port_decode
                0x000000000002c810       0x20 modules/hal_nordic/nrfx/libmodules__hal_nordic__nrfx.a(nrfx_gpiote.c.obj)
 .text.get_pin_idx
                0x000000000002c830       0x14 modules/hal_nordic/nrfx/libmodules__hal_nordic__nrfx.a(nrfx_gpiote.c.obj)
 .text.call_handler.constprop.0
                0x000000000002c844       0x40 modules/hal_nordic/nrfx/libmodules__hal_nordic__nrfx.a(nrfx_gpiote.c.obj)
 .text.pin_te_get.constprop.0
                0x000000000002c884       0x18 modules/hal_nordic/nrfx/libmodules__hal_nordic__nrfx.a(nrfx_gpiote.c.obj)
 .text.pin_is_output.constprop.0
                0x000000000002c89c       0x18 modules/hal_nordic/nrfx/libmodules__hal_nordic__nrfx.a(nrfx_gpiote.c.obj)
 .text.pin_in_use_by_te.constprop.0
                0x000000000002c8b4       0x18 modules/hal_nordic/nrfx/libmodules__hal_nordic__nrfx.a(nrfx_gpiote.c.obj)
 .text.latch_pending_read_and_check
                0x000000000002c8cc       0x40 modules/hal_nordic/nrfx/libmodules__hal_nordic__nrfx.a(nrfx_gpiote.c.obj)
 .text.release_handler.isra.0
                0x000000000002c90c       0x58 modules/hal_nordic/nrfx/libmodules__hal_nordic__nrfx.a(nrfx_gpiote.c.obj)
 .text.__nrfy_internal_gpiote_events_process.constprop.0
                0x000000000002c964       0x5c modules/hal_nordic/nrfx/libmodules__hal_nordic__nrfx.a(nrfx_gpiote.c.obj)
 .text.pin_uninit
                0x000000000002c9c0       0x80 modules/hal_nordic/nrfx/libmodules__hal_nordic__nrfx.a(nrfx_gpiote.c.obj)
 .text.nrfx_gpiote_input_configure
                0x000000000002ca40      0x174 modules/hal_nordic/nrfx/libmodules__hal_nordic__nrfx.a(nrfx_gpiote.c.obj)
                0x000000000002ca40                nrfx_gpiote_input_configure
 .text.nrfx_gpiote_output_configure
                0x000000000002cbb4       0xfc modules/hal_nordic/nrfx/libmodules__hal_nordic__nrfx.a(nrfx_gpiote.c.obj)
                0x000000000002cbb4                nrfx_gpiote_output_configure
 .text.nrfx_gpiote_global_callback_set
                0x000000000002ccb0        0xc modules/hal_nordic/nrfx/libmodules__hal_nordic__nrfx.a(nrfx_gpiote.c.obj)
                0x000000000002ccb0                nrfx_gpiote_global_callback_set
 .text.nrfx_gpiote_channel_get
                0x000000000002ccbc       0x34 modules/hal_nordic/nrfx/libmodules__hal_nordic__nrfx.a(nrfx_gpiote.c.obj)
                0x000000000002ccbc                nrfx_gpiote_channel_get
 .text.nrfx_gpiote_init
                0x000000000002ccf0       0x70 modules/hal_nordic/nrfx/libmodules__hal_nordic__nrfx.a(nrfx_gpiote.c.obj)
                0x000000000002ccf0                nrfx_gpiote_init
 .text.nrfx_gpiote_init_check
                0x000000000002cd60       0x14 modules/hal_nordic/nrfx/libmodules__hal_nordic__nrfx.a(nrfx_gpiote.c.obj)
                0x000000000002cd60                nrfx_gpiote_init_check
 .text.nrfx_gpiote_channel_free
                0x000000000002cd74        0xc modules/hal_nordic/nrfx/libmodules__hal_nordic__nrfx.a(nrfx_gpiote.c.obj)
                0x000000000002cd74                nrfx_gpiote_channel_free
 .text.nrfx_gpiote_channel_alloc
                0x000000000002cd80        0xc modules/hal_nordic/nrfx/libmodules__hal_nordic__nrfx.a(nrfx_gpiote.c.obj)
                0x000000000002cd80                nrfx_gpiote_channel_alloc
 .text.nrfx_gpiote_trigger_enable
                0x000000000002cd8c       0x9c modules/hal_nordic/nrfx/libmodules__hal_nordic__nrfx.a(nrfx_gpiote.c.obj)
                0x000000000002cd8c                nrfx_gpiote_trigger_enable
 .text.nrfx_gpiote_0_irq_handler
                0x000000000002ce28      0x1bc modules/hal_nordic/nrfx/libmodules__hal_nordic__nrfx.a(nrfx_gpiote.c.obj)
                0x000000000002ce28                nrfx_gpiote_0_irq_handler
 .text.nrfx_power_init
                0x000000000002cfe4       0x74 modules/hal_nordic/nrfx/libmodules__hal_nordic__nrfx.a(nrfx_power.c.obj)
                0x000000000002cfe4                nrfx_power_init
 .text.nrfx_power_usbevt_uninit
                0x000000000002d058       0x18 modules/hal_nordic/nrfx/libmodules__hal_nordic__nrfx.a(nrfx_power.c.obj)
                0x000000000002d058                nrfx_power_usbevt_uninit
 .text.nrfx_power_usbevt_init
                0x000000000002d070       0x14 modules/hal_nordic/nrfx/libmodules__hal_nordic__nrfx.a(nrfx_power.c.obj)
                0x000000000002d070                nrfx_power_usbevt_init
 .text.nrfx_power_irq_handler
                0x000000000002d084       0xa0 modules/hal_nordic/nrfx/libmodules__hal_nordic__nrfx.a(nrfx_power.c.obj)
                0x000000000002d084                nrfx_power_irq_handler
 .text.nrfx_ppi_channel_alloc
                0x000000000002d124        0xc modules/hal_nordic/nrfx/libmodules__hal_nordic__nrfx.a(nrfx_ppi.c.obj)
                0x000000000002d124                nrfx_ppi_channel_alloc
 .text.nrf_gpio_cfg.constprop.0
                0x000000000002d130       0x48 modules/hal_nordic/nrfx/libmodules__hal_nordic__nrfx.a(nrfx_twi.c.obj)
 .text.twi_configure
                0x000000000002d178       0x3c modules/hal_nordic/nrfx/libmodules__hal_nordic__nrfx.a(nrfx_twi.c.obj)
 .text.twi_tx_start_transfer
                0x000000000002d1b4      0x104 modules/hal_nordic/nrfx/libmodules__hal_nordic__nrfx.a(nrfx_twi.c.obj)
 .text.twi_rx_start_transfer
                0x000000000002d2b8       0xe4 modules/hal_nordic/nrfx/libmodules__hal_nordic__nrfx.a(nrfx_twi.c.obj)
 .text.nrfx_twi_init
                0x000000000002d39c       0x88 modules/hal_nordic/nrfx/libmodules__hal_nordic__nrfx.a(nrfx_twi.c.obj)
                0x000000000002d39c                nrfx_twi_init
 .text.nrfx_twi_enable
                0x000000000002d424       0x20 modules/hal_nordic/nrfx/libmodules__hal_nordic__nrfx.a(nrfx_twi.c.obj)
                0x000000000002d424                nrfx_twi_enable
 .text.nrfx_twi_disable
                0x000000000002d444       0x38 modules/hal_nordic/nrfx/libmodules__hal_nordic__nrfx.a(nrfx_twi.c.obj)
                0x000000000002d444                nrfx_twi_disable
 .text.nrfx_twi_xfer
                0x000000000002d47c       0xdc modules/hal_nordic/nrfx/libmodules__hal_nordic__nrfx.a(nrfx_twi.c.obj)
                0x000000000002d47c                nrfx_twi_xfer
 .text.nrfx_twi_1_irq_handler
                0x000000000002d558       0xd8 modules/hal_nordic/nrfx/libmodules__hal_nordic__nrfx.a(nrfx_twi.c.obj)
                0x000000000002d558                nrfx_twi_1_irq_handler
 .text.nrf_gpio_cfg.constprop.0
                0x000000000002d630       0x48 modules/hal_nordic/nrfx/libmodules__hal_nordic__nrfx.a(nrfx_twim.c.obj)
 .text.twim_configure
                0x000000000002d678       0x3c modules/hal_nordic/nrfx/libmodules__hal_nordic__nrfx.a(nrfx_twim.c.obj)
 .text.nrfx_twim_init
                0x000000000002d6b4       0x88 modules/hal_nordic/nrfx/libmodules__hal_nordic__nrfx.a(nrfx_twim.c.obj)
                0x000000000002d6b4                nrfx_twim_init
 .text.nrfx_twim_enable
                0x000000000002d73c       0x20 modules/hal_nordic/nrfx/libmodules__hal_nordic__nrfx.a(nrfx_twim.c.obj)
                0x000000000002d73c                nrfx_twim_enable
 .text.nrfx_twim_disable
                0x000000000002d75c       0x3c modules/hal_nordic/nrfx/libmodules__hal_nordic__nrfx.a(nrfx_twim.c.obj)
                0x000000000002d75c                nrfx_twim_disable
 .text.nrfx_twim_xfer
                0x000000000002d798      0x350 modules/hal_nordic/nrfx/libmodules__hal_nordic__nrfx.a(nrfx_twim.c.obj)
                0x000000000002d798                nrfx_twim_xfer
 .text.nrfx_twim_0_irq_handler
                0x000000000002dae8      0x184 modules/hal_nordic/nrfx/libmodules__hal_nordic__nrfx.a(nrfx_twim.c.obj)
                0x000000000002dae8                nrfx_twim_0_irq_handler
 .text.nrf_gpio_pin_port_decode
                0x000000000002dc6c       0x20 modules/hal_nordic/nrfx/libmodules__hal_nordic__nrfx.a(nrfx_twi_twim.c.obj)
 .text.nrfx_twi_twim_bus_recover
                0x000000000002dc8c       0xdc modules/hal_nordic/nrfx/libmodules__hal_nordic__nrfx.a(nrfx_twi_twim.c.obj)
                0x000000000002dc8c                nrfx_twi_twim_bus_recover
 .text.z_fatal_error
                0x000000000002dd68       0x30 zephyr/kernel/libkernel.a(fatal.c.obj)
                0x000000000002dd68                z_fatal_error
 .text.z_sys_init_run_level
                0x000000000002dd98       0x48 zephyr/kernel/libkernel.a(init.c.obj)
 .text.bg_thread_main
                0x000000000002dde0       0x34 zephyr/kernel/libkernel.a(init.c.obj)
 .text.z_bss_zero
                0x000000000002de14       0x18 zephyr/kernel/libkernel.a(init.c.obj)
                0x000000000002de14                z_bss_zero
 .text.z_init_cpu
                0x000000000002de2c       0x8c zephyr/kernel/libkernel.a(init.c.obj)
                0x000000000002de2c                z_init_cpu
 .text.z_cstart
                0x000000000002deb8       0xdc zephyr/kernel/libkernel.a(init.c.obj)
                0x000000000002deb8                z_cstart
 .text.init_mem_slab_obj_core_list
                0x000000000002df94       0x24 zephyr/kernel/libkernel.a(mem_slab.c.obj)
 .text.k_mem_slab_alloc
                0x000000000002dfb8       0x5c zephyr/kernel/libkernel.a(mem_slab.c.obj)
                0x000000000002dfb8                k_mem_slab_alloc
 .text.z_setup_new_thread
                0x000000000002e014       0x90 zephyr/kernel/libkernel.a(thread.c.obj)
                0x000000000002e014                z_setup_new_thread
 .text.z_impl_k_thread_create
                0x000000000002e0a4       0x58 zephyr/kernel/libkernel.a(thread.c.obj)
                0x000000000002e0a4                z_impl_k_thread_create
 .text.z_init_static_threads
                0x000000000002e0fc       0x98 zephyr/kernel/libkernel.a(thread.c.obj)
                0x000000000002e0fc                z_init_static_threads
 .text.sliceable
                0x000000000002e194       0x3c zephyr/kernel/libkernel.a(sched.c.obj)
 .text.slice_timeout
                0x000000000002e1d0       0x20 zephyr/kernel/libkernel.a(sched.c.obj)
 .text.z_reset_time_slice
                0x000000000002e1f0       0x50 zephyr/kernel/libkernel.a(sched.c.obj)
                0x000000000002e1f0                z_reset_time_slice
 .text.update_cache
                0x000000000002e240       0x3c zephyr/kernel/libkernel.a(sched.c.obj)
 .text.move_thread_to_end_of_prio_q
                0x000000000002e27c       0x74 zephyr/kernel/libkernel.a(sched.c.obj)
 .text.ready_thread
                0x000000000002e2f0       0x68 zephyr/kernel/libkernel.a(sched.c.obj)
 .text.unready_thread
                0x000000000002e358       0x30 zephyr/kernel/libkernel.a(sched.c.obj)
 .text.pend_locked
                0x000000000002e388       0x30 zephyr/kernel/libkernel.a(sched.c.obj)
 .text.z_thread_halt
                0x000000000002e3b8       0xa0 zephyr/kernel/libkernel.a(sched.c.obj)
 .text.z_time_slice
                0x000000000002e458       0x60 zephyr/kernel/libkernel.a(sched.c.obj)
                0x000000000002e458                z_time_slice
 .text.z_pend_curr
                0x000000000002e4b8       0x3c zephyr/kernel/libkernel.a(sched.c.obj)
                0x000000000002e4b8                z_pend_curr
 .text.z_set_prio
                0x000000000002e4f4       0x8c zephyr/kernel/libkernel.a(sched.c.obj)
                0x000000000002e4f4                z_set_prio
 .text.z_reschedule
                0x000000000002e580       0x24 zephyr/kernel/libkernel.a(sched.c.obj)
                0x000000000002e580                z_reschedule
 .text.z_sched_start
                0x000000000002e5a4       0x3c zephyr/kernel/libkernel.a(sched.c.obj)
                0x000000000002e5a4                z_sched_start
 .text.z_reschedule_irqlock
                0x000000000002e5e0       0x28 zephyr/kernel/libkernel.a(sched.c.obj)
                0x000000000002e5e0                z_reschedule_irqlock
 .text.k_sched_lock
                0x000000000002e608       0x28 zephyr/kernel/libkernel.a(sched.c.obj)
                0x000000000002e608                k_sched_lock
 .text.k_sched_unlock
                0x000000000002e630       0x38 zephyr/kernel/libkernel.a(sched.c.obj)
                0x000000000002e630                k_sched_unlock
 .text.z_sched_init
                0x000000000002e668       0x10 zephyr/kernel/libkernel.a(sched.c.obj)
                0x000000000002e668                z_sched_init
 .text.z_impl_k_yield
                0x000000000002e678       0x7c zephyr/kernel/libkernel.a(sched.c.obj)
                0x000000000002e678                z_impl_k_yield
 .text.z_tick_sleep
                0x000000000002e6f4       0x88 zephyr/kernel/libkernel.a(sched.c.obj)
 .text.z_impl_k_sleep
                0x000000000002e77c       0x3c zephyr/kernel/libkernel.a(sched.c.obj)
                0x000000000002e77c                z_impl_k_sleep
 .text.z_impl_k_usleep
                0x000000000002e7b8       0x3c zephyr/kernel/libkernel.a(sched.c.obj)
                0x000000000002e7b8                z_impl_k_usleep
 .text.z_impl_k_sched_current_thread_query
                0x000000000002e7f4        0xc zephyr/kernel/libkernel.a(sched.c.obj)
                0x000000000002e7f4                z_impl_k_sched_current_thread_query
 .text.z_sched_wait
                0x000000000002e800       0x24 zephyr/kernel/libkernel.a(sched.c.obj)
                0x000000000002e800                z_sched_wait
 .text.z_impl_k_mutex_unlock
                0x000000000002e824       0x78 zephyr/kernel/libkernel.a(mutex.c.obj)
                0x000000000002e824                z_impl_k_mutex_unlock
 .text.z_impl_k_mutex_lock
                0x000000000002e89c       0xf4 zephyr/kernel/libkernel.a(mutex.c.obj)
                0x000000000002e89c                z_impl_k_mutex_lock
 .text.z_impl_k_queue_get
                0x000000000002e990       0x68 zephyr/kernel/libkernel.a(queue.c.obj)
                0x000000000002e990                z_impl_k_queue_get
 .text.z_impl_k_sem_give
                0x000000000002e9f8       0x48 zephyr/kernel/libkernel.a(sem.c.obj)
                0x000000000002e9f8                z_impl_k_sem_give
 .text.z_impl_k_sem_take
                0x000000000002ea40       0x50 zephyr/kernel/libkernel.a(sem.c.obj)
                0x000000000002ea40                z_impl_k_sem_take
 .text.work_queue_main
                0x000000000002ea90      0x14c zephyr/kernel/libkernel.a(work.c.obj)
 .text.submit_to_queue_locked
                0x000000000002ebdc       0xb4 zephyr/kernel/libkernel.a(work.c.obj)
 .text.k_work_submit
                0x000000000002ec90        0xc zephyr/kernel/libkernel.a(work.c.obj)
                0x000000000002ec90                k_work_submit
 .text.k_work_queue_start
                0x000000000002ec9c       0x70 zephyr/kernel/libkernel.a(work.c.obj)
                0x000000000002ec9c                k_work_queue_start
 .text.k_work_schedule_for_queue
                0x000000000002ed0c       0x54 zephyr/kernel/libkernel.a(work.c.obj)
                0x000000000002ed0c                k_work_schedule_for_queue
 .text.z_data_copy
                0x000000000002ed60       0x34 zephyr/kernel/libkernel.a(xip.c.obj)
                0x000000000002ed60                z_data_copy
 .text.elapsed  0x000000000002ed94       0x14 zephyr/kernel/libkernel.a(timeout.c.obj)
 .text.next_timeout
                0x000000000002eda8       0x40 zephyr/kernel/libkernel.a(timeout.c.obj)
 .text.remove_timeout
                0x000000000002ede8       0x38 zephyr/kernel/libkernel.a(timeout.c.obj)
 .text.z_add_timeout
                0x000000000002ee20       0xec zephyr/kernel/libkernel.a(timeout.c.obj)
                0x000000000002ee20                z_add_timeout
 .text.sys_clock_announce
                0x000000000002ef0c       0xd4 zephyr/kernel/libkernel.a(timeout.c.obj)
                0x000000000002ef0c                sys_clock_announce
 .text.sys_clock_tick_get
                0x000000000002efe0       0x34 zephyr/kernel/libkernel.a(timeout.c.obj)
                0x000000000002efe0                sys_clock_tick_get
 .text.z_timer_expiration_handler
                0x000000000002f014       0xe4 zephyr/kernel/libkernel.a(timer.c.obj)
                0x000000000002f014                z_timer_expiration_handler
 .text.z_impl_k_timer_start
                0x000000000002f0f8       0x74 zephyr/kernel/libkernel.a(timer.c.obj)
                0x000000000002f0f8                z_impl_k_timer_start
 .text.z_thread_aligned_alloc
                0x000000000002f16c       0x40 zephyr/kernel/libkernel.a(mempool.c.obj)
                0x000000000002f16c                z_thread_aligned_alloc
 .text.boot_banner
                0x000000000002f1ac       0x24 zephyr/kernel/libkernel.a(banner.c.obj)
                0x000000000002f1ac                boot_banner
 .text.statics_init
                0x000000000002f1d0       0x24 zephyr/kernel/libkernel.a(kheap.c.obj)
 .text.k_sys_work_q_init
                0x000000000002f1f4       0x34 zephyr/kernel/libkernel.a(system_work_q.c.obj)
 .text.printf   0x000000000002f228       0x24 /Users/lucasmichel/zephyr-sdk-0.16.5-1/arm-zephyr-eabi/bin/../lib/gcc/../../picolibc/arm-zephyr-eabi/lib/thumb/v7e-m/nofp/libc.a(libc_tinystdio_printf.c.o)
                0x000000000002f228                printf
 .text.puts     0x000000000002f24c       0x40 /Users/lucasmichel/zephyr-sdk-0.16.5-1/arm-zephyr-eabi/bin/../lib/gcc/../../picolibc/arm-zephyr-eabi/lib/thumb/v7e-m/nofp/libc.a(libc_tinystdio_puts.c.o)
                0x000000000002f24c                puts
 .text.__l_vfprintf
                0x000000000002f28c      0x4b8 /Users/lucasmichel/zephyr-sdk-0.16.5-1/arm-zephyr-eabi/bin/../lib/gcc/../../picolibc/arm-zephyr-eabi/lib/thumb/v7e-m/nofp/libc.a(libc_tinystdio_vflprintf.c.o)
                0x000000000002f28c                __l_vfprintf
 .text._OffsetAbsSyms
                0x000000000002f744        0x2 zephyr/CMakeFiles/offsets.dir/./arch/arm/core/offsets/offsets.c.obj
                0x000000000002f744                _OffsetAbsSyms
 .text.chunk_size
                0x000000000002f746        0xa zephyr/libzephyr.a(heap.c.obj)
 .text.free_list_add
                0x000000000002f750       0x4e zephyr/libzephyr.a(heap.c.obj)
 .text.free_list_remove_bidx
                0x000000000002f79e       0x3a zephyr/libzephyr.a(heap.c.obj)
 .text.free_list_remove
                0x000000000002f7d8       0x1a zephyr/libzephyr.a(heap.c.obj)
 .text.alloc_chunk
                0x000000000002f7f2       0x6e zephyr/libzephyr.a(heap.c.obj)
 .text.merge_chunks
                0x000000000002f860       0x2c zephyr/libzephyr.a(heap.c.obj)
 .text.split_chunks
                0x000000000002f88c       0x34 zephyr/libzephyr.a(heap.c.obj)
 .text.free_chunk
                0x000000000002f8c0       0x62 zephyr/libzephyr.a(heap.c.obj)
 .text.sys_heap_free
                0x000000000002f922       0x1e zephyr/libzephyr.a(heap.c.obj)
                0x000000000002f922                sys_heap_free
 .text.sys_heap_alloc
                0x000000000002f940       0x52 zephyr/libzephyr.a(heap.c.obj)
                0x000000000002f940                sys_heap_alloc
 .text.sys_heap_aligned_alloc
                0x000000000002f992       0xd0 zephyr/libzephyr.a(heap.c.obj)
                0x000000000002f992                sys_heap_aligned_alloc
 .text.sys_heap_init
                0x000000000002fa62       0x7a zephyr/libzephyr.a(heap.c.obj)
                0x000000000002fa62                sys_heap_init
 .text.arch_printk_char_out
                0x000000000002fadc        0x4 zephyr/libzephyr.a(printk.c.obj)
                0x000000000002fadc                arch_printk_char_out
 .text.printk   0x000000000002fae0       0x1a zephyr/libzephyr.a(printk.c.obj)
                0x000000000002fae0                printk
 .text.sys_slist_find_and_remove
                0x000000000002fafa       0x36 zephyr/libzephyr.a(onoff.c.obj)
 .text.process_recheck
                0x000000000002fb30       0x38 zephyr/libzephyr.a(onoff.c.obj)
 .text.validate_args
                0x000000000002fb68       0x20 zephyr/libzephyr.a(onoff.c.obj)
 .text.notify_one
                0x000000000002fb88       0x2c zephyr/libzephyr.a(onoff.c.obj)
 .text.transition_complete
                0x000000000002fbb4       0x1c zephyr/libzephyr.a(onoff.c.obj)
 .text.onoff_manager_init
                0x000000000002fbd0       0x26 zephyr/libzephyr.a(onoff.c.obj)
                0x000000000002fbd0                onoff_manager_init
 .text.onoff_request
                0x000000000002fbf6       0xb0 zephyr/libzephyr.a(onoff.c.obj)
                0x000000000002fbf6                onoff_request
 .text.onoff_release
                0x000000000002fca6       0x4a zephyr/libzephyr.a(onoff.c.obj)
                0x000000000002fca6                onoff_release
 .text.onoff_cancel
                0x000000000002fcf0       0x38 zephyr/libzephyr.a(onoff.c.obj)
                0x000000000002fcf0                onoff_cancel
 .text.sys_notify_validate
                0x000000000002fd28       0x22 zephyr/libzephyr.a(notify.c.obj)
                0x000000000002fd28                sys_notify_validate
 .text.sys_notify_finalize
                0x000000000002fd4a       0x1a zephyr/libzephyr.a(notify.c.obj)
                0x000000000002fd4a                sys_notify_finalize
 .text.ring_buf_put_claim
                0x000000000002fd64       0x3e zephyr/libzephyr.a(ring_buffer.c.obj)
                0x000000000002fd64                ring_buf_put_claim
 .text.ring_buf_put_finish
                0x000000000002fda2       0x2a zephyr/libzephyr.a(ring_buffer.c.obj)
                0x000000000002fda2                ring_buf_put_finish
 .text.ring_buf_put
                0x000000000002fdcc       0x3e zephyr/libzephyr.a(ring_buffer.c.obj)
                0x000000000002fdcc                ring_buf_put
 .text.ring_buf_get_claim
                0x000000000002fe0a       0x40 zephyr/libzephyr.a(ring_buffer.c.obj)
                0x000000000002fe0a                ring_buf_get_claim
 .text.ring_buf_get_finish
                0x000000000002fe4a       0x2a zephyr/libzephyr.a(ring_buffer.c.obj)
                0x000000000002fe4a                ring_buf_get_finish
 .text.ring_buf_get
                0x000000000002fe74       0x40 zephyr/libzephyr.a(ring_buffer.c.obj)
                0x000000000002fe74                ring_buf_get
 .text._ConfigAbsSyms
                0x000000000002feb4        0x2 zephyr/libzephyr.a(configs.c.obj)
                0x000000000002feb4                _ConfigAbsSyms
 .text.get_ep_bm_from_addr
                0x000000000002feb6       0x1c zephyr/libzephyr.a(usb_device.c.obj)
 .text.usb_write
                0x000000000002fed2       0x30 zephyr/libzephyr.a(usb_device.c.obj)
                0x000000000002fed2                usb_write
 .text.usb_get_dev_data_by_cfg
                0x000000000002ff02       0x18 zephyr/libzephyr.a(usb_descriptor.c.obj)
                0x000000000002ff02                usb_get_dev_data_by_cfg
 .text.usb_get_dev_data_by_iface
                0x000000000002ff1a       0x1c zephyr/libzephyr.a(usb_descriptor.c.obj)
                0x000000000002ff1a                usb_get_dev_data_by_iface
 .text.usb_get_dev_data_by_ep
                0x000000000002ff36       0x2c zephyr/libzephyr.a(usb_descriptor.c.obj)
                0x000000000002ff36                usb_get_dev_data_by_ep
 .text.usb_transfer_is_busy
                0x000000000002ff62       0x16 zephyr/libzephyr.a(usb_transfer.c.obj)
                0x000000000002ff62                usb_transfer_is_busy
 .text.cdc_interface_config
                0x000000000002ff78       0x14 zephyr/libzephyr.a(cdc_acm.c.obj)
 .text.cdc_acm_irq_callback_work_handler
                0x000000000002ff8c        0xa zephyr/libzephyr.a(cdc_acm.c.obj)
 .text.cdc_acm_irq_tx_disable
                0x000000000002ff96        0xa zephyr/libzephyr.a(cdc_acm.c.obj)
 .text.cdc_acm_irq_tx_ready
                0x000000000002ffa0        0xe zephyr/libzephyr.a(cdc_acm.c.obj)
 .text.cdc_acm_irq_rx_disable
                0x000000000002ffae        0xa zephyr/libzephyr.a(cdc_acm.c.obj)
 .text.cdc_acm_irq_rx_ready
                0x000000000002ffb8        0x8 zephyr/libzephyr.a(cdc_acm.c.obj)
 .text.cdc_acm_irq_is_pending
                0x000000000002ffc0       0x1e zephyr/libzephyr.a(cdc_acm.c.obj)
 .text.cdc_acm_irq_update
                0x000000000002ffde        0x4 zephyr/libzephyr.a(cdc_acm.c.obj)
 .text.cdc_acm_irq_callback_set
                0x000000000002ffe2        0x8 zephyr/libzephyr.a(cdc_acm.c.obj)
 .text.cdc_acm_fifo_read
                0x000000000002ffea       0x54 zephyr/libzephyr.a(cdc_acm.c.obj)
 .text.cdc_acm_poll_in
                0x000000000003003e       0x12 zephyr/libzephyr.a(cdc_acm.c.obj)
 .text.z_arm_fatal_error
                0x0000000000030050        0x4 zephyr/arch/arch/arm/core/libarch__arm__core.a(fatal.c.obj)
                0x0000000000030050                z_arm_fatal_error
 .text.z_do_kernel_oops
                0x0000000000030054        0x8 zephyr/arch/arch/arm/core/libarch__arm__core.a(fatal.c.obj)
                0x0000000000030054                z_do_kernel_oops
 .text.z_arm_nmi
                0x000000000003005c        0xe zephyr/arch/arch/arm/core/libarch__arm__core.a(nmi.c.obj)
                0x000000000003005c                z_arm_nmi
 .text.z_irq_spurious
                0x000000000003006a        0x8 zephyr/arch/arch/arm/core/cortex_m/libarch__arm__core__cortex_m.a(irq_manage.c.obj)
                0x000000000003006a                z_irq_spurious
 .text.size_to_mpu_rasr_size
                0x0000000000030072       0x20 zephyr/arch/arch/arm/core/mpu/libarch__arm__core__mpu.a(arm_mpu.c.obj)
 .text.picolibc_put
                0x0000000000030092        0xa zephyr/lib/libc/picolibc/liblib__libc__picolibc.a(libc-hooks.c.obj)
 .text.ep_ctx_reset
                0x000000000003009c       0x26 zephyr/drivers/usb/device/libdrivers__usb__device.a(usb_dc_nrfx.c.obj)
 .text.k_mutex_lock.constprop.0.isra.0
                0x00000000000300c2        0x4 zephyr/drivers/usb/device/libdrivers__usb__device.a(usb_dc_nrfx.c.obj)
 .text.k_mutex_unlock.isra.0
                0x00000000000300c6        0x4 zephyr/drivers/usb/device/libdrivers__usb__device.a(usb_dc_nrfx.c.obj)
 .text.usb_dc_ep_check_cap
                0x00000000000300ca       0x2a zephyr/drivers/usb/device/libdrivers__usb__device.a(usb_dc_nrfx.c.obj)
                0x00000000000300ca                usb_dc_ep_check_cap
 .text.usb_dc_ep_disable
                0x00000000000300f4       0x32 zephyr/drivers/usb/device/libdrivers__usb__device.a(usb_dc_nrfx.c.obj)
                0x00000000000300f4                usb_dc_ep_disable
 .text.usb_dc_ep_read
                0x0000000000030126       0x1e zephyr/drivers/usb/device/libdrivers__usb__device.a(usb_dc_nrfx.c.obj)
                0x0000000000030126                usb_dc_ep_read
 .text.ep2bit   0x0000000000030144       0x10 zephyr/drivers/usb/common/nrf_usbd_common/libdrivers__usb__common__nrf_usbd_common.a(nrf_usbd_common.c.obj)
 .text.nrf_usbd_common_ep_max_packet_size_set
                0x0000000000030154        0xa zephyr/drivers/usb/common/nrf_usbd_common/libdrivers__usb__common__nrf_usbd_common.a(nrf_usbd_common.c.obj)
                0x0000000000030154                nrf_usbd_common_ep_max_packet_size_set
 .text.nrf_usbd_common_ep_status_get
                0x000000000003015e       0x2e zephyr/drivers/usb/common/nrf_usbd_common/libdrivers__usb__common__nrf_usbd_common.a(nrf_usbd_common.c.obj)
                0x000000000003015e                nrf_usbd_common_ep_status_get
 .text.adc_context_on_timer_expired
                0x000000000003018c       0x2e zephyr/drivers/adc/libdrivers__adc.a(adc_nrfx_saadc.c.obj)
 .text.get_status
                0x00000000000301ba       0x12 zephyr/drivers/clock_control/libdrivers__clock_control.a(clock_control_nrf.c.obj)
 .text.set_on_state
                0x00000000000301cc       0x26 zephyr/drivers/clock_control/libdrivers__clock_control.a(clock_control_nrf.c.obj)
 .text.stop     0x00000000000301f2       0x54 zephyr/drivers/clock_control/libdrivers__clock_control.a(clock_control_nrf.c.obj)
 .text.api_stop
                0x0000000000030246        0x6 zephyr/drivers/clock_control/libdrivers__clock_control.a(clock_control_nrf.c.obj)
 .text.async_start
                0x000000000003024c       0x5e zephyr/drivers/clock_control/libdrivers__clock_control.a(clock_control_nrf.c.obj)
 .text.api_start
                0x00000000000302aa        0xe zephyr/drivers/clock_control/libdrivers__clock_control.a(clock_control_nrf.c.obj)
 .text.onoff_started_callback
                0x00000000000302b8       0x12 zephyr/drivers/clock_control/libdrivers__clock_control.a(clock_control_nrf.c.obj)
 .text.lfclk_start
                0x00000000000302ca        0x6 zephyr/drivers/clock_control/libdrivers__clock_control.a(clock_control_nrf.c.obj)
 .text.lfclk_stop
                0x00000000000302d0        0x6 zephyr/drivers/clock_control/libdrivers__clock_control.a(clock_control_nrf.c.obj)
 .text.blocking_start_callback
                0x00000000000302d6        0x6 zephyr/drivers/clock_control/libdrivers__clock_control.a(clock_control_nrf.c.obj)
 .text.gpio_nrfx_port_get_raw
                0x00000000000302dc        0xe zephyr/drivers/gpio/libdrivers__gpio.a(gpio_nrfx.c.obj)
 .text.gpio_nrfx_port_set_masked_raw
                0x00000000000302ea       0x18 zephyr/drivers/gpio/libdrivers__gpio.a(gpio_nrfx.c.obj)
 .text.gpio_nrfx_port_set_bits_raw
                0x0000000000030302        0xc zephyr/drivers/gpio/libdrivers__gpio.a(gpio_nrfx.c.obj)
 .text.gpio_nrfx_port_clear_bits_raw
                0x000000000003030e        0xc zephyr/drivers/gpio/libdrivers__gpio.a(gpio_nrfx.c.obj)
 .text.gpio_nrfx_port_toggle_bits
                0x000000000003031a       0x1a zephyr/drivers/gpio/libdrivers__gpio.a(gpio_nrfx.c.obj)
 .text.gpio_nrfx_manage_callback
                0x0000000000030334       0x52 zephyr/drivers/gpio/libdrivers__gpio.a(gpio_nrfx.c.obj)
 .text.pcf857x_pin_interrupt_configure
                0x0000000000030386       0x1a zephyr/drivers/gpio/libdrivers__gpio.a(gpio_pcf857x.c.obj)
 .text.pcf857x_manage_callback
                0x00000000000303a0       0x52 zephyr/drivers/gpio/libdrivers__gpio.a(gpio_pcf857x.c.obj)
 .text.pcf857x_int_gpio_handler
                0x00000000000303f2        0x8 zephyr/drivers/gpio/libdrivers__gpio.a(gpio_pcf857x.c.obj)
 .text.pcf857x_process_input
                0x00000000000303fa       0x42 zephyr/drivers/gpio/libdrivers__gpio.a(gpio_pcf857x.c.obj)
 .text.pcf857x_work_handler
                0x000000000003043c       0x5e zephyr/drivers/gpio/libdrivers__gpio.a(gpio_pcf857x.c.obj)
 .text.pcf857x_port_get_raw
                0x000000000003049a       0x46 zephyr/drivers/gpio/libdrivers__gpio.a(gpio_pcf857x.c.obj)
 .text.pcf857x_port_set_raw
                0x00000000000304e0       0x88 zephyr/drivers/gpio/libdrivers__gpio.a(gpio_pcf857x.c.obj)
 .text.pcf857x_port_toggle_bits
                0x0000000000030568        0xa zephyr/drivers/gpio/libdrivers__gpio.a(gpio_pcf857x.c.obj)
 .text.pcf857x_port_clear_bits_raw
                0x0000000000030572        0xa zephyr/drivers/gpio/libdrivers__gpio.a(gpio_pcf857x.c.obj)
 .text.pcf857x_port_set_bits_raw
                0x000000000003057c        0xa zephyr/drivers/gpio/libdrivers__gpio.a(gpio_pcf857x.c.obj)
 .text.pcf857x_port_set_masked_raw
                0x0000000000030586        0xa zephyr/drivers/gpio/libdrivers__gpio.a(gpio_pcf857x.c.obj)
 .text.pcf857x_pin_configure
                0x0000000000030590       0x7c zephyr/drivers/gpio/libdrivers__gpio.a(gpio_pcf857x.c.obj)
 .text.z_impl_hwinfo_get_device_id
                0x000000000003060c       0x28 zephyr/drivers/hwinfo/libdrivers__hwinfo.a(hwinfo_nrf.c.obj)
                0x000000000003060c                z_impl_hwinfo_get_device_id
 .text.i2c_nrfx_twi_configure
                0x0000000000030634       0x32 zephyr/drivers/i2c/libdrivers__i2c.a(i2c_nrfx_twi.c.obj)
 .text.i2c_nrfx_twim_configure
                0x0000000000030666       0x2e zephyr/drivers/i2c/libdrivers__i2c.a(i2c_nrfx_twim.c.obj)
 .text.irq_connect0
                0x0000000000030694        0xa zephyr/drivers/i2c/libdrivers__i2c.a(i2c_nrfx_twim.c.obj)
 .text.pinctrl_apply_state.constprop.0
                0x000000000003069e       0x20 zephyr/drivers/i2c/libdrivers__i2c.a(i2c_nrfx_twim.c.obj)
 .text.pinctrl_lookup_state
                0x00000000000306be       0x26 zephyr/drivers/pinctrl/libdrivers__pinctrl.a(common.c.obj)
                0x00000000000306be                pinctrl_lookup_state
 .text.regulator_common_data_init
                0x00000000000306e4       0x10 zephyr/drivers/regulator/libdrivers__regulator.a(regulator_common.c.obj)
                0x00000000000306e4                regulator_common_data_init
 .text.regulator_set_voltage
                0x00000000000306f4       0x28 zephyr/drivers/regulator/libdrivers__regulator.a(regulator_common.c.obj)
                0x00000000000306f4                regulator_set_voltage
 .text.regulator_set_current_limit
                0x000000000003071c       0x28 zephyr/drivers/regulator/libdrivers__regulator.a(regulator_common.c.obj)
                0x000000000003071c                regulator_set_current_limit
 .text.regulator_set_mode
                0x0000000000030744       0x3e zephyr/drivers/regulator/libdrivers__regulator.a(regulator_common.c.obj)
                0x0000000000030744                regulator_set_mode
 .text.regulator_common_init
                0x0000000000030782       0xda zephyr/drivers/regulator/libdrivers__regulator.a(regulator_common.c.obj)
                0x0000000000030782                regulator_common_init
 .text.gpio_pin_set
                0x000000000003085c       0x20 zephyr/drivers/regulator/libdrivers__regulator.a(regulator_fixed.c.obj)
 .text.regulator_fixed_enable
                0x000000000003087c       0x1e zephyr/drivers/regulator/libdrivers__regulator.a(regulator_fixed.c.obj)
 .text.regulator_fixed_count_voltages
                0x000000000003089a        0xe zephyr/drivers/regulator/libdrivers__regulator.a(regulator_fixed.c.obj)
 .text.regulator_fixed_list_voltage
                0x00000000000308a8       0x1a zephyr/drivers/regulator/libdrivers__regulator.a(regulator_fixed.c.obj)
 .text.regulator_fixed_init
                0x00000000000308c2       0x56 zephyr/drivers/regulator/libdrivers__regulator.a(regulator_fixed.c.obj)
 .text.regulator_fixed_disable
                0x0000000000030918       0x16 zephyr/drivers/regulator/libdrivers__regulator.a(regulator_fixed.c.obj)
 .text.uarte_nrfx_err_check
                0x000000000003092e        0xe zephyr/drivers/serial/libdrivers__serial.a(uart_nrfx_uarte.c.obj)
 .text.tx_start
                0x000000000003093c       0x3e zephyr/drivers/serial/libdrivers__serial.a(uart_nrfx_uarte.c.obj)
 .text.uarte_nrfx_poll_in
                0x000000000003097a       0x28 zephyr/drivers/serial/libdrivers__serial.a(uart_nrfx_uarte.c.obj)
 .text.uarte_nrfx_fifo_read
                0x00000000000309a2       0x2e zephyr/drivers/serial/libdrivers__serial.a(uart_nrfx_uarte.c.obj)
 .text.uarte_nrfx_irq_tx_enable
                0x00000000000309d0       0x2e zephyr/drivers/serial/libdrivers__serial.a(uart_nrfx_uarte.c.obj)
 .text.uarte_nrfx_irq_tx_disable
                0x00000000000309fe        0xa zephyr/drivers/serial/libdrivers__serial.a(uart_nrfx_uarte.c.obj)
 .text.uarte_nrfx_irq_tx_ready_complete
                0x0000000000030a08       0x2a zephyr/drivers/serial/libdrivers__serial.a(uart_nrfx_uarte.c.obj)
 .text.uarte_nrfx_irq_rx_ready
                0x0000000000030a32       0x10 zephyr/drivers/serial/libdrivers__serial.a(uart_nrfx_uarte.c.obj)
 .text.uarte_nrfx_irq_rx_enable
                0x0000000000030a42        0xc zephyr/drivers/serial/libdrivers__serial.a(uart_nrfx_uarte.c.obj)
 .text.uarte_nrfx_irq_rx_disable
                0x0000000000030a4e        0xc zephyr/drivers/serial/libdrivers__serial.a(uart_nrfx_uarte.c.obj)
 .text.uarte_nrfx_irq_err_enable
                0x0000000000030a5a        0xe zephyr/drivers/serial/libdrivers__serial.a(uart_nrfx_uarte.c.obj)
 .text.uarte_nrfx_irq_err_disable
                0x0000000000030a68        0xe zephyr/drivers/serial/libdrivers__serial.a(uart_nrfx_uarte.c.obj)
 .text.uarte_nrfx_irq_is_pending
                0x0000000000030a76       0x36 zephyr/drivers/serial/libdrivers__serial.a(uart_nrfx_uarte.c.obj)
 .text.uarte_nrfx_irq_update
                0x0000000000030aac        0x4 zephyr/drivers/serial/libdrivers__serial.a(uart_nrfx_uarte.c.obj)
 .text.uarte_nrfx_irq_callback_set
                0x0000000000030ab0        0xc zephyr/drivers/serial/libdrivers__serial.a(uart_nrfx_uarte.c.obj)
 .text.is_tx_ready.isra.0
                0x0000000000030abc       0x20 zephyr/drivers/serial/libdrivers__serial.a(uart_nrfx_uarte.c.obj)
 .text.uarte_nrfx_fifo_fill
                0x0000000000030adc       0x78 zephyr/drivers/serial/libdrivers__serial.a(uart_nrfx_uarte.c.obj)
 .text.uarte_nrfx_isr_int
                0x0000000000030b54       0xc0 zephyr/drivers/serial/libdrivers__serial.a(uart_nrfx_uarte.c.obj)
 .text.event_clear
                0x0000000000030c14       0x18 zephyr/drivers/timer/libdrivers__timer.a(nrf_rtc_timer.c.obj)
 .text.nrfx_isr
                0x0000000000030c2c        0x2 modules/hal_nordic/nrfx/libmodules__hal_nordic__nrfx.a(nrfx_glue.c.obj)
                0x0000000000030c2c                nrfx_isr
 .text.nrfx_busy_wait
                0x0000000000030c2e        0x4 modules/hal_nordic/nrfx/libmodules__hal_nordic__nrfx.a(nrfx_glue.c.obj)
                0x0000000000030c2e                nrfx_busy_wait
 .text.nrfx_gppi_channel_endpoints_setup
                0x0000000000030c32       0x14 modules/hal_nordic/nrfx/libmodules__hal_nordic__nrfx.a(nrfx_gppi_ppi.c.obj)
                0x0000000000030c32                nrfx_gppi_channel_endpoints_setup
 .text.nrfx_clock_stop
                0x0000000000030c46        0x4 modules/hal_nordic/nrfx/libmodules__hal_nordic__nrfx.a(nrfx_clock.c.obj)
                0x0000000000030c46                nrfx_clock_stop
 .text.nrf_gpio_reconfigure
                0x0000000000030c4a       0x92 modules/hal_nordic/nrfx/libmodules__hal_nordic__nrfx.a(nrfx_gpiote.c.obj)
 .text.nrf_gpio_cfg_sense_set
                0x0000000000030cdc       0x1e modules/hal_nordic/nrfx/libmodules__hal_nordic__nrfx.a(nrfx_gpiote.c.obj)
 .text.pin_trigger_disable
                0x0000000000030cfa       0x48 modules/hal_nordic/nrfx/libmodules__hal_nordic__nrfx.a(nrfx_gpiote.c.obj)
 .text.nrfx_gpiote_pin_uninit
                0x0000000000030d42        0x4 modules/hal_nordic/nrfx/libmodules__hal_nordic__nrfx.a(nrfx_gpiote.c.obj)
                0x0000000000030d42                nrfx_gpiote_pin_uninit
 .text.nrfx_gpiote_trigger_disable
                0x0000000000030d46        0x4 modules/hal_nordic/nrfx/libmodules__hal_nordic__nrfx.a(nrfx_gpiote.c.obj)
                0x0000000000030d46                nrfx_gpiote_trigger_disable
 .text.nrf_power_event_get_and_clear.constprop.0
                0x0000000000030d4a       0x18 modules/hal_nordic/nrfx/libmodules__hal_nordic__nrfx.a(nrfx_power.c.obj)
 .text.nrfx_power_usbevt_enable
                0x0000000000030d62        0xe modules/hal_nordic/nrfx/libmodules__hal_nordic__nrfx.a(nrfx_power.c.obj)
                0x0000000000030d62                nrfx_power_usbevt_enable
 .text.nrfx_power_usbevt_disable
                0x0000000000030d70        0xe modules/hal_nordic/nrfx/libmodules__hal_nordic__nrfx.a(nrfx_power.c.obj)
                0x0000000000030d70                nrfx_power_usbevt_disable
 .text.nrfx_power_clock_irq_handler
                0x0000000000030d7e        0xe modules/hal_nordic/nrfx/libmodules__hal_nordic__nrfx.a(nrfx_power.c.obj)
                0x0000000000030d7e                nrfx_power_clock_irq_handler
 .text.twi_transfer
                0x0000000000030d8c      0x130 modules/hal_nordic/nrfx/libmodules__hal_nordic__nrfx.a(nrfx_twi.c.obj)
 .text.xfer_completeness_check
                0x0000000000030ebc       0x62 modules/hal_nordic/nrfx/libmodules__hal_nordic__nrfx.a(nrfx_twim.c.obj)
 .text.__nrfy_internal_twim_event_handle.isra.0
                0x0000000000030f1e       0x22 modules/hal_nordic/nrfx/libmodules__hal_nordic__nrfx.a(nrfx_twim.c.obj)
 .text.__nrfy_internal_twim_events_process.constprop.0
                0x0000000000030f40       0x54 modules/hal_nordic/nrfx/libmodules__hal_nordic__nrfx.a(nrfx_twim.c.obj)
 .text.nrf_gpio_pin_set
                0x0000000000030f94       0x1a modules/hal_nordic/nrfx/libmodules__hal_nordic__nrfx.a(nrfx_twi_twim.c.obj)
 .text.z_impl_k_busy_wait
                0x0000000000030fae        0x8 zephyr/kernel/libkernel.a(busy_wait.c.obj)
                0x0000000000030fae                z_impl_k_busy_wait
 .text.z_device_state_init
                0x0000000000030fb6        0x2 zephyr/kernel/libkernel.a(device.c.obj)
                0x0000000000030fb6                z_device_state_init
 .text.z_device_is_ready
                0x0000000000030fb8       0x16 zephyr/kernel/libkernel.a(device.c.obj)
                0x0000000000030fb8                z_device_is_ready
 .text.arch_system_halt
                0x0000000000030fce       0x12 zephyr/kernel/libkernel.a(fatal.c.obj)
                0x0000000000030fce                arch_system_halt
 .text.k_sys_fatal_error_handler
                0x0000000000030fe0        0x6 zephyr/kernel/libkernel.a(fatal.c.obj)
                0x0000000000030fe0                k_sys_fatal_error_handler
 .text.z_early_memset
                0x0000000000030fe6        0x4 zephyr/kernel/libkernel.a(init.c.obj)
                0x0000000000030fe6                z_early_memset
 .text.z_early_memcpy
                0x0000000000030fea        0x4 zephyr/kernel/libkernel.a(init.c.obj)
                0x0000000000030fea                z_early_memcpy
 .text.create_free_list
                0x0000000000030fee       0x2c zephyr/kernel/libkernel.a(mem_slab.c.obj)
 .text.k_mem_slab_free
                0x000000000003101a       0x4c zephyr/kernel/libkernel.a(mem_slab.c.obj)
                0x000000000003101a                k_mem_slab_free
 .text.k_is_in_isr
                0x0000000000031066        0xc zephyr/kernel/libkernel.a(thread.c.obj)
                0x0000000000031066                k_is_in_isr
 .text.z_impl_k_thread_name_set
                0x0000000000031072        0x6 zephyr/kernel/libkernel.a(thread.c.obj)
                0x0000000000031072                z_impl_k_thread_name_set
 .text.z_impl_k_thread_start
                0x0000000000031078        0x4 zephyr/kernel/libkernel.a(thread.c.obj)
                0x0000000000031078                z_impl_k_thread_start
 .text.sys_dlist_remove
                0x000000000003107c       0x10 zephyr/kernel/libkernel.a(sched.c.obj)
 .text.unpend_thread_no_timeout
                0x000000000003108c       0x14 zephyr/kernel/libkernel.a(sched.c.obj)
 .text.add_to_waitq_locked
                0x00000000000310a0       0x50 zephyr/kernel/libkernel.a(sched.c.obj)
 .text.z_ready_thread
                0x00000000000310f0       0x20 zephyr/kernel/libkernel.a(sched.c.obj)
                0x00000000000310f0                z_ready_thread
 .text.z_impl_k_thread_suspend
                0x0000000000031110       0x36 zephyr/kernel/libkernel.a(sched.c.obj)
                0x0000000000031110                z_impl_k_thread_suspend
 .text.z_unpend_thread_no_timeout
                0x0000000000031146       0x24 zephyr/kernel/libkernel.a(sched.c.obj)
                0x0000000000031146                z_unpend_thread_no_timeout
 .text.z_sched_wake_thread
                0x000000000003116a       0x44 zephyr/kernel/libkernel.a(sched.c.obj)
                0x000000000003116a                z_sched_wake_thread
 .text.z_thread_timeout
                0x00000000000311ae        0x8 zephyr/kernel/libkernel.a(sched.c.obj)
                0x00000000000311ae                z_thread_timeout
 .text.z_unpend1_no_timeout
                0x00000000000311b6       0x2e zephyr/kernel/libkernel.a(sched.c.obj)
                0x00000000000311b6                z_unpend1_no_timeout
 .text.z_unpend_first_thread
                0x00000000000311e4       0x38 zephyr/kernel/libkernel.a(sched.c.obj)
                0x00000000000311e4                z_unpend_first_thread
 .text.z_unpend_thread
                0x000000000003121c       0x30 zephyr/kernel/libkernel.a(sched.c.obj)
                0x000000000003121c                z_unpend_thread
 .text.z_reschedule_unlocked
                0x000000000003124c       0x14 zephyr/kernel/libkernel.a(sched.c.obj)
 .text.z_unpend_all
                0x0000000000031260       0x20 zephyr/kernel/libkernel.a(sched.c.obj)
                0x0000000000031260                z_unpend_all
 .text.z_thread_abort
                0x0000000000031280       0x42 zephyr/kernel/libkernel.a(sched.c.obj)
                0x0000000000031280                z_thread_abort
 .text.z_sched_wake
                0x00000000000312c2       0x46 zephyr/kernel/libkernel.a(sched.c.obj)
                0x00000000000312c2                z_sched_wake
 .text.idle     0x0000000000031308       0x18 zephyr/kernel/libkernel.a(idle.c.obj)
                0x0000000000031308                idle
 .text.adjust_owner_prio.isra.0
                0x0000000000031320       0x10 zephyr/kernel/libkernel.a(mutex.c.obj)
 .text.z_impl_k_mutex_init
                0x0000000000031330        0xe zephyr/kernel/libkernel.a(mutex.c.obj)
                0x0000000000031330                z_impl_k_mutex_init
 .text.queue_insert
                0x000000000003133e       0xc4 zephyr/kernel/libkernel.a(queue.c.obj)
 .text.z_queue_node_peek
                0x0000000000031402       0x18 zephyr/kernel/libkernel.a(queue.c.obj)
                0x0000000000031402                z_queue_node_peek
 .text.k_queue_append
                0x000000000003141a       0x16 zephyr/kernel/libkernel.a(queue.c.obj)
                0x000000000003141a                k_queue_append
 .text.z_impl_k_sem_init
                0x0000000000031430       0x18 zephyr/kernel/libkernel.a(sem.c.obj)
                0x0000000000031430                z_impl_k_sem_init
 .text.flag_test_and_clear
                0x0000000000031448       0x16 zephyr/kernel/libkernel.a(work.c.obj)
 .text.notify_queue_locked.isra.0
                0x000000000003145e        0xe zephyr/kernel/libkernel.a(work.c.obj)
 .text.work_timeout
                0x000000000003146c       0x3e zephyr/kernel/libkernel.a(work.c.obj)
 .text.k_work_init
                0x00000000000314aa       0x12 zephyr/kernel/libkernel.a(work.c.obj)
                0x00000000000314aa                k_work_init
 .text.z_work_submit_to_queue
                0x00000000000314bc       0x28 zephyr/kernel/libkernel.a(work.c.obj)
                0x00000000000314bc                z_work_submit_to_queue
 .text.k_work_submit_to_queue
                0x00000000000314e4       0x22 zephyr/kernel/libkernel.a(work.c.obj)
                0x00000000000314e4                k_work_submit_to_queue
 .text.k_work_init_delayable
                0x0000000000031506       0x18 zephyr/kernel/libkernel.a(work.c.obj)
                0x0000000000031506                k_work_init_delayable
 .text.z_abort_timeout
                0x000000000003151e       0x2c zephyr/kernel/libkernel.a(timeout.c.obj)
                0x000000000003151e                z_abort_timeout
 .text.sys_clock_tick_get_32
                0x000000000003154a        0x8 zephyr/kernel/libkernel.a(timeout.c.obj)
                0x000000000003154a                sys_clock_tick_get_32
 .text.z_impl_k_uptime_ticks
                0x0000000000031552        0x4 zephyr/kernel/libkernel.a(timeout.c.obj)
                0x0000000000031552                z_impl_k_uptime_ticks
 .text.sys_timepoint_calc
                0x0000000000031556       0x48 zephyr/kernel/libkernel.a(timeout.c.obj)
                0x0000000000031556                sys_timepoint_calc
 .text.sys_timepoint_timeout
                0x000000000003159e       0x42 zephyr/kernel/libkernel.a(timeout.c.obj)
                0x000000000003159e                sys_timepoint_timeout
 .text.z_impl_k_timer_stop
                0x00000000000315e0       0x3a zephyr/kernel/libkernel.a(timer.c.obj)
                0x00000000000315e0                z_impl_k_timer_stop
 .text.k_free   0x000000000003161a        0xe zephyr/kernel/libkernel.a(mempool.c.obj)
                0x000000000003161a                k_free
 .text.k_heap_init
                0x0000000000031628       0x10 zephyr/kernel/libkernel.a(kheap.c.obj)
                0x0000000000031628                k_heap_init
 .text.k_heap_aligned_alloc
                0x0000000000031638       0x86 zephyr/kernel/libkernel.a(kheap.c.obj)
                0x0000000000031638                k_heap_aligned_alloc
 .text.k_heap_free
                0x00000000000316be       0x3a zephyr/kernel/libkernel.a(kheap.c.obj)
                0x00000000000316be                k_heap_free
 .text.memcpy   0x00000000000316f8       0x1c /Users/lucasmichel/zephyr-sdk-0.16.5-1/arm-zephyr-eabi/bin/../lib/gcc/../../picolibc/arm-zephyr-eabi/lib/thumb/v7e-m/nofp/libc.a(memcpy.c.o)
                0x00000000000316f8                memcpy
                0x00000000000316f8                __aeabi_memcpy
                0x00000000000316f8                __aeabi_memcpy4
                0x00000000000316f8                __aeabi_memcpy8
 .text.memset   0x0000000000031714       0x10 /Users/lucasmichel/zephyr-sdk-0.16.5-1/arm-zephyr-eabi/bin/../lib/gcc/../../picolibc/arm-zephyr-eabi/lib/thumb/v7e-m/nofp/libc.a(memset.c.o)
                0x0000000000031714                memset
 .text.strnlen  0x0000000000031724       0x18 /Users/lucasmichel/zephyr-sdk-0.16.5-1/arm-zephyr-eabi/bin/../lib/gcc/../../picolibc/arm-zephyr-eabi/lib/thumb/v7e-m/nofp/libc.a(libc_string_strnlen.c.o)
                0x0000000000031724                strnlen
 .text.__ultoa_invert
                0x000000000003173c       0xae /Users/lucasmichel/zephyr-sdk-0.16.5-1/arm-zephyr-eabi/bin/../lib/gcc/../../picolibc/arm-zephyr-eabi/lib/thumb/v7e-m/nofp/libc.a(libc_tinystdio_vflprintf.c.o)
 *(SORT_BY_ALIGNMENT(.TEXT.*))
 *fill*         0x00000000000317ea        0x2 
 .TEXT.__aeabi_read_tp
                0x00000000000317ec        0xc zephyr/arch/arch/arm/core/cortex_m/libarch__arm__core__cortex_m.a(__aeabi_read_tp.S.obj)
                0x00000000000317ec                __aeabi_read_tp
 *(SORT_BY_ALIGNMENT(.gnu.linkonce.t.*))
 *(SORT_BY_ALIGNMENT(.glue_7t))
 .glue_7t       0x00000000000317f8        0x0 linker stubs
 *(SORT_BY_ALIGNMENT(.glue_7))
 .glue_7        0x00000000000317f8        0x0 linker stubs
 *(SORT_BY_ALIGNMENT(.vfp11_veneer))
 .vfp11_veneer  0x00000000000317f8        0x0 linker stubs
 *(SORT_BY_ALIGNMENT(.v4_bx))
 .v4_bx         0x00000000000317f8        0x0 linker stubs
                0x00000000000317f8                . = ALIGN (0x4)
                0x00000000000317f8                __text_region_end = .

.ARM.exidx      0x00000000000317f8        0x8
                0x00000000000317f8                __exidx_start = .
 *(SORT_BY_ALIGNMENT(.ARM.exidx*) SORT_BY_ALIGNMENT(gnu.linkonce.armexidx.*))
 .ARM.exidx     0x00000000000317f8        0x8 /Users/lucasmichel/zephyr-sdk-0.16.5-1/arm-zephyr-eabi/bin/../lib/gcc/arm-zephyr-eabi/12.2.0/thumb/v7e-m/nofp/libgcc.a(_udivmoddi4.o)
 .ARM.exidx     0x0000000000031800        0x0 /Users/lucasmichel/zephyr-sdk-0.16.5-1/arm-zephyr-eabi/bin/../lib/gcc/../../picolibc/arm-zephyr-eabi/lib/thumb/v7e-m/nofp/libc.a(strlen.S.o)
                                          0x8 (size before relaxing)
                0x0000000000031800                __exidx_end = .
                0x0000000000031800                __rodata_region_start = .

initlevel       0x0000000000031800       0xa0
                0x0000000000031800                __init_start = .
                0x0000000000031800                __init_EARLY_start = .
 *(SORT_BY_NAME(SORT_BY_ALIGNMENT(.z_init_EARLY?_*)))
 *(SORT_BY_NAME(SORT_BY_ALIGNMENT(.z_init_EARLY??_*)))
                0x0000000000031800                __init_PRE_KERNEL_1_start = .