Archive member included to satisfy reference by file (symbol)

app/libapp.a(main.c.obj)      (--whole-archive)
zephyr/libzephyr.a(heap.c.obj)
                              (--whole-archive)
zephyr/libzephyr.a(cbprintf_packaged.c.obj)
                              (--whole-archive)
zephyr/libzephyr.a(printk.c.obj)
                              (--whole-archive)
zephyr/libzephyr.a(sem.c.obj)
                              (--whole-archive)
zephyr/libzephyr.a(thread_entry.c.obj)
                              (--whole-archive)
zephyr/libzephyr.a(cbprintf_complete.c.obj)
                              (--whole-archive)
zephyr/libzephyr.a(assert.c.obj)
                              (--whole-archive)
zephyr/libzephyr.a(dec.c.obj)
                              (--whole-archive)
zephyr/libzephyr.a(hex.c.obj)
                              (--whole-archive)
zephyr/libzephyr.a(rb.c.obj)  (--whole-archive)
zephyr/libzephyr.a(timeutil.c.obj)
                              (--whole-archive)
zephyr/libzephyr.a(bitarray.c.obj)
                              (--whole-archive)
zephyr/libzephyr.a(onoff.c.obj)
                              (--whole-archive)
zephyr/libzephyr.a(notify.c.obj)
                              (--whole-archive)
zephyr/libzephyr.a(ring_buffer.c.obj)
                              (--whole-archive)
zephyr/libzephyr.a(configs.c.obj)
                              (--whole-archive)
zephyr/libzephyr.a(mem_attr.c.obj)
                              (--whole-archive)
zephyr/libzephyr.a(tracing_none.c.obj)
                              (--whole-archive)
zephyr/libzephyr.a(usb_device.c.obj)
                              (--whole-archive)
zephyr/libzephyr.a(usb_descriptor.c.obj)
                              (--whole-archive)
zephyr/libzephyr.a(usb_transfer.c.obj)
                              (--whole-archive)
zephyr/libzephyr.a(cdc_acm.c.obj)
                              (--whole-archive)
zephyr/libzephyr.a(usb_work_q.c.obj)
                              (--whole-archive)
zephyr/arch/common/libarch__common.a(sw_isr_common.c.obj)
                              (--whole-archive)
zephyr/arch/arch/arm/core/libarch__arm__core.a(fatal.c.obj)
                              (--whole-archive)
zephyr/arch/arch/arm/core/libarch__arm__core.a(nmi.c.obj)
                              (--whole-archive)
zephyr/arch/arch/arm/core/libarch__arm__core.a(nmi_on_reset.S.obj)
                              (--whole-archive)
zephyr/arch/arch/arm/core/libarch__arm__core.a(tls.c.obj)
                              (--whole-archive)
zephyr/arch/arch/arm/core/cortex_m/libarch__arm__core__cortex_m.a(exc_exit.S.obj)
                              (--whole-archive)
zephyr/arch/arch/arm/core/cortex_m/libarch__arm__core__cortex_m.a(fault.c.obj)
                              (--whole-archive)
zephyr/arch/arch/arm/core/cortex_m/libarch__arm__core__cortex_m.a(fault_s.S.obj)
                              (--whole-archive)
zephyr/arch/arch/arm/core/cortex_m/libarch__arm__core__cortex_m.a(fpu.c.obj)
                              (--whole-archive)
zephyr/arch/arch/arm/core/cortex_m/libarch__arm__core__cortex_m.a(reset.S.obj)
                              (--whole-archive)
zephyr/arch/arch/arm/core/cortex_m/libarch__arm__core__cortex_m.a(scb.c.obj)
                              (--whole-archive)
zephyr/arch/arch/arm/core/cortex_m/libarch__arm__core__cortex_m.a(thread_abort.c.obj)
                              (--whole-archive)
zephyr/arch/arch/arm/core/cortex_m/libarch__arm__core__cortex_m.a(vector_table.S.obj)
                              (--whole-archive)
zephyr/arch/arch/arm/core/cortex_m/libarch__arm__core__cortex_m.a(swap.c.obj)
                              (--whole-archive)
zephyr/arch/arch/arm/core/cortex_m/libarch__arm__core__cortex_m.a(swap_helper.S.obj)
                              (--whole-archive)
zephyr/arch/arch/arm/core/cortex_m/libarch__arm__core__cortex_m.a(irq_manage.c.obj)
                              (--whole-archive)
zephyr/arch/arch/arm/core/cortex_m/libarch__arm__core__cortex_m.a(prep_c.c.obj)
                              (--whole-archive)
zephyr/arch/arch/arm/core/cortex_m/libarch__arm__core__cortex_m.a(thread.c.obj)
                              (--whole-archive)
zephyr/arch/arch/arm/core/cortex_m/libarch__arm__core__cortex_m.a(cpu_idle.S.obj)
                              (--whole-archive)
zephyr/arch/arch/arm/core/cortex_m/libarch__arm__core__cortex_m.a(irq_init.c.obj)
                              (--whole-archive)
zephyr/arch/arch/arm/core/cortex_m/libarch__arm__core__cortex_m.a(isr_wrapper.S.obj)
                              (--whole-archive)
zephyr/arch/arch/arm/core/cortex_m/libarch__arm__core__cortex_m.a(__aeabi_read_tp.S.obj)
                              (--whole-archive)
zephyr/arch/arch/arm/core/mpu/libarch__arm__core__mpu.a(arm_core_mpu.c.obj)
                              (--whole-archive)
zephyr/arch/arch/arm/core/mpu/libarch__arm__core__mpu.a(arm_mpu.c.obj)
                              (--whole-archive)
[...]
Memory Configuration

Name             Origin             Length             Attributes
FLASH            0x0000000000027000 0x00000000000c5000 xr
RAM              0x0000000020000000 0x0000000000040000 xw
IDT_LIST         0x00000000ffff7fff 0x0000000000008000 xw
*default*        0x0000000000000000 0xffffffffffffffff

Linker script and memory map

                0x000000000002db18                vfprintf = __l_vfprintf
                0x0000000000000000                vfscanf = __l_vfscanf
LOAD zephyr/CMakeFiles/zephyr_pre0.dir/misc/empty_file.c.obj
LOAD zephyr/CMakeFiles/offsets.dir/./arch/arm/core/offsets/offsets.c.obj
LOAD app/libapp.a
LOAD zephyr/libzephyr.a
LOAD zephyr/arch/common/libarch__common.a
LOAD zephyr/arch/arch/arm/core/libarch__arm__core.a
LOAD zephyr/arch/arch/arm/core/cortex_m/libarch__arm__core__cortex_m.a
LOAD zephyr/arch/arch/arm/core/mpu/libarch__arm__core__mpu.a
LOAD zephyr/lib/libc/picolibc/liblib__libc__picolibc.a
LOAD zephyr/lib/libc/common/liblib__libc__common.a
LOAD zephyr/soc/soc/arm/nordic_nrf/libsoc__arm__nordic_nrf.a
LOAD zephyr/drivers/usb/device/libdrivers__usb__device.a
LOAD zephyr/drivers/usb/common/nrf_usbd_common/libdrivers__usb__common__nrf_usbd_common.a
LOAD zephyr/drivers/clock_control/libdrivers__clock_control.a
LOAD zephyr/drivers/console/libdrivers__console.a
LOAD zephyr/drivers/gpio/libdrivers__gpio.a
LOAD zephyr/drivers/hwinfo/libdrivers__hwinfo.a
LOAD zephyr/drivers/pinctrl/libdrivers__pinctrl.a
LOAD zephyr/drivers/regulator/libdrivers__regulator.a
LOAD zephyr/drivers/serial/libdrivers__serial.a
LOAD zephyr/drivers/timer/libdrivers__timer.a
LOAD modules/hal_nordic/nrfx/libmodules__hal_nordic__nrfx.a
LOAD zephyr/kernel/libkernel.a
LOAD /home/paulm/Documents/TélécomParis/1A/ARTISHOW/zephyr/zephyr-sdk-0.16.5/arm-zephyr-eabi/bin/../lib/gcc/arm-zephyr-eabi/12.2.0/thumb/v7e-m/nofp/libgcc.a
LOAD zephyr/arch/common/libisr_tables.a
LOAD /home/paulm/Documents/TélécomParis/1A/ARTISHOW/zephyr/zephyr-sdk-0.16.5/arm-zephyr-eabi/bin/../lib/gcc/../../picolibc/arm-zephyr-eabi/lib/thumb/v7e-m/nofp/libc.a
LOAD /home/paulm/Documents/TélécomParis/1A/ARTISHOW/zephyr/zephyr-sdk-0.16.5/arm-zephyr-eabi/bin/../lib/gcc/arm-zephyr-eabi/12.2.0/thumb/v7e-m/nofp/libgcc.a
                0x0000000000000020                _region_min_align = 0x20

.rel.plt        0x0000000000027000        0x0
 *(SORT_BY_ALIGNMENT(.rel.plt))
                [!provide]                        PROVIDE (__rel_iplt_start = .)
 *(SORT_BY_ALIGNMENT(.rel.iplt))
 .rel.iplt      0x0000000000027000        0x0 app/libapp.a(main.c.obj)
                [!provide]                        PROVIDE (__rel_iplt_end = .)

.rela.plt       0x0000000000000000        0x0
 *(SORT_BY_ALIGNMENT(.rela.plt))
                [!provide]                        PROVIDE (__rela_iplt_start = .)
 *(SORT_BY_ALIGNMENT(.rela.iplt))
                [!provide]                        PROVIDE (__rela_iplt_end = .)

.rel.dyn
 *(SORT_BY_ALIGNMENT(.rel.*))

.rela.dyn
 *(SORT_BY_ALIGNMENT(.rela.*))

/DISCARD/
 *(SORT_BY_ALIGNMENT(.plt))

/DISCARD/
 *(SORT_BY_ALIGNMENT(.iplt))
                0x0000000000027000                __rom_region_start = 0x27000

rom_start       0x0000000000027000      0x100
                0x0000000000027000                __rom_start_address = .
 FILL mask 0x00
                0x0000000000027000                . = (. + (0x0 - (. - __rom_start_address)))
                0x0000000000027000                . = ALIGN (0x4)
                0x0000000000027000                . = ALIGN (0x80)
                0x0000000000027000                . = ALIGN (0x100)
                0x0000000000027000                _vector_start = .
 *(SORT_BY_ALIGNMENT(.exc_vector_table))
 *(SORT_BY_ALIGNMENT(.exc_vector_table.*))
 .exc_vector_table._vector_table_section
                0x0000000000027000       0x40 zephyr/arch/arch/arm/core/cortex_m/libarch__arm__core__cortex_m.a(vector_table.S.obj)
                0x0000000000027000                _vector_table
 *(SORT_BY_ALIGNMENT(.vectors))
                0x0000000000027100                _vector_end = .
                0x0000000000027040                . = ALIGN (0x4)
 *(SORT_BY_ALIGNMENT(.gnu.linkonce.irq_vector_table*))
 .gnu.linkonce.irq_vector_table
                0x0000000000027040       0xc0 zephyr/arch/common/libisr_tables.a(isr_tables.c.obj)
                0x0000000000027040                _irq_vector_table
                0x0000000000027100                _vector_end = .

text            0x0000000000027100     0x8994
                0x0000000000027100                __text_region_start = .
 *(SORT_BY_ALIGNMENT(.text))
 .text          0x0000000000027100       0x30 /home/paulm/Documents/TélécomParis/1A/ARTISHOW/zephyr/zephyr-sdk-0.16.5/arm-zephyr-eabi/bin/../lib/gcc/arm-zephyr-eabi/12.2.0/thumb/v7e-m/nofp/libgcc.a(_aeabi_uldivmod.o)
                0x0000000000027100                __aeabi_uldivmod
 .text          0x0000000000027130        0x4 /home/paulm/Documents/TélécomParis/1A/ARTISHOW/zephyr/zephyr-sdk-0.16.5/arm-zephyr-eabi/bin/../lib/gcc/arm-zephyr-eabi/12.2.0/thumb/v7e-m/nofp/libgcc.a(_dvmd_tls.o)
                0x0000000000027130                __aeabi_ldiv0
                0x0000000000027130                __aeabi_idiv0
 .text          0x0000000000027134      0x2a0 /home/paulm/Documents/TélécomParis/1A/ARTISHOW/zephyr/zephyr-sdk-0.16.5/arm-zephyr-eabi/bin/../lib/gcc/arm-zephyr-eabi/12.2.0/thumb/v7e-m/nofp/libgcc.a(_udivmoddi4.o)
                0x0000000000027134                __udivmoddi4
 .text          0x00000000000273d4       0x10 /home/paulm/Documents/TélécomParis/1A/ARTISHOW/zephyr/zephyr-sdk-0.16.5/arm-zephyr-eabi/bin/../lib/gcc/../../picolibc/arm-zephyr-eabi/lib/thumb/v7e-m/nofp/libc.a(strlen.S.o)
                0x00000000000273d4                strlen
 *(SORT_BY_ALIGNMENT(.text.*))
 .text.main     0x00000000000273e4       0x74 app/libapp.a(main.c.obj)
                0x00000000000273e4                main
 .text.char_out
                0x0000000000027458        0xc zephyr/libzephyr.a(printk.c.obj)
 .text.vprintk  0x0000000000027464       0x30 zephyr/libzephyr.a(printk.c.obj)
                0x0000000000027464                vprintk
 .text.__printk_hook_install
                0x0000000000027494        0xc zephyr/libzephyr.a(printk.c.obj)
                0x0000000000027494                __printk_hook_install
 .text.z_thread_entry
                0x00000000000274a0       0x34 zephyr/libzephyr.a(thread_entry.c.obj)
                0x00000000000274a0                z_thread_entry
 .text.process_event
                0x00000000000274d4      0x21c zephyr/libzephyr.a(onoff.c.obj)
 .text.mem_attr_get_regions
                0x00000000000276f0        0xc zephyr/libzephyr.a(mem_attr.c.obj)
                0x00000000000276f0                mem_attr_get_regions
 .text.class_handler
                0x00000000000276fc       0x40 zephyr/libzephyr.a(usb_device.c.obj)
 .text.custom_handler
                0x000000000002773c       0x60 zephyr/libzephyr.a(usb_device.c.obj)
 .text.vendor_handler
                0x000000000002779c       0x3c zephyr/libzephyr.a(usb_device.c.obj)
 .text.disable_endpoint
                0x00000000000277d8       0x2c zephyr/libzephyr.a(usb_device.c.obj)
 .text.usb_reset_alt_setting
                0x0000000000027804       0x10 zephyr/libzephyr.a(usb_device.c.obj)
 .text.is_ep_valid.part.0
                0x0000000000027814       0x38 zephyr/libzephyr.a(usb_device.c.obj)
 .text.usb_handle_request.constprop.0
                0x000000000002784c       0x2c zephyr/libzephyr.a(usb_device.c.obj)
 .text.forward_status_cb
                0x0000000000027878       0xac zephyr/libzephyr.a(usb_device.c.obj)
 .text.usb_halt_endpoint_req.isra.0
                0x0000000000027924       0x50 zephyr/libzephyr.a(usb_device.c.obj)
 .text.set_endpoint
                0x0000000000027974       0x84 zephyr/libzephyr.a(usb_device.c.obj)
 .text.usb_handle_standard_request
                0x00000000000279f8      0x2ec zephyr/libzephyr.a(usb_device.c.obj)
 .text.usb_data_to_host
                0x0000000000027ce4       0x60 zephyr/libzephyr.a(usb_device.c.obj)
 .text.usb_handle_control_transfer
                0x0000000000027d44       0xdc zephyr/libzephyr.a(usb_device.c.obj)
 .text.usb_set_config
                0x0000000000027e20       0x2c zephyr/libzephyr.a(usb_device.c.obj)
                0x0000000000027e20                usb_set_config
 .text.usb_enable
                0x0000000000027e4c      0x124 zephyr/libzephyr.a(usb_device.c.obj)
                0x0000000000027e4c                usb_enable
 .text.usb_device_init
                0x0000000000027f70       0x30 zephyr/libzephyr.a(usb_device.c.obj)
 .text.usb_update_sn_string_descriptor
                0x0000000000027fa0       0x88 zephyr/libzephyr.a(usb_descriptor.c.obj)
                0x0000000000027fa0                usb_update_sn_string_descriptor
 .text.usb_get_device_descriptor
                0x0000000000028028      0x1d8 zephyr/libzephyr.a(usb_descriptor.c.obj)
                0x0000000000028028                usb_get_device_descriptor
 .text.usb_ep_get_transfer
                0x0000000000028200       0x2c zephyr/libzephyr.a(usb_transfer.c.obj)
 .text.usb_transfer_work
                0x000000000002822c      0x100 zephyr/libzephyr.a(usb_transfer.c.obj)
 .text.usb_transfer_ep_callback
                0x000000000002832c       0x5c zephyr/libzephyr.a(usb_transfer.c.obj)
                0x000000000002832c                usb_transfer_ep_callback
 .text.usb_transfer
                0x0000000000028388       0xe4 zephyr/libzephyr.a(usb_transfer.c.obj)
                0x0000000000028388                usb_transfer
 .text.usb_cancel_transfer
                0x000000000002846c       0x3c zephyr/libzephyr.a(usb_transfer.c.obj)
                0x000000000002846c                usb_cancel_transfer
 .text.usb_cancel_transfers
                0x00000000000284a8       0x48 zephyr/libzephyr.a(usb_transfer.c.obj)
                0x00000000000284a8                usb_cancel_transfers
 .text.usb_transfer_init
                0x00000000000284f0       0x34 zephyr/libzephyr.a(usb_transfer.c.obj)
                0x00000000000284f0                usb_transfer_init
 .text.cdc_acm_class_handle_req
                0x0000000000028524       0x64 zephyr/libzephyr.a(cdc_acm.c.obj)
                0x0000000000028524                cdc_acm_class_handle_req
 .text.cdc_acm_int_in
                0x0000000000028588       0x18 zephyr/libzephyr.a(cdc_acm.c.obj)
 .text.cdc_acm_irq_rx_enable
                0x00000000000285a0       0x20 zephyr/libzephyr.a(cdc_acm.c.obj)
 .text.cdc_acm_irq_tx_enable
                0x00000000000285c0       0x20 zephyr/libzephyr.a(cdc_acm.c.obj)
 .text.cdc_acm_write_cb
                0x00000000000285e0       0x54 zephyr/libzephyr.a(cdc_acm.c.obj)
 .text.cdc_acm_fifo_fill
                0x0000000000028634       0x38 zephyr/libzephyr.a(cdc_acm.c.obj)
 .text.cdc_acm_reset_port
                0x000000000002866c       0x3c zephyr/libzephyr.a(cdc_acm.c.obj)
 .text.tx_work_handler
                0x00000000000286a8       0x64 zephyr/libzephyr.a(cdc_acm.c.obj)
 .text.cdc_acm_init
                0x000000000002870c       0x48 zephyr/libzephyr.a(cdc_acm.c.obj)
 .text.cdc_acm_poll_out
                0x0000000000028754       0x4c zephyr/libzephyr.a(cdc_acm.c.obj)
 .text.cdc_acm_read_cb
                0x00000000000287a0       0x74 zephyr/libzephyr.a(cdc_acm.c.obj)
 .text.cdc_acm_dev_status_cb
                0x0000000000028814       0x84 zephyr/libzephyr.a(cdc_acm.c.obj)
 .text.z_usb_work_q_init
                0x0000000000028898       0x34 zephyr/libzephyr.a(usb_work_q.c.obj)
 .text.z_SysNmiOnReset
                0x00000000000288cc        0x8 zephyr/arch/arch/arm/core/libarch__arm__core.a(nmi_on_reset.S.obj)
                0x00000000000288cc                z_SysNmiOnReset
 .text.arch_tls_stack_setup
                0x00000000000288d4       0x5c zephyr/arch/arch/arm/core/libarch__arm__core.a(tls.c.obj)
                0x00000000000288d4                arch_tls_stack_setup
 .text._HandlerModeExit
                0x0000000000028930       0x1c zephyr/arch/arch/arm/core/cortex_m/libarch__arm__core__cortex_m.a(exc_exit.S.obj)
                0x0000000000028930                z_arm_exc_exit
                0x0000000000028930                z_arm_int_exit
 .text.mem_manage_fault
                0x000000000002894c       0xa0 zephyr/arch/arch/arm/core/cortex_m/libarch__arm__core__cortex_m.a(fault.c.obj)
 .text.usage_fault.constprop.0
                0x00000000000289ec       0x54 zephyr/arch/arch/arm/core/cortex_m/libarch__arm__core__cortex_m.a(fault.c.obj)
 .text.bus_fault.constprop.0
                0x0000000000028a40       0x6c zephyr/arch/arch/arm/core/cortex_m/libarch__arm__core__cortex_m.a(fault.c.obj)
 .text.z_arm_fault
                0x0000000000028aac      0x128 zephyr/arch/arch/arm/core/cortex_m/libarch__arm__core__cortex_m.a(fault.c.obj)
                0x0000000000028aac                z_arm_fault
 .text.z_arm_fault_init
                0x0000000000028bd4       0x10 zephyr/arch/arch/arm/core/cortex_m/libarch__arm__core__cortex_m.a(fault.c.obj)
                0x0000000000028bd4                z_arm_fault_init
 .text.__fault  0x0000000000028be4       0x14 zephyr/arch/arch/arm/core/cortex_m/libarch__arm__core__cortex_m.a(fault_s.S.obj)
                0x0000000000028be4                z_arm_bus_fault
                0x0000000000028be4                z_arm_usage_fault
                0x0000000000028be4                z_arm_mpu_fault
                0x0000000000028be4                z_arm_exc_spurious
                0x0000000000028be4                z_arm_debug_monitor
                0x0000000000028be4                z_arm_hard_fault
 .text._reset_section
                0x0000000000028bf8       0x30 zephyr/arch/arch/arm/core/cortex_m/libarch__arm__core__cortex_m.a(reset.S.obj)
                0x0000000000028bf8                z_arm_reset
                0x0000000000028bf8                __start
 .text.z_impl_k_thread_abort
                0x0000000000028c28       0x2c zephyr/arch/arch/arm/core/cortex_m/libarch__arm__core__cortex_m.a(thread_abort.c.obj)
                0x0000000000028c28                z_impl_k_thread_abort
 .text.arch_swap
                0x0000000000028c54       0x30 zephyr/arch/arch/arm/core/cortex_m/libarch__arm__core__cortex_m.a(swap.c.obj)
                0x0000000000028c54                arch_swap
 .text.z_arm_pendsv
                0x0000000000028c84       0x64 zephyr/arch/arch/arm/core/cortex_m/libarch__arm__core__cortex_m.a(swap_helper.S.obj)
                0x0000000000028c84                z_arm_pendsv
 .text.z_arm_svc
                0x0000000000028ce8       0x20 zephyr/arch/arch/arm/core/cortex_m/libarch__arm__core__cortex_m.a(swap_helper.S.obj)
                0x0000000000028ce8                z_arm_svc
 .text.arch_irq_enable
                0x0000000000028d08       0x1c zephyr/arch/arch/arm/core/cortex_m/libarch__arm__core__cortex_m.a(irq_manage.c.obj)
                0x0000000000028d08                arch_irq_enable
 .text.arch_irq_disable
                0x0000000000028d24       0x28 zephyr/arch/arch/arm/core/cortex_m/libarch__arm__core__cortex_m.a(irq_manage.c.obj)
                0x0000000000028d24                arch_irq_disable
 .text.arch_irq_is_enabled
                0x0000000000028d4c       0x1c zephyr/arch/arch/arm/core/cortex_m/libarch__arm__core__cortex_m.a(irq_manage.c.obj)
                0x0000000000028d4c                arch_irq_is_enabled
 .text.z_arm_irq_priority_set
                0x0000000000028d68       0x30 zephyr/arch/arch/arm/core/cortex_m/libarch__arm__core__cortex_m.a(irq_manage.c.obj)
                0x0000000000028d68                z_arm_irq_priority_set
 .text.z_prep_c
                0x0000000000028d98       0x48 zephyr/arch/arch/arm/core/cortex_m/libarch__arm__core__cortex_m.a(prep_c.c.obj)
                0x0000000000028d98                z_prep_c
 .text.arch_new_thread
                0x0000000000028de0       0x38 zephyr/arch/arch/arm/core/cortex_m/libarch__arm__core__cortex_m.a(thread.c.obj)
                0x0000000000028de0                arch_new_thread
 .text.z_check_thread_stack_fail
                0x0000000000028e18       0x2c zephyr/arch/arch/arm/core/cortex_m/libarch__arm__core__cortex_m.a(thread.c.obj)
                0x0000000000028e18                z_check_thread_stack_fail
 .text.arch_switch_to_main_thread
                0x0000000000028e44       0x38 zephyr/arch/arch/arm/core/cortex_m/libarch__arm__core__cortex_m.a(thread.c.obj)
                0x0000000000028e44                arch_switch_to_main_thread
 .text.z_arm_cpu_idle_init
                0x0000000000028e7c        0xc zephyr/arch/arch/arm/core/cortex_m/libarch__arm__core__cortex_m.a(cpu_idle.S.obj)
                0x0000000000028e7c                z_arm_cpu_idle_init
 .text.arch_cpu_idle
                0x0000000000028e88       0x1c zephyr/arch/arch/arm/core/cortex_m/libarch__arm__core__cortex_m.a(cpu_idle.S.obj)
                0x0000000000028e88                arch_cpu_idle
 .text.arch_cpu_atomic_idle
                0x0000000000028ea4       0x18 zephyr/arch/arch/arm/core/cortex_m/libarch__arm__core__cortex_m.a(cpu_idle.S.obj)
                0x0000000000028ea4                arch_cpu_atomic_idle
 .text.z_arm_interrupt_init
                0x0000000000028ebc       0x18 zephyr/arch/arch/arm/core/cortex_m/libarch__arm__core__cortex_m.a(irq_init.c.obj)
                0x0000000000028ebc                z_arm_interrupt_init
 .text._isr_wrapper
                0x0000000000028ed4       0x28 zephyr/arch/arch/arm/core/cortex_m/libarch__arm__core__cortex_m.a(isr_wrapper.S.obj)
                0x0000000000028ed4                _isr_wrapper
 .text.z_arm_configure_static_mpu_regions
                0x0000000000028efc       0x18 zephyr/arch/arch/arm/core/mpu/libarch__arm__core__mpu.a(arm_core_mpu.c.obj)
                0x0000000000028efc                z_arm_configure_static_mpu_regions
 .text.z_arm_configure_dynamic_mpu_regions
                0x0000000000028f14       0x20 zephyr/arch/arch/arm/core/mpu/libarch__arm__core__mpu.a(arm_core_mpu.c.obj)
                0x0000000000028f14                z_arm_configure_dynamic_mpu_regions
 .text.region_init
                0x0000000000028f34       0x28 zephyr/arch/arch/arm/core/mpu/libarch__arm__core__mpu.a(arm_mpu.c.obj)
 .text.mpu_configure_regions
                0x0000000000028f5c       0x6c zephyr/arch/arch/arm/core/mpu/libarch__arm__core__mpu.a(arm_mpu.c.obj)
 .text.arm_core_mpu_enable
                0x0000000000028fc8       0x18 zephyr/arch/arch/arm/core/mpu/libarch__arm__core__mpu.a(arm_mpu.c.obj)
                0x0000000000028fc8                arm_core_mpu_enable
 .text.arm_core_mpu_disable
                0x0000000000028fe0       0x14 zephyr/arch/arch/arm/core/mpu/libarch__arm__core__mpu.a(arm_mpu.c.obj)
                0x0000000000028fe0                arm_core_mpu_disable
 .text.arm_core_mpu_configure_static_mpu_regions
                0x0000000000028ff4       0x14 zephyr/arch/arch/arm/core/mpu/libarch__arm__core__mpu.a(arm_mpu.c.obj)
                0x0000000000028ff4                arm_core_mpu_configure_static_mpu_regions
 .text.arm_core_mpu_configure_dynamic_mpu_regions
                0x0000000000029008       0x38 zephyr/arch/arch/arm/core/mpu/libarch__arm__core__mpu.a(arm_mpu.c.obj)
                0x0000000000029008                arm_core_mpu_configure_dynamic_mpu_regions
 .text.z_arm_mpu_init
                0x0000000000029040      0x160 zephyr/arch/arch/arm/core/mpu/libarch__arm__core__mpu.a(arm_mpu.c.obj)
                0x0000000000029040                z_arm_mpu_init
 .text.z_impl_zephyr_fputc
                0x00000000000291a0       0x10 zephyr/lib/libc/picolibc/liblib__libc__picolibc.a(libc-hooks.c.obj)
                0x00000000000291a0                z_impl_zephyr_fputc
 .text.__stdout_hook_install
                0x00000000000291b0       0x18 zephyr/lib/libc/picolibc/liblib__libc__picolibc.a(libc-hooks.c.obj)
                0x00000000000291b0                __stdout_hook_install
 .text.malloc_prepare
                0x00000000000291c8       0x24 zephyr/lib/libc/common/liblib__libc__common.a(malloc.c.obj)
 .text.nordicsemi_nrf52_init
                0x00000000000291ec       0x44 zephyr/soc/soc/arm/nordic_nrf/libsoc__arm__nordic_nrf.a(soc.c.obj)
 .text.arch_busy_wait
                0x0000000000029230       0x14 zephyr/soc/soc/arm/nordic_nrf/libsoc__arm__nordic_nrf.a(soc.c.obj)
                0x0000000000029230                arch_busy_wait
 .text.z_arm_platform_init
                0x0000000000029244        0x4 zephyr/soc/soc/arm/nordic_nrf/libsoc__arm__nordic_nrf.a(soc_nrf_common.S.obj)
                0x0000000000029244                z_arm_platform_init
 .text.endpoint_ctx
                0x0000000000029248       0x60 zephyr/drivers/usb/device/libdrivers__usb__device.a(usb_dc_nrfx.c.obj)
 .text.usbd_work_schedule
                0x00000000000292a8       0x10 zephyr/drivers/usb/device/libdrivers__usb__device.a(usb_dc_nrfx.c.obj)
 .text.usbd_evt_put
                0x00000000000292b8        0xc zephyr/drivers/usb/device/libdrivers__usb__device.a(usb_dc_nrfx.c.obj)
 .text.usbd_evt_get
                0x00000000000292c4       0x10 zephyr/drivers/usb/device/libdrivers__usb__device.a(usb_dc_nrfx.c.obj)
 .text.usb_init
                0x00000000000292d4       0x70 zephyr/drivers/usb/device/libdrivers__usb__device.a(usb_dc_nrfx.c.obj)
 .text.hfxo_stop.constprop.0.isra.0
                0x0000000000029344       0x40 zephyr/drivers/usb/device/libdrivers__usb__device.a(usb_dc_nrfx.c.obj)
 .text.eps_ctx_init
                0x0000000000029384       0x68 zephyr/drivers/usb/device/libdrivers__usb__device.a(usb_dc_nrfx.c.obj)
 .text.usbd_evt_flush
                0x00000000000293ec       0x1c zephyr/drivers/usb/device/libdrivers__usb__device.a(usb_dc_nrfx.c.obj)
 .text.usbd_evt_alloc
                0x0000000000029408       0x44 zephyr/drivers/usb/device/libdrivers__usb__device.a(usb_dc_nrfx.c.obj)
 .text.usb_dc_power_event_handler
                0x000000000002944c       0x34 zephyr/drivers/usb/device/libdrivers__usb__device.a(usb_dc_nrfx.c.obj)
 .text.usbd_event_transfer_data
                0x0000000000029480       0xa8 zephyr/drivers/usb/device/libdrivers__usb__device.a(usb_dc_nrfx.c.obj)
 .text.usbd_event_handler
                0x0000000000029528      0x11c zephyr/drivers/usb/device/libdrivers__usb__device.a(usb_dc_nrfx.c.obj)
 .text.usbd_work_handler
                0x0000000000029644      0x2e0 zephyr/drivers/usb/device/libdrivers__usb__device.a(usb_dc_nrfx.c.obj)
 .text.usb_dc_attach
                0x0000000000029924       0x64 zephyr/drivers/usb/device/libdrivers__usb__device.a(usb_dc_nrfx.c.obj)
                0x0000000000029924                usb_dc_attach
 .text.usb_dc_set_address
                0x0000000000029988       0x24 zephyr/drivers/usb/device/libdrivers__usb__device.a(usb_dc_nrfx.c.obj)
                0x0000000000029988                usb_dc_set_address
 .text.usb_dc_ep_configure
                0x00000000000299ac       0x48 zephyr/drivers/usb/device/libdrivers__usb__device.a(usb_dc_nrfx.c.obj)
                0x00000000000299ac                usb_dc_ep_configure
 .text.usb_dc_ep_set_stall
                0x00000000000299f4       0x50 zephyr/drivers/usb/device/libdrivers__usb__device.a(usb_dc_nrfx.c.obj)
                0x00000000000299f4                usb_dc_ep_set_stall
 .text.usb_dc_ep_clear_stall
                0x0000000000029a44       0x40 zephyr/drivers/usb/device/libdrivers__usb__device.a(usb_dc_nrfx.c.obj)
                0x0000000000029a44                usb_dc_ep_clear_stall
 .text.usb_dc_ep_is_stalled
                0x0000000000029a84       0x38 zephyr/drivers/usb/device/libdrivers__usb__device.a(usb_dc_nrfx.c.obj)
                0x0000000000029a84                usb_dc_ep_is_stalled
 .text.usb_dc_ep_enable
                0x0000000000029abc       0x54 zephyr/drivers/usb/device/libdrivers__usb__device.a(usb_dc_nrfx.c.obj)
                0x0000000000029abc                usb_dc_ep_enable
 .text.usb_dc_ep_write
                0x0000000000029b10       0xf8 zephyr/drivers/usb/device/libdrivers__usb__device.a(usb_dc_nrfx.c.obj)
                0x0000000000029b10                usb_dc_ep_write
 .text.usb_dc_ep_read_wait
                0x0000000000029c08       0x90 zephyr/drivers/usb/device/libdrivers__usb__device.a(usb_dc_nrfx.c.obj)
                0x0000000000029c08                usb_dc_ep_read_wait
 .text.usb_dc_ep_read_continue
                0x0000000000029c98       0x84 zephyr/drivers/usb/device/libdrivers__usb__device.a(usb_dc_nrfx.c.obj)
                0x0000000000029c98                usb_dc_ep_read_continue
 .text.usb_dc_ep_set_callback
                0x0000000000029d1c       0x28 zephyr/drivers/usb/device/libdrivers__usb__device.a(usb_dc_nrfx.c.obj)
                0x0000000000029d1c                usb_dc_ep_set_callback
 .text.usb_dc_set_status_callback
                0x0000000000029d44        0xc zephyr/drivers/usb/device/libdrivers__usb__device.a(usb_dc_nrfx.c.obj)
                0x0000000000029d44                usb_dc_set_status_callback
 .text.usb_dc_ep_mps
                0x0000000000029d50       0x24 zephyr/drivers/usb/device/libdrivers__usb__device.a(usb_dc_nrfx.c.obj)
                0x0000000000029d50                usb_dc_ep_mps
 .text.nrf52_errata_187
                0x0000000000029d74       0x28 zephyr/drivers/usb/common/nrf_usbd_common/libdrivers__usb__common__nrf_usbd_common.a(nrf_usbd_common.c.obj)
 .text.ep_state_access
                0x0000000000029d9c       0x20 zephyr/drivers/usb/common/nrf_usbd_common/libdrivers__usb__common__nrf_usbd_common.a(nrf_usbd_common.c.obj)
 .text.usbd_errata_187_211_begin
                0x0000000000029dbc       0x40 zephyr/drivers/usb/common/nrf_usbd_common/libdrivers__usb__common__nrf_usbd_common.a(nrf_usbd_common.c.obj)
 .text.usbd_errata_187_211_end
                0x0000000000029dfc       0x40 zephyr/drivers/usb/common/nrf_usbd_common/libdrivers__usb__common__nrf_usbd_common.a(nrf_usbd_common.c.obj)
 .text.usbd_dma_pending_clear
                0x0000000000029e3c       0x1c zephyr/drivers/usb/common/nrf_usbd_common/libdrivers__usb__common__nrf_usbd_common.a(nrf_usbd_common.c.obj)
 .text.nrf_usbd_common_uninit
                0x0000000000029e58       0x14 zephyr/drivers/usb/common/nrf_usbd_common/libdrivers__usb__common__nrf_usbd_common.a(nrf_usbd_common.c.obj)
                0x0000000000029e58                nrf_usbd_common_uninit
 .text.nrf_usbd_common_enable
                0x0000000000029e6c      0x14c zephyr/drivers/usb/common/nrf_usbd_common/libdrivers__usb__common__nrf_usbd_common.a(nrf_usbd_common.c.obj)
                0x0000000000029e6c                nrf_usbd_common_enable
 .text.nrf_usbd_common_start
                0x0000000000029fb8       0x38 zephyr/drivers/usb/common/nrf_usbd_common/libdrivers__usb__common__nrf_usbd_common.a(nrf_usbd_common.c.obj)
                0x0000000000029fb8                nrf_usbd_common_start
 .text.nrf_usbd_common_is_enabled
                0x0000000000029ff0       0x14 zephyr/drivers/usb/common/nrf_usbd_common/libdrivers__usb__common__nrf_usbd_common.a(nrf_usbd_common.c.obj)
                0x0000000000029ff0                nrf_usbd_common_is_enabled
 .text.nrf_usbd_common_suspend
                0x000000000002a004       0x54 zephyr/drivers/usb/common/nrf_usbd_common/libdrivers__usb__common__nrf_usbd_common.a(nrf_usbd_common.c.obj)
                0x000000000002a004                nrf_usbd_common_suspend
 .text.nrf_usbd_common_init
                0x000000000002a058       0x84 zephyr/drivers/usb/common/nrf_usbd_common/libdrivers__usb__common__nrf_usbd_common.a(nrf_usbd_common.c.obj)
                0x000000000002a058                nrf_usbd_common_init
 .text.nrf_usbd_common_ep_enable_check
                0x000000000002a0dc       0x28 zephyr/drivers/usb/common/nrf_usbd_common/libdrivers__usb__common__nrf_usbd_common.a(nrf_usbd_common.c.obj)
                0x000000000002a0dc                nrf_usbd_common_ep_enable_check
 .text.nrf_usbd_common_ep_transfer
                0x000000000002a104       0x9c zephyr/drivers/usb/common/nrf_usbd_common/libdrivers__usb__common__nrf_usbd_common.a(nrf_usbd_common.c.obj)
                0x000000000002a104                nrf_usbd_common_ep_transfer
 .text.nrf_usbd_common_epout_size_get
                0x000000000002a1a0       0x28 zephyr/drivers/usb/common/nrf_usbd_common/libdrivers__usb__common__nrf_usbd_common.a(nrf_usbd_common.c.obj)
                0x000000000002a1a0                nrf_usbd_common_epout_size_get
 .text.nrf_usbd_common_irq_handler
                0x000000000002a1c8      0x498 zephyr/drivers/usb/common/nrf_usbd_common/libdrivers__usb__common__nrf_usbd_common.a(nrf_usbd_common.c.obj)
                0x000000000002a1c8                nrf_usbd_common_irq_handler
 .text.nrf_usbd_common_ep_stall
                0x000000000002a660       0x10 zephyr/drivers/usb/common/nrf_usbd_common/libdrivers__usb__common__nrf_usbd_common.a(nrf_usbd_common.c.obj)
                0x000000000002a660                nrf_usbd_common_ep_stall
 .text.nrf_usbd_common_ep_stall_check
                0x000000000002a670       0x34 zephyr/drivers/usb/common/nrf_usbd_common/libdrivers__usb__common__nrf_usbd_common.a(nrf_usbd_common.c.obj)
                0x000000000002a670                nrf_usbd_common_ep_stall_check
 .text.nrf_usbd_common_ep_dtoggle_clear
                0x000000000002a6a4       0x14 zephyr/drivers/usb/common/nrf_usbd_common/libdrivers__usb__common__nrf_usbd_common.a(nrf_usbd_common.c.obj)
                0x000000000002a6a4                nrf_usbd_common_ep_dtoggle_clear
 .text.nrf_usbd_common_setup_get
                0x000000000002a6b8       0x44 zephyr/drivers/usb/common/nrf_usbd_common/libdrivers__usb__common__nrf_usbd_common.a(nrf_usbd_common.c.obj)
                0x000000000002a6b8                nrf_usbd_common_setup_get
 .text.nrf_usbd_common_setup_data_clear
                0x000000000002a6fc        0xc zephyr/drivers/usb/common/nrf_usbd_common/libdrivers__usb__common__nrf_usbd_common.a(nrf_usbd_common.c.obj)
                0x000000000002a6fc                nrf_usbd_common_setup_data_clear
 .text.nrf_usbd_common_setup_clear
                0x000000000002a708        0xc zephyr/drivers/usb/common/nrf_usbd_common/libdrivers__usb__common__nrf_usbd_common.a(nrf_usbd_common.c.obj)
                0x000000000002a708                nrf_usbd_common_setup_clear
 .text.nrf_usbd_common_setup_stall
                0x000000000002a714        0xc zephyr/drivers/usb/common/nrf_usbd_common/libdrivers__usb__common__nrf_usbd_common.a(nrf_usbd_common.c.obj)
                0x000000000002a714                nrf_usbd_common_setup_stall
 .text.nrf_usbd_common_last_setup_dir_get
                0x000000000002a720        0xc zephyr/drivers/usb/common/nrf_usbd_common/libdrivers__usb__common__nrf_usbd_common.a(nrf_usbd_common.c.obj)
                0x000000000002a720                nrf_usbd_common_last_setup_dir_get
 .text.nrf_usbd_common_transfer_out_drop
                0x000000000002a72c       0x50 zephyr/drivers/usb/common/nrf_usbd_common/libdrivers__usb__common__nrf_usbd_common.a(nrf_usbd_common.c.obj)
                0x000000000002a72c                nrf_usbd_common_transfer_out_drop
 .text.usbd_ep_abort
                0x000000000002a77c       0xf4 zephyr/drivers/usb/common/nrf_usbd_common/libdrivers__usb__common__nrf_usbd_common.a(nrf_usbd_common.c.obj)
 .text.nrf_usbd_common_ep_abort
                0x000000000002a870       0x34 zephyr/drivers/usb/common/nrf_usbd_common/libdrivers__usb__common__nrf_usbd_common.a(nrf_usbd_common.c.obj)
                0x000000000002a870                nrf_usbd_common_ep_abort
 .text.nrf_usbd_common_disable
                0x000000000002a8a4       0xd4 zephyr/drivers/usb/common/nrf_usbd_common/libdrivers__usb__common__nrf_usbd_common.a(nrf_usbd_common.c.obj)
                0x000000000002a8a4                nrf_usbd_common_disable
 .text.nrf_usbd_common_ep_disable
                0x000000000002a978       0x60 zephyr/drivers/usb/common/nrf_usbd_common/libdrivers__usb__common__nrf_usbd_common.a(nrf_usbd_common.c.obj)
                0x000000000002a978                nrf_usbd_common_ep_disable
 .text.nrf_usbd_common_ep_enable
                0x000000000002a9d8       0x74 zephyr/drivers/usb/common/nrf_usbd_common/libdrivers__usb__common__nrf_usbd_common.a(nrf_usbd_common.c.obj)
                0x000000000002a9d8                nrf_usbd_common_ep_enable
 .text.nrf_usbd_common_ep_stall_clear
                0x000000000002aa4c       0x20 zephyr/drivers/usb/common/nrf_usbd_common/libdrivers__usb__common__nrf_usbd_common.a(nrf_usbd_common.c.obj)
                0x000000000002aa4c                nrf_usbd_common_ep_stall_clear
 .text.onoff_stop
                0x000000000002aa6c       0x30 zephyr/drivers/clock_control/libdrivers__clock_control.a(clock_control_nrf.c.obj)
 .text.onoff_start
                0x000000000002aa9c       0x44 zephyr/drivers/clock_control/libdrivers__clock_control.a(clock_control_nrf.c.obj)
 .text.clk_init
                0x000000000002aae0       0x58 zephyr/drivers/clock_control/libdrivers__clock_control.a(clock_control_nrf.c.obj)
 .text.clkstarted_handle.constprop.0
                0x000000000002ab38       0x34 zephyr/drivers/clock_control/libdrivers__clock_control.a(clock_control_nrf.c.obj)
 .text.clock_event_handler
                0x000000000002ab6c       0x1c zephyr/drivers/clock_control/libdrivers__clock_control.a(clock_control_nrf.c.obj)
 .text.generic_hfclk_start
                0x000000000002ab88       0x64 zephyr/drivers/clock_control/libdrivers__clock_control.a(clock_control_nrf.c.obj)
 .text.api_blocking_start
                0x000000000002abec       0x34 zephyr/drivers/clock_control/libdrivers__clock_control.a(clock_control_nrf.c.obj)
 .text.generic_hfclk_stop
                0x000000000002ac20       0x34 zephyr/drivers/clock_control/libdrivers__clock_control.a(clock_control_nrf.c.obj)
 .text.z_nrf_clock_control_get_onoff
                0x000000000002ac54       0x10 zephyr/drivers/clock_control/libdrivers__clock_control.a(clock_control_nrf.c.obj)
                0x000000000002ac54                z_nrf_clock_control_get_onoff
 .text.z_nrf_clock_control_lf_on
                0x000000000002ac64       0xfc zephyr/drivers/clock_control/libdrivers__clock_control.a(clock_control_nrf.c.obj)
                0x000000000002ac64                z_nrf_clock_control_lf_on
 .text.uart_console_init
                0x000000000002ad60       0x28 zephyr/drivers/console/libdrivers__console.a(uart_console.c.obj)
 .text.console_out
                0x000000000002ad88       0x28 zephyr/drivers/console/libdrivers__console.a(uart_console.c.obj)
 .text.gpio_nrfx_pin_interrupt_configure
                0x000000000002adb0      0x100 zephyr/drivers/gpio/libdrivers__gpio.a(gpio_nrfx.c.obj)
 .text.gpio_nrfx_init
                0x000000000002aeb0       0x48 zephyr/drivers/gpio/libdrivers__gpio.a(gpio_nrfx.c.obj)
 .text.nrfx_gpio_handler
                0x000000000002aef8       0x4c zephyr/drivers/gpio/libdrivers__gpio.a(gpio_nrfx.c.obj)
 .text.gpio_nrfx_pin_configure
                0x000000000002af44      0x18c zephyr/drivers/gpio/libdrivers__gpio.a(gpio_nrfx.c.obj)
 .text.nrf_gpio_pin_port_decode
                0x000000000002b0d0       0x20 zephyr/drivers/pinctrl/libdrivers__pinctrl.a(pinctrl_nrf.c.obj)
 .text.pinctrl_configure_pins
                0x000000000002b0f0      0x1a8 zephyr/drivers/pinctrl/libdrivers__pinctrl.a(pinctrl_nrf.c.obj)
                0x000000000002b0f0                pinctrl_configure_pins
 .text.regulator_delay
                0x000000000002b298       0x2c zephyr/drivers/regulator/libdrivers__regulator.a(regulator_common.c.obj)
 .text.uarte_0_init
                0x000000000002b2c4      0x258 zephyr/drivers/serial/libdrivers__serial.a(uart_nrfx_uarte.c.obj)
 .text.uarte_nrfx_poll_out
                0x000000000002b51c       0x98 zephyr/drivers/serial/libdrivers__serial.a(uart_nrfx_uarte.c.obj)
 .text.compare_int_lock
                0x000000000002b5b4       0x48 zephyr/drivers/timer/libdrivers__timer.a(nrf_rtc_timer.c.obj)
 .text.sys_clock_timeout_handler
                0x000000000002b5fc       0x48 zephyr/drivers/timer/libdrivers__timer.a(nrf_rtc_timer.c.obj)
 .text.compare_int_unlock
                0x000000000002b644       0x5c zephyr/drivers/timer/libdrivers__timer.a(nrf_rtc_timer.c.obj)
 .text.z_nrf_rtc_timer_read
                0x000000000002b6a0       0x44 zephyr/drivers/timer/libdrivers__timer.a(nrf_rtc_timer.c.obj)
                0x000000000002b6a0                z_nrf_rtc_timer_read
 .text.compare_set
                0x000000000002b6e4      0x130 zephyr/drivers/timer/libdrivers__timer.a(nrf_rtc_timer.c.obj)
 .text.sys_clock_driver_init
                0x000000000002b814       0x90 zephyr/drivers/timer/libdrivers__timer.a(nrf_rtc_timer.c.obj)
 .text.rtc_nrf_isr
                0x000000000002b8a4       0xd4 zephyr/drivers/timer/libdrivers__timer.a(nrf_rtc_timer.c.obj)
                0x000000000002b8a4                rtc_nrf_isr
 .text.sys_clock_set_timeout
                0x000000000002b978       0x5c zephyr/drivers/timer/libdrivers__timer.a(nrf_rtc_timer.c.obj)
                0x000000000002b978                sys_clock_set_timeout
 .text.sys_clock_elapsed
                0x000000000002b9d4       0x14 zephyr/drivers/timer/libdrivers__timer.a(nrf_rtc_timer.c.obj)
                0x000000000002b9d4                sys_clock_elapsed
 .text.nrf52_errata_98
                0x000000000002b9e8       0x24 modules/hal_nordic/nrfx/libmodules__hal_nordic__nrfx.a(system_nrf52840.c.obj)
 .text.nvmc_wait
                0x000000000002ba0c       0x10 modules/hal_nordic/nrfx/libmodules__hal_nordic__nrfx.a(system_nrf52840.c.obj)
                0x000000000002ba0c                nvmc_wait
 .text.SystemInit
                0x000000000002ba1c      0x1bc modules/hal_nordic/nrfx/libmodules__hal_nordic__nrfx.a(system_nrf52840.c.obj)
                0x000000000002ba1c                SystemInit
 .text.nrfx_flag32_alloc
                0x000000000002bbd8       0x48 modules/hal_nordic/nrfx/libmodules__hal_nordic__nrfx.a(nrfx_flag32_allocator.c.obj)
                0x000000000002bbd8                nrfx_flag32_alloc
 .text.nrfx_flag32_free
                0x000000000002bc20       0x40 modules/hal_nordic/nrfx/libmodules__hal_nordic__nrfx.a(nrfx_flag32_allocator.c.obj)
                0x000000000002bc20                nrfx_flag32_free
 .text.nrfx_gppi_channels_enable
                0x000000000002bc60        0xc modules/hal_nordic/nrfx/libmodules__hal_nordic__nrfx.a(nrfx_gppi_ppi.c.obj)
                0x000000000002bc60                nrfx_gppi_channels_enable
 .text.clock_stop
                0x000000000002bc6c       0xc4 modules/hal_nordic/nrfx/libmodules__hal_nordic__nrfx.a(nrfx_clock.c.obj)
 .text.nrfx_clock_init
                0x000000000002bd30       0x20 modules/hal_nordic/nrfx/libmodules__hal_nordic__nrfx.a(nrfx_clock.c.obj)
                0x000000000002bd30                nrfx_clock_init
 .text.nrfx_clock_enable
                0x000000000002bd50       0x30 modules/hal_nordic/nrfx/libmodules__hal_nordic__nrfx.a(nrfx_clock.c.obj)
                0x000000000002bd50                nrfx_clock_enable
 .text.nrfx_clock_start
                0x000000000002bd80       0xa8 modules/hal_nordic/nrfx/libmodules__hal_nordic__nrfx.a(nrfx_clock.c.obj)
                0x000000000002bd80                nrfx_clock_start
 .text.nrfx_clock_irq_handler
                0x000000000002be28       0x68 modules/hal_nordic/nrfx/libmodules__hal_nordic__nrfx.a(nrfx_clock.c.obj)
                0x000000000002be28                nrfx_clock_irq_handler
 .text.nrf_gpio_pin_port_decode
                0x000000000002be90       0x20 modules/hal_nordic/nrfx/libmodules__hal_nordic__nrfx.a(nrfx_gpiote.c.obj)
 .text.get_pin_idx
                0x000000000002beb0       0x14 modules/hal_nordic/nrfx/libmodules__hal_nordic__nrfx.a(nrfx_gpiote.c.obj)
 .text.call_handler.constprop.0
                0x000000000002bec4       0x40 modules/hal_nordic/nrfx/libmodules__hal_nordic__nrfx.a(nrfx_gpiote.c.obj)
 .text.pin_te_get.constprop.0
                0x000000000002bf04       0x18 modules/hal_nordic/nrfx/libmodules__hal_nordic__nrfx.a(nrfx_gpiote.c.obj)
 .text.pin_is_output.constprop.0
                0x000000000002bf1c       0x18 modules/hal_nordic/nrfx/libmodules__hal_nordic__nrfx.a(nrfx_gpiote.c.obj)
 .text.pin_in_use_by_te.constprop.0
                0x000000000002bf34       0x18 modules/hal_nordic/nrfx/libmodules__hal_nordic__nrfx.a(nrfx_gpiote.c.obj)
 .text.latch_pending_read_and_check
                0x000000000002bf4c       0x40 modules/hal_nordic/nrfx/libmodules__hal_nordic__nrfx.a(nrfx_gpiote.c.obj)
 .text.release_handler.isra.0
                0x000000000002bf8c       0x58 modules/hal_nordic/nrfx/libmodules__hal_nordic__nrfx.a(nrfx_gpiote.c.obj)
 .text.__nrfy_internal_gpiote_events_process.constprop.0
                0x000000000002bfe4       0x5c modules/hal_nordic/nrfx/libmodules__hal_nordic__nrfx.a(nrfx_gpiote.c.obj)
 .text.pin_uninit
                0x000000000002c040       0x80 modules/hal_nordic/nrfx/libmodules__hal_nordic__nrfx.a(nrfx_gpiote.c.obj)
 .text.nrfx_gpiote_input_configure
                0x000000000002c0c0      0x174 modules/hal_nordic/nrfx/libmodules__hal_nordic__nrfx.a(nrfx_gpiote.c.obj)
                0x000000000002c0c0                nrfx_gpiote_input_configure
 .text.nrfx_gpiote_output_configure
                0x000000000002c234       0xfc modules/hal_nordic/nrfx/libmodules__hal_nordic__nrfx.a(nrfx_gpiote.c.obj)
                0x000000000002c234                nrfx_gpiote_output_configure
 .text.nrfx_gpiote_global_callback_set
                0x000000000002c330        0xc modules/hal_nordic/nrfx/libmodules__hal_nordic__nrfx.a(nrfx_gpiote.c.obj)
                0x000000000002c330                nrfx_gpiote_global_callback_set
 .text.nrfx_gpiote_channel_get
                0x000000000002c33c       0x34 modules/hal_nordic/nrfx/libmodules__hal_nordic__nrfx.a(nrfx_gpiote.c.obj)
                0x000000000002c33c                nrfx_gpiote_channel_get
 .text.nrfx_gpiote_init
                0x000000000002c370       0x70 modules/hal_nordic/nrfx/libmodules__hal_nordic__nrfx.a(nrfx_gpiote.c.obj)
                0x000000000002c370                nrfx_gpiote_init
 .text.nrfx_gpiote_init_check
                0x000000000002c3e0       0x14 modules/hal_nordic/nrfx/libmodules__hal_nordic__nrfx.a(nrfx_gpiote.c.obj)
                0x000000000002c3e0                nrfx_gpiote_init_check
 .text.nrfx_gpiote_channel_free
                0x000000000002c3f4        0xc modules/hal_nordic/nrfx/libmodules__hal_nordic__nrfx.a(nrfx_gpiote.c.obj)
                0x000000000002c3f4                nrfx_gpiote_channel_free
 .text.nrfx_gpiote_channel_alloc
                0x000000000002c400        0xc modules/hal_nordic/nrfx/libmodules__hal_nordic__nrfx.a(nrfx_gpiote.c.obj)
                0x000000000002c400                nrfx_gpiote_channel_alloc
 .text.nrfx_gpiote_trigger_enable
                0x000000000002c40c       0x9c modules/hal_nordic/nrfx/libmodules__hal_nordic__nrfx.a(nrfx_gpiote.c.obj)
                0x000000000002c40c                nrfx_gpiote_trigger_enable
 .text.nrfx_gpiote_0_irq_handler
                0x000000000002c4a8      0x1bc modules/hal_nordic/nrfx/libmodules__hal_nordic__nrfx.a(nrfx_gpiote.c.obj)
                0x000000000002c4a8                nrfx_gpiote_0_irq_handler
 .text.nrfx_power_init
                0x000000000002c664       0x74 modules/hal_nordic/nrfx/libmodules__hal_nordic__nrfx.a(nrfx_power.c.obj)
                0x000000000002c664                nrfx_power_init
 .text.nrfx_power_usbevt_uninit
                0x000000000002c6d8       0x18 modules/hal_nordic/nrfx/libmodules__hal_nordic__nrfx.a(nrfx_power.c.obj)
                0x000000000002c6d8                nrfx_power_usbevt_uninit
 .text.nrfx_power_usbevt_init
                0x000000000002c6f0       0x14 modules/hal_nordic/nrfx/libmodules__hal_nordic__nrfx.a(nrfx_power.c.obj)
                0x000000000002c6f0                nrfx_power_usbevt_init
 .text.nrfx_power_irq_handler
                0x000000000002c704       0xa0 modules/hal_nordic/nrfx/libmodules__hal_nordic__nrfx.a(nrfx_power.c.obj)
                0x000000000002c704                nrfx_power_irq_handler
 .text.nrfx_ppi_channel_alloc
                0x000000000002c7a4        0xc modules/hal_nordic/nrfx/libmodules__hal_nordic__nrfx.a(nrfx_ppi.c.obj)
                0x000000000002c7a4                nrfx_ppi_channel_alloc
 .text.z_fatal_error
                0x000000000002c7b0       0x30 zephyr/kernel/libkernel.a(fatal.c.obj)
                0x000000000002c7b0                z_fatal_error
 .text.z_sys_init_run_level
                0x000000000002c7e0       0x48 zephyr/kernel/libkernel.a(init.c.obj)
 .text.bg_thread_main
                0x000000000002c828       0x34 zephyr/kernel/libkernel.a(init.c.obj)
 .text.z_bss_zero
                0x000000000002c85c       0x18 zephyr/kernel/libkernel.a(init.c.obj)
                0x000000000002c85c                z_bss_zero
 .text.z_init_cpu
                0x000000000002c874       0x8c zephyr/kernel/libkernel.a(init.c.obj)
                0x000000000002c874                z_init_cpu
 .text.z_cstart
                0x000000000002c900       0xdc zephyr/kernel/libkernel.a(init.c.obj)
                0x000000000002c900                z_cstart
 .text.init_mem_slab_obj_core_list
                0x000000000002c9dc       0x24 zephyr/kernel/libkernel.a(mem_slab.c.obj)
 .text.k_mem_slab_alloc
                0x000000000002ca00       0x5c zephyr/kernel/libkernel.a(mem_slab.c.obj)
                0x000000000002ca00                k_mem_slab_alloc
 .text.z_setup_new_thread
                0x000000000002ca5c       0x90 zephyr/kernel/libkernel.a(thread.c.obj)
                0x000000000002ca5c                z_setup_new_thread
 .text.z_impl_k_thread_create
                0x000000000002caec       0x58 zephyr/kernel/libkernel.a(thread.c.obj)
                0x000000000002caec                z_impl_k_thread_create
 .text.z_init_static_threads
                0x000000000002cb44       0x98 zephyr/kernel/libkernel.a(thread.c.obj)
                0x000000000002cb44                z_init_static_threads
 .text.sliceable
                0x000000000002cbdc       0x3c zephyr/kernel/libkernel.a(sched.c.obj)
 .text.slice_timeout
                0x000000000002cc18       0x20 zephyr/kernel/libkernel.a(sched.c.obj)
 .text.z_reset_time_slice
                0x000000000002cc38       0x50 zephyr/kernel/libkernel.a(sched.c.obj)
                0x000000000002cc38                z_reset_time_slice
 .text.update_cache
                0x000000000002cc88       0x3c zephyr/kernel/libkernel.a(sched.c.obj)
 .text.move_thread_to_end_of_prio_q
                0x000000000002ccc4       0x74 zephyr/kernel/libkernel.a(sched.c.obj)
 .text.ready_thread
                0x000000000002cd38       0x68 zephyr/kernel/libkernel.a(sched.c.obj)
 .text.unready_thread
                0x000000000002cda0       0x30 zephyr/kernel/libkernel.a(sched.c.obj)
 .text.pend_locked
                0x000000000002cdd0       0x30 zephyr/kernel/libkernel.a(sched.c.obj)
 .text.z_thread_halt
                0x000000000002ce00       0xa0 zephyr/kernel/libkernel.a(sched.c.obj)
 .text.z_time_slice
                0x000000000002cea0       0x60 zephyr/kernel/libkernel.a(sched.c.obj)
                0x000000000002cea0                z_time_slice
 .text.z_pend_curr
                0x000000000002cf00       0x3c zephyr/kernel/libkernel.a(sched.c.obj)
                0x000000000002cf00                z_pend_curr
 .text.z_set_prio
                0x000000000002cf3c       0x8c zephyr/kernel/libkernel.a(sched.c.obj)
                0x000000000002cf3c                z_set_prio
 .text.z_reschedule
                0x000000000002cfc8       0x24 zephyr/kernel/libkernel.a(sched.c.obj)
                0x000000000002cfc8                z_reschedule
 .text.z_sched_start
                0x000000000002cfec       0x3c zephyr/kernel/libkernel.a(sched.c.obj)
                0x000000000002cfec                z_sched_start
 .text.z_reschedule_irqlock
                0x000000000002d028       0x28 zephyr/kernel/libkernel.a(sched.c.obj)
                0x000000000002d028                z_reschedule_irqlock
 .text.k_sched_lock
                0x000000000002d050       0x28 zephyr/kernel/libkernel.a(sched.c.obj)
                0x000000000002d050                k_sched_lock
 .text.k_sched_unlock
                0x000000000002d078       0x38 zephyr/kernel/libkernel.a(sched.c.obj)
                0x000000000002d078                k_sched_unlock
 .text.z_sched_init
                0x000000000002d0b0       0x10 zephyr/kernel/libkernel.a(sched.c.obj)
                0x000000000002d0b0                z_sched_init
 .text.z_impl_k_yield
                0x000000000002d0c0       0x7c zephyr/kernel/libkernel.a(sched.c.obj)
                0x000000000002d0c0                z_impl_k_yield
 .text.z_tick_sleep
                0x000000000002d13c       0x88 zephyr/kernel/libkernel.a(sched.c.obj)
 .text.z_impl_k_sleep
                0x000000000002d1c4       0x3c zephyr/kernel/libkernel.a(sched.c.obj)
                0x000000000002d1c4                z_impl_k_sleep
 .text.z_impl_k_usleep
                0x000000000002d200       0x3c zephyr/kernel/libkernel.a(sched.c.obj)
                0x000000000002d200                z_impl_k_usleep
 .text.z_impl_k_sched_current_thread_query
                0x000000000002d23c        0xc zephyr/kernel/libkernel.a(sched.c.obj)
                0x000000000002d23c                z_impl_k_sched_current_thread_query
 .text.z_sched_wait
                0x000000000002d248       0x24 zephyr/kernel/libkernel.a(sched.c.obj)
                0x000000000002d248                z_sched_wait
 .text.z_impl_k_mutex_unlock
                0x000000000002d26c       0x78 zephyr/kernel/libkernel.a(mutex.c.obj)
                0x000000000002d26c                z_impl_k_mutex_unlock
 .text.z_impl_k_mutex_lock
                0x000000000002d2e4       0xf4 zephyr/kernel/libkernel.a(mutex.c.obj)
                0x000000000002d2e4                z_impl_k_mutex_lock
 .text.z_impl_k_queue_get
                0x000000000002d3d8       0x68 zephyr/kernel/libkernel.a(queue.c.obj)
                0x000000000002d3d8                z_impl_k_queue_get
 .text.z_impl_k_sem_give
                0x000000000002d440       0x48 zephyr/kernel/libkernel.a(sem.c.obj)
                0x000000000002d440                z_impl_k_sem_give
 .text.z_impl_k_sem_take
                0x000000000002d488       0x50 zephyr/kernel/libkernel.a(sem.c.obj)
                0x000000000002d488                z_impl_k_sem_take
 .text.work_queue_main
                0x000000000002d4d8      0x14c zephyr/kernel/libkernel.a(work.c.obj)
 .text.submit_to_queue_locked
                0x000000000002d624       0xb4 zephyr/kernel/libkernel.a(work.c.obj)
 .text.k_work_queue_start
                0x000000000002d6d8       0x70 zephyr/kernel/libkernel.a(work.c.obj)
                0x000000000002d6d8                k_work_queue_start
 .text.k_work_schedule_for_queue
                0x000000000002d748       0x54 zephyr/kernel/libkernel.a(work.c.obj)
                0x000000000002d748                k_work_schedule_for_queue
 .text.z_data_copy
                0x000000000002d79c       0x34 zephyr/kernel/libkernel.a(xip.c.obj)
                0x000000000002d79c                z_data_copy
 .text.elapsed  0x000000000002d7d0       0x14 zephyr/kernel/libkernel.a(timeout.c.obj)
 .text.next_timeout
                0x000000000002d7e4       0x40 zephyr/kernel/libkernel.a(timeout.c.obj)
 .text.remove_timeout
                0x000000000002d824       0x38 zephyr/kernel/libkernel.a(timeout.c.obj)
 .text.z_add_timeout
                0x000000000002d85c       0xec zephyr/kernel/libkernel.a(timeout.c.obj)
                0x000000000002d85c                z_add_timeout
 .text.sys_clock_announce
                0x000000000002d948       0xd4 zephyr/kernel/libkernel.a(timeout.c.obj)
                0x000000000002d948                sys_clock_announce
 .text.sys_clock_tick_get
                0x000000000002da1c       0x34 zephyr/kernel/libkernel.a(timeout.c.obj)
                0x000000000002da1c                sys_clock_tick_get
 .text.z_thread_aligned_alloc
                0x000000000002da50       0x40 zephyr/kernel/libkernel.a(mempool.c.obj)
                0x000000000002da50                z_thread_aligned_alloc
 .text.boot_banner
                0x000000000002da90        0xc zephyr/kernel/libkernel.a(banner.c.obj)
                0x000000000002da90                boot_banner
 .text.statics_init
                0x000000000002da9c       0x24 zephyr/kernel/libkernel.a(kheap.c.obj)
 .text.k_sys_work_q_init
                0x000000000002dac0       0x34 zephyr/kernel/libkernel.a(system_work_q.c.obj)
 .text.printf   0x000000000002daf4       0x24 /home/paulm/Documents/TélécomParis/1A/ARTISHOW/zephyr/zephyr-sdk-0.16.5/arm-zephyr-eabi/bin/../lib/gcc/../../picolibc/arm-zephyr-eabi/lib/thumb/v7e-m/nofp/libc.a(libc_tinystdio_printf.c.o)
                0x000000000002daf4                printf
 .text.__l_vfprintf
                0x000000000002db18      0x4b8 /home/paulm/Documents/TélécomParis/1A/ARTISHOW/zephyr/zephyr-sdk-0.16.5/arm-zephyr-eabi/bin/../lib/gcc/../../picolibc/arm-zephyr-eabi/lib/thumb/v7e-m/nofp/libc.a(libc_tinystdio_vflprintf.c.o)
                0x000000000002db18                __l_vfprintf
 .text._OffsetAbsSyms
                0x000000000002dfd0        0x2 zephyr/CMakeFiles/offsets.dir/./arch/arm/core/offsets/offsets.c.obj
                0x000000000002dfd0                _OffsetAbsSyms
 .text.chunk_size
                0x000000000002dfd2        0xa zephyr/libzephyr.a(heap.c.obj)
 .text.free_list_add
                0x000000000002dfdc       0x4e zephyr/libzephyr.a(heap.c.obj)
 .text.free_list_remove_bidx
                0x000000000002e02a       0x3a zephyr/libzephyr.a(heap.c.obj)
 .text.free_list_remove
                0x000000000002e064       0x1a zephyr/libzephyr.a(heap.c.obj)
 .text.alloc_chunk
                0x000000000002e07e       0x6e zephyr/libzephyr.a(heap.c.obj)
 .text.merge_chunks
                0x000000000002e0ec       0x2c zephyr/libzephyr.a(heap.c.obj)
 .text.split_chunks
                0x000000000002e118       0x34 zephyr/libzephyr.a(heap.c.obj)
 .text.free_chunk
                0x000000000002e14c       0x62 zephyr/libzephyr.a(heap.c.obj)
 .text.sys_heap_free
                0x000000000002e1ae       0x1e zephyr/libzephyr.a(heap.c.obj)
                0x000000000002e1ae                sys_heap_free
 .text.sys_heap_alloc
                0x000000000002e1cc       0x52 zephyr/libzephyr.a(heap.c.obj)
                0x000000000002e1cc                sys_heap_alloc
 .text.sys_heap_aligned_alloc
                0x000000000002e21e       0xd0 zephyr/libzephyr.a(heap.c.obj)
                0x000000000002e21e                sys_heap_aligned_alloc
 .text.sys_heap_init
                0x000000000002e2ee       0x7a zephyr/libzephyr.a(heap.c.obj)
                0x000000000002e2ee                sys_heap_init
 .text.arch_printk_char_out
                0x000000000002e368        0x4 zephyr/libzephyr.a(printk.c.obj)
                0x000000000002e368                arch_printk_char_out
 .text.printk   0x000000000002e36c       0x1a zephyr/libzephyr.a(printk.c.obj)
                0x000000000002e36c                printk
 .text.sys_slist_find_and_remove
                0x000000000002e386       0x36 zephyr/libzephyr.a(onoff.c.obj)
 .text.process_recheck
                0x000000000002e3bc       0x38 zephyr/libzephyr.a(onoff.c.obj)
 .text.validate_args
                0x000000000002e3f4       0x20 zephyr/libzephyr.a(onoff.c.obj)
 .text.notify_one
                0x000000000002e414       0x2c zephyr/libzephyr.a(onoff.c.obj)
 .text.transition_complete
                0x000000000002e440       0x1c zephyr/libzephyr.a(onoff.c.obj)
 .text.onoff_manager_init
                0x000000000002e45c       0x26 zephyr/libzephyr.a(onoff.c.obj)
                0x000000000002e45c                onoff_manager_init
 .text.onoff_request
                0x000000000002e482       0xb0 zephyr/libzephyr.a(onoff.c.obj)
                0x000000000002e482                onoff_request
 .text.onoff_release
                0x000000000002e532       0x4a zephyr/libzephyr.a(onoff.c.obj)
                0x000000000002e532                onoff_release
 .text.onoff_cancel
                0x000000000002e57c       0x38 zephyr/libzephyr.a(onoff.c.obj)
                0x000000000002e57c                onoff_cancel
 .text.sys_notify_validate
                0x000000000002e5b4       0x22 zephyr/libzephyr.a(notify.c.obj)
                0x000000000002e5b4                sys_notify_validate
 .text.sys_notify_finalize
                0x000000000002e5d6       0x1a zephyr/libzephyr.a(notify.c.obj)
                0x000000000002e5d6                sys_notify_finalize
 .text.ring_buf_put_claim
                0x000000000002e5f0       0x3e zephyr/libzephyr.a(ring_buffer.c.obj)
                0x000000000002e5f0                ring_buf_put_claim
 .text.ring_buf_put_finish
                0x000000000002e62e       0x2a zephyr/libzephyr.a(ring_buffer.c.obj)
                0x000000000002e62e                ring_buf_put_finish
 .text.ring_buf_put
                0x000000000002e658       0x3e zephyr/libzephyr.a(ring_buffer.c.obj)
                0x000000000002e658                ring_buf_put
 .text.ring_buf_get_claim
                0x000000000002e696       0x40 zephyr/libzephyr.a(ring_buffer.c.obj)
                0x000000000002e696                ring_buf_get_claim
 .text.ring_buf_get_finish
                0x000000000002e6d6       0x2a zephyr/libzephyr.a(ring_buffer.c.obj)
                0x000000000002e6d6                ring_buf_get_finish
 .text.ring_buf_get
                0x000000000002e700       0x40 zephyr/libzephyr.a(ring_buffer.c.obj)
                0x000000000002e700                ring_buf_get
 .text._ConfigAbsSyms
                0x000000000002e740        0x2 zephyr/libzephyr.a(configs.c.obj)
                0x000000000002e740                _ConfigAbsSyms
 .text.get_ep_bm_from_addr
                0x000000000002e742       0x1c zephyr/libzephyr.a(usb_device.c.obj)
 .text.usb_write
                0x000000000002e75e       0x30 zephyr/libzephyr.a(usb_device.c.obj)
                0x000000000002e75e                usb_write
 .text.usb_get_dev_data_by_cfg
                0x000000000002e78e       0x18 zephyr/libzephyr.a(usb_descriptor.c.obj)
                0x000000000002e78e                usb_get_dev_data_by_cfg
 .text.usb_get_dev_data_by_iface
                0x000000000002e7a6       0x1c zephyr/libzephyr.a(usb_descriptor.c.obj)
                0x000000000002e7a6                usb_get_dev_data_by_iface
 .text.usb_get_dev_data_by_ep
                0x000000000002e7c2       0x2c zephyr/libzephyr.a(usb_descriptor.c.obj)
                0x000000000002e7c2                usb_get_dev_data_by_ep
 .text.usb_transfer_is_busy
                0x000000000002e7ee       0x16 zephyr/libzephyr.a(usb_transfer.c.obj)
                0x000000000002e7ee                usb_transfer_is_busy
 .text.cdc_interface_config
                0x000000000002e804       0x14 zephyr/libzephyr.a(cdc_acm.c.obj)
 .text.cdc_acm_irq_callback_work_handler
                0x000000000002e818        0xa zephyr/libzephyr.a(cdc_acm.c.obj)
 .text.cdc_acm_irq_tx_disable
                0x000000000002e822        0xa zephyr/libzephyr.a(cdc_acm.c.obj)
 .text.cdc_acm_irq_tx_ready
                0x000000000002e82c        0xe zephyr/libzephyr.a(cdc_acm.c.obj)
 .text.cdc_acm_irq_rx_disable
                0x000000000002e83a        0xa zephyr/libzephyr.a(cdc_acm.c.obj)
 .text.cdc_acm_irq_rx_ready
                0x000000000002e844        0x8 zephyr/libzephyr.a(cdc_acm.c.obj)
 .text.cdc_acm_irq_is_pending
                0x000000000002e84c       0x1e zephyr/libzephyr.a(cdc_acm.c.obj)
 .text.cdc_acm_irq_update
                0x000000000002e86a        0x4 zephyr/libzephyr.a(cdc_acm.c.obj)
 .text.cdc_acm_irq_callback_set
                0x000000000002e86e        0x8 zephyr/libzephyr.a(cdc_acm.c.obj)
 .text.cdc_acm_fifo_read
                0x000000000002e876       0x54 zephyr/libzephyr.a(cdc_acm.c.obj)
 .text.cdc_acm_poll_in
                0x000000000002e8ca       0x12 zephyr/libzephyr.a(cdc_acm.c.obj)
 .text.z_arm_fatal_error
                0x000000000002e8dc        0x4 zephyr/arch/arch/arm/core/libarch__arm__core.a(fatal.c.obj)
                0x000000000002e8dc                z_arm_fatal_error
 .text.z_do_kernel_oops
                0x000000000002e8e0        0x8 zephyr/arch/arch/arm/core/libarch__arm__core.a(fatal.c.obj)
                0x000000000002e8e0                z_do_kernel_oops
 .text.z_arm_nmi
                0x000000000002e8e8        0xe zephyr/arch/arch/arm/core/libarch__arm__core.a(nmi.c.obj)
                0x000000000002e8e8                z_arm_nmi
 .text.z_irq_spurious
                0x000000000002e8f6        0x8 zephyr/arch/arch/arm/core/cortex_m/libarch__arm__core__cortex_m.a(irq_manage.c.obj)
                0x000000000002e8f6                z_irq_spurious
 .text.size_to_mpu_rasr_size
                0x000000000002e8fe       0x20 zephyr/arch/arch/arm/core/mpu/libarch__arm__core__mpu.a(arm_mpu.c.obj)
 .text.picolibc_put
                0x000000000002e91e        0xa zephyr/lib/libc/picolibc/liblib__libc__picolibc.a(libc-hooks.c.obj)
 .text.ep_ctx_reset
                0x000000000002e928       0x26 zephyr/drivers/usb/device/libdrivers__usb__device.a(usb_dc_nrfx.c.obj)
 .text.k_mutex_lock.constprop.0.isra.0
                0x000000000002e94e        0x4 zephyr/drivers/usb/device/libdrivers__usb__device.a(usb_dc_nrfx.c.obj)
 .text.k_mutex_unlock.isra.0
                0x000000000002e952        0x4 zephyr/drivers/usb/device/libdrivers__usb__device.a(usb_dc_nrfx.c.obj)
 .text.usb_dc_ep_check_cap
                0x000000000002e956       0x2a zephyr/drivers/usb/device/libdrivers__usb__device.a(usb_dc_nrfx.c.obj)
                0x000000000002e956                usb_dc_ep_check_cap
 .text.usb_dc_ep_disable
                0x000000000002e980       0x32 zephyr/drivers/usb/device/libdrivers__usb__device.a(usb_dc_nrfx.c.obj)
                0x000000000002e980                usb_dc_ep_disable
 .text.usb_dc_ep_read
                0x000000000002e9b2       0x1e zephyr/drivers/usb/device/libdrivers__usb__device.a(usb_dc_nrfx.c.obj)
                0x000000000002e9b2                usb_dc_ep_read
 .text.ep2bit   0x000000000002e9d0       0x10 zephyr/drivers/usb/common/nrf_usbd_common/libdrivers__usb__common__nrf_usbd_common.a(nrf_usbd_common.c.obj)
 .text.nrf_usbd_common_ep_max_packet_size_set
                0x000000000002e9e0        0xa zephyr/drivers/usb/common/nrf_usbd_common/libdrivers__usb__common__nrf_usbd_common.a(nrf_usbd_common.c.obj)
                0x000000000002e9e0                nrf_usbd_common_ep_max_packet_size_set
 .text.nrf_usbd_common_ep_status_get
                0x000000000002e9ea       0x2e zephyr/drivers/usb/common/nrf_usbd_common/libdrivers__usb__common__nrf_usbd_common.a(nrf_usbd_common.c.obj)
                0x000000000002e9ea                nrf_usbd_common_ep_status_get
 .text.get_status
                0x000000000002ea18       0x12 zephyr/drivers/clock_control/libdrivers__clock_control.a(clock_control_nrf.c.obj)
 .text.set_on_state
                0x000000000002ea2a       0x26 zephyr/drivers/clock_control/libdrivers__clock_control.a(clock_control_nrf.c.obj)
 .text.stop     0x000000000002ea50       0x54 zephyr/drivers/clock_control/libdrivers__clock_control.a(clock_control_nrf.c.obj)
 .text.api_stop
                0x000000000002eaa4        0x6 zephyr/drivers/clock_control/libdrivers__clock_control.a(clock_control_nrf.c.obj)
 .text.async_start
                0x000000000002eaaa       0x5e zephyr/drivers/clock_control/libdrivers__clock_control.a(clock_control_nrf.c.obj)
 .text.api_start
                0x000000000002eb08        0xe zephyr/drivers/clock_control/libdrivers__clock_control.a(clock_control_nrf.c.obj)
 .text.onoff_started_callback
                0x000000000002eb16       0x12 zephyr/drivers/clock_control/libdrivers__clock_control.a(clock_control_nrf.c.obj)
 .text.lfclk_start
                0x000000000002eb28        0x6 zephyr/drivers/clock_control/libdrivers__clock_control.a(clock_control_nrf.c.obj)
 .text.lfclk_stop
                0x000000000002eb2e        0x6 zephyr/drivers/clock_control/libdrivers__clock_control.a(clock_control_nrf.c.obj)
 .text.blocking_start_callback
                0x000000000002eb34        0x6 zephyr/drivers/clock_control/libdrivers__clock_control.a(clock_control_nrf.c.obj)
 .text.gpio_nrfx_port_get_raw
                0x000000000002eb3a        0xe zephyr/drivers/gpio/libdrivers__gpio.a(gpio_nrfx.c.obj)
 .text.gpio_nrfx_port_set_masked_raw
                0x000000000002eb48       0x18 zephyr/drivers/gpio/libdrivers__gpio.a(gpio_nrfx.c.obj)
 .text.gpio_nrfx_port_set_bits_raw
                0x000000000002eb60        0xc zephyr/drivers/gpio/libdrivers__gpio.a(gpio_nrfx.c.obj)
 .text.gpio_nrfx_port_clear_bits_raw
                0x000000000002eb6c        0xc zephyr/drivers/gpio/libdrivers__gpio.a(gpio_nrfx.c.obj)
 .text.gpio_nrfx_port_toggle_bits
                0x000000000002eb78       0x1a zephyr/drivers/gpio/libdrivers__gpio.a(gpio_nrfx.c.obj)
 .text.gpio_nrfx_manage_callback
                0x000000000002eb92       0x52 zephyr/drivers/gpio/libdrivers__gpio.a(gpio_nrfx.c.obj)
 .text.z_impl_hwinfo_get_device_id
                0x000000000002ebe4       0x28 zephyr/drivers/hwinfo/libdrivers__hwinfo.a(hwinfo_nrf.c.obj)
                0x000000000002ebe4                z_impl_hwinfo_get_device_id
 .text.pinctrl_lookup_state
                0x000000000002ec0c       0x26 zephyr/drivers/pinctrl/libdrivers__pinctrl.a(common.c.obj)
                0x000000000002ec0c                pinctrl_lookup_state
 .text.regulator_common_data_init
                0x000000000002ec32       0x10 zephyr/drivers/regulator/libdrivers__regulator.a(regulator_common.c.obj)
                0x000000000002ec32                regulator_common_data_init
 .text.regulator_set_voltage
                0x000000000002ec42       0x28 zephyr/drivers/regulator/libdrivers__regulator.a(regulator_common.c.obj)
                0x000000000002ec42                regulator_set_voltage
 .text.regulator_set_current_limit
                0x000000000002ec6a       0x28 zephyr/drivers/regulator/libdrivers__regulator.a(regulator_common.c.obj)
                0x000000000002ec6a                regulator_set_current_limit
 .text.regulator_set_mode
                0x000000000002ec92       0x3e zephyr/drivers/regulator/libdrivers__regulator.a(regulator_common.c.obj)
                0x000000000002ec92                regulator_set_mode
 .text.regulator_common_init
                0x000000000002ecd0       0xda zephyr/drivers/regulator/libdrivers__regulator.a(regulator_common.c.obj)
                0x000000000002ecd0                regulator_common_init
 .text.gpio_pin_set
                0x000000000002edaa       0x20 zephyr/drivers/regulator/libdrivers__regulator.a(regulator_fixed.c.obj)
 .text.regulator_fixed_enable
                0x000000000002edca       0x1e zephyr/drivers/regulator/libdrivers__regulator.a(regulator_fixed.c.obj)
 .text.regulator_fixed_count_voltages
                0x000000000002ede8        0xe zephyr/drivers/regulator/libdrivers__regulator.a(regulator_fixed.c.obj)
 .text.regulator_fixed_list_voltage
                0x000000000002edf6       0x1a zephyr/drivers/regulator/libdrivers__regulator.a(regulator_fixed.c.obj)
 .text.regulator_fixed_init
                0x000000000002ee10       0x56 zephyr/drivers/regulator/libdrivers__regulator.a(regulator_fixed.c.obj)
 .text.regulator_fixed_disable
                0x000000000002ee66       0x16 zephyr/drivers/regulator/libdrivers__regulator.a(regulator_fixed.c.obj)
 .text.uarte_nrfx_err_check
                0x000000000002ee7c        0xe zephyr/drivers/serial/libdrivers__serial.a(uart_nrfx_uarte.c.obj)
 .text.tx_start
                0x000000000002ee8a       0x3e zephyr/drivers/serial/libdrivers__serial.a(uart_nrfx_uarte.c.obj)
 .text.uarte_nrfx_poll_in
                0x000000000002eec8       0x28 zephyr/drivers/serial/libdrivers__serial.a(uart_nrfx_uarte.c.obj)
 .text.uarte_nrfx_fifo_read
                0x000000000002eef0       0x2e zephyr/drivers/serial/libdrivers__serial.a(uart_nrfx_uarte.c.obj)
 .text.uarte_nrfx_irq_tx_enable
                0x000000000002ef1e       0x2e zephyr/drivers/serial/libdrivers__serial.a(uart_nrfx_uarte.c.obj)
 .text.uarte_nrfx_irq_tx_disable
                0x000000000002ef4c        0xa zephyr/drivers/serial/libdrivers__serial.a(uart_nrfx_uarte.c.obj)
 .text.uarte_nrfx_irq_tx_ready_complete
                0x000000000002ef56       0x2a zephyr/drivers/serial/libdrivers__serial.a(uart_nrfx_uarte.c.obj)
 .text.uarte_nrfx_irq_rx_ready
                0x000000000002ef80       0x10 zephyr/drivers/serial/libdrivers__serial.a(uart_nrfx_uarte.c.obj)
 .text.uarte_nrfx_irq_rx_enable
                0x000000000002ef90        0xc zephyr/drivers/serial/libdrivers__serial.a(uart_nrfx_uarte.c.obj)
 .text.uarte_nrfx_irq_rx_disable
                0x000000000002ef9c        0xc zephyr/drivers/serial/libdrivers__serial.a(uart_nrfx_uarte.c.obj)
 .text.uarte_nrfx_irq_err_enable
                0x000000000002efa8        0xe zephyr/drivers/serial/libdrivers__serial.a(uart_nrfx_uarte.c.obj)
 .text.uarte_nrfx_irq_err_disable
                0x000000000002efb6        0xe zephyr/drivers/serial/libdrivers__serial.a(uart_nrfx_uarte.c.obj)
 .text.uarte_nrfx_irq_is_pending
                0x000000000002efc4       0x36 zephyr/drivers/serial/libdrivers__serial.a(uart_nrfx_uarte.c.obj)
 .text.uarte_nrfx_irq_update
                0x000000000002effa        0x4 zephyr/drivers/serial/libdrivers__serial.a(uart_nrfx_uarte.c.obj)
 .text.uarte_nrfx_irq_callback_set
                0x000000000002effe        0xc zephyr/drivers/serial/libdrivers__serial.a(uart_nrfx_uarte.c.obj)
 .text.is_tx_ready.isra.0
                0x000000000002f00a       0x20 zephyr/drivers/serial/libdrivers__serial.a(uart_nrfx_uarte.c.obj)
 .text.uarte_nrfx_fifo_fill
                0x000000000002f02a       0x78 zephyr/drivers/serial/libdrivers__serial.a(uart_nrfx_uarte.c.obj)
 .text.uarte_nrfx_isr_int
                0x000000000002f0a2       0xc0 zephyr/drivers/serial/libdrivers__serial.a(uart_nrfx_uarte.c.obj)
 .text.event_clear
                0x000000000002f162       0x18 zephyr/drivers/timer/libdrivers__timer.a(nrf_rtc_timer.c.obj)
 .text.nrfx_isr
                0x000000000002f17a        0x2 modules/hal_nordic/nrfx/libmodules__hal_nordic__nrfx.a(nrfx_glue.c.obj)
                0x000000000002f17a                nrfx_isr
 .text.nrfx_busy_wait
                0x000000000002f17c        0x4 modules/hal_nordic/nrfx/libmodules__hal_nordic__nrfx.a(nrfx_glue.c.obj)
                0x000000000002f17c                nrfx_busy_wait
 .text.nrfx_gppi_channel_endpoints_setup
                0x000000000002f180       0x14 modules/hal_nordic/nrfx/libmodules__hal_nordic__nrfx.a(nrfx_gppi_ppi.c.obj)
                0x000000000002f180                nrfx_gppi_channel_endpoints_setup
 .text.nrfx_clock_stop
                0x000000000002f194        0x4 modules/hal_nordic/nrfx/libmodules__hal_nordic__nrfx.a(nrfx_clock.c.obj)
                0x000000000002f194                nrfx_clock_stop
 .text.nrf_gpio_reconfigure
                0x000000000002f198       0x92 modules/hal_nordic/nrfx/libmodules__hal_nordic__nrfx.a(nrfx_gpiote.c.obj)
 .text.nrf_gpio_cfg_sense_set
                0x000000000002f22a       0x1e modules/hal_nordic/nrfx/libmodules__hal_nordic__nrfx.a(nrfx_gpiote.c.obj)
 .text.pin_trigger_disable
                0x000000000002f248       0x48 modules/hal_nordic/nrfx/libmodules__hal_nordic__nrfx.a(nrfx_gpiote.c.obj)
 .text.nrfx_gpiote_pin_uninit
                0x000000000002f290        0x4 modules/hal_nordic/nrfx/libmodules__hal_nordic__nrfx.a(nrfx_gpiote.c.obj)
                0x000000000002f290                nrfx_gpiote_pin_uninit
 .text.nrfx_gpiote_trigger_disable
                0x000000000002f294        0x4 modules/hal_nordic/nrfx/libmodules__hal_nordic__nrfx.a(nrfx_gpiote.c.obj)
                0x000000000002f294                nrfx_gpiote_trigger_disable
 .text.nrf_power_event_get_and_clear.constprop.0
                0x000000000002f298       0x18 modules/hal_nordic/nrfx/libmodules__hal_nordic__nrfx.a(nrfx_power.c.obj)
 .text.nrfx_power_usbevt_enable
                0x000000000002f2b0        0xe modules/hal_nordic/nrfx/libmodules__hal_nordic__nrfx.a(nrfx_power.c.obj)
                0x000000000002f2b0                nrfx_power_usbevt_enable
 .text.nrfx_power_usbevt_disable
                0x000000000002f2be        0xe modules/hal_nordic/nrfx/libmodules__hal_nordic__nrfx.a(nrfx_power.c.obj)
                0x000000000002f2be                nrfx_power_usbevt_disable
 .text.nrfx_power_clock_irq_handler
                0x000000000002f2cc        0xe modules/hal_nordic/nrfx/libmodules__hal_nordic__nrfx.a(nrfx_power.c.obj)
                0x000000000002f2cc                nrfx_power_clock_irq_handler
 .text.z_impl_k_busy_wait
                0x000000000002f2da        0x8 zephyr/kernel/libkernel.a(busy_wait.c.obj)
                0x000000000002f2da                z_impl_k_busy_wait
 .text.z_device_state_init
                0x000000000002f2e2        0x2 zephyr/kernel/libkernel.a(device.c.obj)
                0x000000000002f2e2                z_device_state_init
 .text.z_device_is_ready
                0x000000000002f2e4       0x16 zephyr/kernel/libkernel.a(device.c.obj)
                0x000000000002f2e4                z_device_is_ready
 .text.arch_system_halt
                0x000000000002f2fa       0x12 zephyr/kernel/libkernel.a(fatal.c.obj)
                0x000000000002f2fa                arch_system_halt
 .text.k_sys_fatal_error_handler
                0x000000000002f30c        0x6 zephyr/kernel/libkernel.a(fatal.c.obj)
                0x000000000002f30c                k_sys_fatal_error_handler
 .text.z_early_memset
                0x000000000002f312        0x4 zephyr/kernel/libkernel.a(init.c.obj)
                0x000000000002f312                z_early_memset
 .text.z_early_memcpy
                0x000000000002f316        0x4 zephyr/kernel/libkernel.a(init.c.obj)
                0x000000000002f316                z_early_memcpy
 .text.create_free_list
                0x000000000002f31a       0x2c zephyr/kernel/libkernel.a(mem_slab.c.obj)
 .text.k_mem_slab_free
                0x000000000002f346       0x4c zephyr/kernel/libkernel.a(mem_slab.c.obj)
                0x000000000002f346                k_mem_slab_free
 .text.k_is_in_isr
                0x000000000002f392        0xc zephyr/kernel/libkernel.a(thread.c.obj)
                0x000000000002f392                k_is_in_isr
 .text.z_impl_k_thread_name_set
                0x000000000002f39e        0x6 zephyr/kernel/libkernel.a(thread.c.obj)
                0x000000000002f39e                z_impl_k_thread_name_set
 .text.z_impl_k_thread_start
                0x000000000002f3a4        0x4 zephyr/kernel/libkernel.a(thread.c.obj)
                0x000000000002f3a4                z_impl_k_thread_start
 .text.sys_dlist_remove
                0x000000000002f3a8       0x10 zephyr/kernel/libkernel.a(sched.c.obj)
 .text.unpend_thread_no_timeout
                0x000000000002f3b8       0x14 zephyr/kernel/libkernel.a(sched.c.obj)
 .text.add_to_waitq_locked
                0x000000000002f3cc       0x50 zephyr/kernel/libkernel.a(sched.c.obj)
 .text.z_ready_thread
                0x000000000002f41c       0x20 zephyr/kernel/libkernel.a(sched.c.obj)
                0x000000000002f41c                z_ready_thread
 .text.z_impl_k_thread_suspend
                0x000000000002f43c       0x36 zephyr/kernel/libkernel.a(sched.c.obj)
                0x000000000002f43c                z_impl_k_thread_suspend
 .text.z_sched_wake_thread
                0x000000000002f472       0x44 zephyr/kernel/libkernel.a(sched.c.obj)
                0x000000000002f472                z_sched_wake_thread
 .text.z_thread_timeout
                0x000000000002f4b6        0x8 zephyr/kernel/libkernel.a(sched.c.obj)
                0x000000000002f4b6                z_thread_timeout
 .text.z_unpend_first_thread
                0x000000000002f4be       0x38 zephyr/kernel/libkernel.a(sched.c.obj)
                0x000000000002f4be                z_unpend_first_thread
 .text.z_unpend_thread
                0x000000000002f4f6       0x30 zephyr/kernel/libkernel.a(sched.c.obj)
                0x000000000002f4f6                z_unpend_thread
 .text.z_reschedule_unlocked
                0x000000000002f526       0x14 zephyr/kernel/libkernel.a(sched.c.obj)
 .text.z_unpend_all
                0x000000000002f53a       0x20 zephyr/kernel/libkernel.a(sched.c.obj)
                0x000000000002f53a                z_unpend_all
 .text.z_thread_abort
                0x000000000002f55a       0x42 zephyr/kernel/libkernel.a(sched.c.obj)
                0x000000000002f55a                z_thread_abort
 .text.z_sched_wake
                0x000000000002f59c       0x46 zephyr/kernel/libkernel.a(sched.c.obj)
                0x000000000002f59c                z_sched_wake
 .text.idle     0x000000000002f5e2       0x18 zephyr/kernel/libkernel.a(idle.c.obj)
                0x000000000002f5e2                idle
 .text.adjust_owner_prio.isra.0
                0x000000000002f5fa       0x10 zephyr/kernel/libkernel.a(mutex.c.obj)
 .text.z_impl_k_mutex_init
                0x000000000002f60a        0xe zephyr/kernel/libkernel.a(mutex.c.obj)
                0x000000000002f60a                z_impl_k_mutex_init
 .text.queue_insert
                0x000000000002f618       0xc4 zephyr/kernel/libkernel.a(queue.c.obj)
 .text.z_queue_node_peek
                0x000000000002f6dc       0x18 zephyr/kernel/libkernel.a(queue.c.obj)
                0x000000000002f6dc                z_queue_node_peek
 .text.k_queue_append
                0x000000000002f6f4       0x16 zephyr/kernel/libkernel.a(queue.c.obj)
                0x000000000002f6f4                k_queue_append
 .text.z_impl_k_sem_init
                0x000000000002f70a       0x18 zephyr/kernel/libkernel.a(sem.c.obj)
                0x000000000002f70a                z_impl_k_sem_init
 .text.flag_test_and_clear
                0x000000000002f722       0x16 zephyr/kernel/libkernel.a(work.c.obj)
 .text.notify_queue_locked.isra.0
                0x000000000002f738        0xe zephyr/kernel/libkernel.a(work.c.obj)
 .text.work_timeout
                0x000000000002f746       0x3e zephyr/kernel/libkernel.a(work.c.obj)
 .text.k_work_init
                0x000000000002f784       0x12 zephyr/kernel/libkernel.a(work.c.obj)
                0x000000000002f784                k_work_init
 .text.z_work_submit_to_queue
                0x000000000002f796       0x28 zephyr/kernel/libkernel.a(work.c.obj)
                0x000000000002f796                z_work_submit_to_queue
 .text.k_work_submit_to_queue
                0x000000000002f7be       0x22 zephyr/kernel/libkernel.a(work.c.obj)
                0x000000000002f7be                k_work_submit_to_queue
 .text.k_work_init_delayable
                0x000000000002f7e0       0x18 zephyr/kernel/libkernel.a(work.c.obj)
                0x000000000002f7e0                k_work_init_delayable
 .text.z_abort_timeout
                0x000000000002f7f8       0x2c zephyr/kernel/libkernel.a(timeout.c.obj)
                0x000000000002f7f8                z_abort_timeout
 .text.sys_clock_tick_get_32
                0x000000000002f824        0x8 zephyr/kernel/libkernel.a(timeout.c.obj)
                0x000000000002f824                sys_clock_tick_get_32
 .text.sys_timepoint_calc
                0x000000000002f82c       0x48 zephyr/kernel/libkernel.a(timeout.c.obj)
                0x000000000002f82c                sys_timepoint_calc
 .text.sys_timepoint_timeout
                0x000000000002f874       0x42 zephyr/kernel/libkernel.a(timeout.c.obj)
                0x000000000002f874                sys_timepoint_timeout
 .text.k_free   0x000000000002f8b6        0xe zephyr/kernel/libkernel.a(mempool.c.obj)
                0x000000000002f8b6                k_free
 .text.k_heap_init
                0x000000000002f8c4       0x10 zephyr/kernel/libkernel.a(kheap.c.obj)
                0x000000000002f8c4                k_heap_init
 .text.k_heap_aligned_alloc
                0x000000000002f8d4       0x86 zephyr/kernel/libkernel.a(kheap.c.obj)
                0x000000000002f8d4                k_heap_aligned_alloc
 .text.k_heap_free
                0x000000000002f95a       0x3a zephyr/kernel/libkernel.a(kheap.c.obj)
                0x000000000002f95a                k_heap_free
 .text.strnlen  0x000000000002f994       0x18 /home/paulm/Documents/TélécomParis/1A/ARTISHOW/zephyr/zephyr-sdk-0.16.5/arm-zephyr-eabi/bin/../lib/gcc/../../picolibc/arm-zephyr-eabi/lib/thumb/v7e-m/nofp/libc.a(libc_string_strnlen.c.o)
                0x000000000002f994                strnlen
 .text.__ultoa_invert
                0x000000000002f9ac       0xae /home/paulm/Documents/TélécomParis/1A/ARTISHOW/zephyr/zephyr-sdk-0.16.5/arm-zephyr-eabi/bin/../lib/gcc/../../picolibc/arm-zephyr-eabi/lib/thumb/v7e-m/nofp/libc.a(libc_tinystdio_vflprintf.c.o)
 .text.memcpy   0x000000000002fa5a       0x1c /home/paulm/Documents/TélécomParis/1A/ARTISHOW/zephyr/zephyr-sdk-0.16.5/arm-zephyr-eabi/bin/../lib/gcc/../../picolibc/arm-zephyr-eabi/lib/thumb/v7e-m/nofp/libc.a(memcpy.c.o)
                0x000000000002fa5a                memcpy
                0x000000000002fa5a                __aeabi_memcpy
                0x000000000002fa5a                __aeabi_memcpy4
                0x000000000002fa5a                __aeabi_memcpy8
 .text.memset   0x000000000002fa76       0x10 /home/paulm/Documents/TélécomParis/1A/ARTISHOW/zephyr/zephyr-sdk-0.16.5/arm-zephyr-eabi/bin/../lib/gcc/../../picolibc/arm-zephyr-eabi/lib/thumb/v7e-m/nofp/libc.a(memset.c.o)
                0x000000000002fa76                memset
 *(SORT_BY_ALIGNMENT(.TEXT.*))
 *fill*         0x000000000002fa86        0x2 
 .TEXT.__aeabi_read_tp
                0x000000000002fa88        0xc zephyr/arch/arch/arm/core/cortex_m/libarch__arm__core__cortex_m.a(__aeabi_read_tp.S.obj)
                0x000000000002fa88                __aeabi_read_tp
 *(SORT_BY_ALIGNMENT(.gnu.linkonce.t.*))
 *(SORT_BY_ALIGNMENT(.glue_7t))
 .glue_7t       0x000000000002fa94        0x0 linker stubs
 *(SORT_BY_ALIGNMENT(.glue_7))
 .glue_7        0x000000000002fa94        0x0 linker stubs
 *(SORT_BY_ALIGNMENT(.vfp11_veneer))
 .vfp11_veneer  0x000000000002fa94        0x0 linker stubs
 *(SORT_BY_ALIGNMENT(.v4_bx))
 .v4_bx         0x000000000002fa94        0x0 linker stubs
                0x000000000002fa94                . = ALIGN (0x4)
                0x000000000002fa94                __text_region_end = .

.ARM.exidx      0x000000000002fa94        0x8
                0x000000000002fa94                __exidx_start = .
 *(SORT_BY_ALIGNMENT(.ARM.exidx*) SORT_BY_ALIGNMENT(gnu.linkonce.armexidx.*))
 .ARM.exidx     0x000000000002fa94        0x8 /home/paulm/Documents/TélécomParis/1A/ARTISHOW/zephyr/zephyr-sdk-0.16.5/arm-zephyr-eabi/bin/../lib/gcc/arm-zephyr-eabi/12.2.0/thumb/v7e-m/nofp/libgcc.a(_udivmoddi4.o)
 .ARM.exidx     0x000000000002fa9c        0x0 /home/paulm/Documents/TélécomParis/1A/ARTISHOW/zephyr/zephyr-sdk-0.16.5/arm-zephyr-eabi/bin/../lib/gcc/../../picolibc/arm-zephyr-eabi/lib/thumb/v7e-m/nofp/libc.a(strlen.S.o)
                                          0x8 (size before relaxing)
                0x000000000002fa9c                __exidx_end = .
                0x000000000002fa9c                __rodata_region_start = .

initlevel       0x000000000002fa9c       0x80
                0x000000000002fa9c                __init_start = .
                0x000000000002fa9c                __init_EARLY_start = .
 *(SORT_BY_NAME(SORT_BY_ALIGNMENT(.z_init_EARLY?_*)))
 *(SORT_BY_NAME(SORT_BY_ALIGNMENT(.z_init_EARLY??_*)))
                0x000000000002fa9c                __init_PRE_KERNEL_1_start = .
 *(SORT_BY_NAME(SORT_BY_ALIGNMENT(.z_init_PRE_KERNEL_1?_*)))
 .z_init_PRE_KERNEL_10_0_
                0x000000000002fa9c        0x8 zephyr/soc/soc/arm/nordic_nrf/libsoc__arm__nordic_nrf.a(soc.c.obj)
 *(SORT_BY_NAME(SORT_BY_ALIGNMENT(.z_init_PRE_KERNEL_1??_*)))
 .z_init_PRE_KERNEL_130_00056_
                0x000000000002faa4        0x8 zephyr/drivers/clock_control/libdrivers__clock_control.a(clock_control_nrf.c.obj)
 .z_init_PRE_KERNEL_130_0_
                0x000000000002faac        0x8 zephyr/kernel/libkernel.a(mem_slab.c.obj)
 .z_init_PRE_KERNEL_130_0_
                0x000000000002fab4        0x8 zephyr/kernel/libkernel.a(kheap.c.obj)
 .z_init_PRE_KERNEL_140_00008_
                0x000000000002fabc        0x8 zephyr/drivers/gpio/libdrivers__gpio.a(gpio_nrfx.c.obj)
 .z_init_PRE_KERNEL_140_00015_
                0x000000000002fac4        0x8 zephyr/drivers/gpio/libdrivers__gpio.a(gpio_nrfx.c.obj)
 .z_init_PRE_KERNEL_155_00092_
                0x000000000002facc        0x8 zephyr/drivers/serial/libdrivers__serial.a(uart_nrfx_uarte.c.obj)
 .z_init_PRE_KERNEL_155_00113_
                0x000000000002fad4        0x8 zephyr/libzephyr.a(cdc_acm.c.obj)
 .z_init_PRE_KERNEL_160_0_
                0x000000000002fadc        0x8 zephyr/drivers/console/libdrivers__console.a(uart_console.c.obj)
                0x000000000002fae4                __init_PRE_KERNEL_2_start = .
 *(SORT_BY_NAME(SORT_BY_ALIGNMENT(.z_init_PRE_KERNEL_2?_*)))
 .z_init_PRE_KERNEL_20_0_
                0x000000000002fae4        0x8 zephyr/drivers/timer/libdrivers__timer.a(nrf_rtc_timer.c.obj)
 *(SORT_BY_NAME(SORT_BY_ALIGNMENT(.z_init_PRE_KERNEL_2??_*)))
                0x000000000002faec                __init_POST_KERNEL_start = .
 *(SORT_BY_NAME(SORT_BY_ALIGNMENT(.z_init_POST_KERNEL?_*)))
 *(SORT_BY_NAME(SORT_BY_ALIGNMENT(.z_init_POST_KERNEL??_*)))
 .z_init_POST_KERNEL40_0_
                0x000000000002faec        0x8 zephyr/libzephyr.a(usb_work_q.c.obj)
 .z_init_POST_KERNEL40_0_
                0x000000000002faf4        0x8 zephyr/lib/libc/common/liblib__libc__common.a(malloc.c.obj)
 .z_init_POST_KERNEL40_0_
                0x000000000002fafc        0x8 zephyr/kernel/libkernel.a(system_work_q.c.obj)
 .z_init_POST_KERNEL50_0_
                0x000000000002fb04        0x8 zephyr/drivers/usb/device/libdrivers__usb__device.a(usb_dc_nrfx.c.obj)
 .z_init_POST_KERNEL75_00009_
                0x000000000002fb0c        0x8 zephyr/drivers/regulator/libdrivers__regulator.a(regulator_fixed.c.obj)
 .z_init_POST_KERNEL90_0_
                0x000000000002fb14        0x8 zephyr/libzephyr.a(usb_device.c.obj)
                0x000000000002fb1c                __init_APPLICATION_start = .
 *(SORT_BY_NAME(SORT_BY_ALIGNMENT(.z_init_APPLICATION?_*)))
 *(SORT_BY_NAME(SORT_BY_ALIGNMENT(.z_init_APPLICATION??_*)))
                0x000000000002fb1c                __init_SMP_start = .
 *(SORT_BY_NAME(SORT_BY_ALIGNMENT(.z_init_SMP?_*)))
 *(SORT_BY_NAME(SORT_BY_ALIGNMENT(.z_init_SMP??_*)))
                0x000000000002fb1c                __init_end = .

device_area     0x000000000002fb1c       0x78
                0x000000000002fb1c                _device_list_start = .
 *(SORT_BY_NAME(SORT_BY_ALIGNMENT(._device.static.*_?_*)))
 *(SORT_BY_NAME(SORT_BY_ALIGNMENT(._device.static.*_??_*)))
 ._device.static.1_30_
                0x000000000002fb1c       0x14 zephyr/drivers/clock_control/libdrivers__clock_control.a(clock_control_nrf.c.obj)
                0x000000000002fb1c                __device_dts_ord_56
 ._device.static.1_40_
                0x000000000002fb30       0x28 zephyr/drivers/gpio/libdrivers__gpio.a(gpio_nrfx.c.obj)
                0x000000000002fb30                __device_dts_ord_8
                0x000000000002fb44                __device_dts_ord_15
 ._device.static.1_55_
                0x000000000002fb58       0x14 zephyr/libzephyr.a(cdc_acm.c.obj)
                0x000000000002fb58                __device_dts_ord_113
 ._device.static.1_55_
                0x000000000002fb6c       0x14 zephyr/drivers/serial/libdrivers__serial.a(uart_nrfx_uarte.c.obj)
                0x000000000002fb6c                __device_dts_ord_92
 ._device.static.3_75_
                0x000000000002fb80       0x14 zephyr/drivers/regulator/libdrivers__regulator.a(regulator_fixed.c.obj)
                0x000000000002fb80                __device_dts_ord_9
                0x000000000002fb94                _device_list_end = .

sw_isr_table    0x000000000002fb94      0x180
                0x000000000002fb94                . = ALIGN (0x4)
 *(SORT_BY_ALIGNMENT(.gnu.linkonce.sw_isr_table*))
 .gnu.linkonce.sw_isr_table
                0x000000000002fb94      0x180 zephyr/arch/common/libisr_tables.a(isr_tables.c.obj)
                0x000000000002fb94                _sw_isr_table

initlevel_error
                0x000000000002fa9c        0x0
 *(SORT_BY_NAME(SORT_BY_ALIGNMENT(.z_init_[_A-Z0-9]*)))
                0x0000000000000001                ASSERT ((SIZEOF (initlevel_error) == 0x0), Undefined initialization levels used.)

app_shmem_regions
                0x000000000002fd14        0x0
                0x000000000002fd14                __app_shmem_regions_start = .
 *(SORT_BY_NAME(SORT_BY_ALIGNMENT(.app_regions.*)))
                0x000000000002fd14                __app_shmem_regions_end = .

k_p4wq_initparam_area
                0x000000000002fd14        0x0
                0x000000000002fd14                _k_p4wq_initparam_list_start = .
 *(SORT_BY_NAME(SORT_BY_ALIGNMENT(._k_p4wq_initparam.static.*)))
                0x000000000002fd14                _k_p4wq_initparam_list_end = .

_static_thread_data_area
                0x000000000002fd14        0x0
                0x000000000002fd14                __static_thread_data_list_start = .
 *(SORT_BY_NAME(SORT_BY_ALIGNMENT(.__static_thread_data.static.*)))
                0x000000000002fd14                __static_thread_data_list_end = .

device_deps     0x000000000002fd14        0x0
                0x000000000002fd14                __device_deps_start = .
 *(SORT_BY_NAME(SORT_BY_ALIGNMENT(.__device_deps_pass2*)))
                0x000000000002fd14                __device_deps_end = .

ztest           0x000000000002fd14        0x0
                0x000000000002fd14                _ztest_expected_result_entry_list_start = .
 *(SORT_BY_NAME(SORT_BY_ALIGNMENT(._ztest_expected_result_entry.static.*)))
                0x000000000002fd14                _ztest_expected_result_entry_list_end = .
                0x000000000002fd14                _ztest_suite_node_list_start = .
 *(SORT_BY_NAME(SORT_BY_ALIGNMENT(._ztest_suite_node.static.*)))
                0x000000000002fd14                _ztest_suite_node_list_end = .
                0x000000000002fd14                _ztest_unit_test_list_start = .
 *(SORT_BY_NAME(SORT_BY_ALIGNMENT(._ztest_unit_test.static.*)))
                0x000000000002fd14                _ztest_unit_test_list_end = .
                0x000000000002fd14                _ztest_test_rule_list_start = .
 *(SORT_BY_NAME(SORT_BY_ALIGNMENT(._ztest_test_rule.static.*)))
                0x000000000002fd14                _ztest_test_rule_list_end = .

bt_l2cap_fixed_chan_area
                0x000000000002fd14        0x0
                0x000000000002fd14                _bt_l2cap_fixed_chan_list_start = .
 *(SORT_BY_NAME(SORT_BY_ALIGNMENT(._bt_l2cap_fixed_chan.static.*)))
                0x000000000002fd14                _bt_l2cap_fixed_chan_list_end = .

bt_gatt_service_static_area
                0x000000000002fd14        0x0
                0x000000000002fd14                _bt_gatt_service_static_list_start = .
 *(SORT_BY_NAME(SORT_BY_ALIGNMENT(._bt_gatt_service_static.static.*)))
                0x000000000002fd14                _bt_gatt_service_static_list_end = .

log_strings_area
                0x000000000002fd14        0x0
                0x000000000002fd14                _log_strings_list_start = .
 *(SORT_BY_NAME(SORT_BY_ALIGNMENT(._log_strings.static.*)))
                0x000000000002fd14                _log_strings_list_end = .

log_const_area  0x000000000002fd14        0x0
                0x000000000002fd14                _log_const_list_start = .
 *(SORT_BY_NAME(SORT_BY_ALIGNMENT(._log_const.static.*)))
                0x000000000002fd14                _log_const_list_end = .

log_backend_area
                0x000000000002fd14        0x0
                0x000000000002fd14                _log_backend_list_start = .
 *(SORT_BY_NAME(SORT_BY_ALIGNMENT(._log_backend.static.*)))
                0x000000000002fd14                _log_backend_list_end = .

log_link_area   0x000000000002fd14        0x0
                0x000000000002fd14                _log_link_list_start = .
 *(SORT_BY_NAME(SORT_BY_ALIGNMENT(._log_link.static.*)))
                0x000000000002fd14                _log_link_list_end = .

tracing_backend_area
                0x000000000002fd14        0x0
                0x000000000002fd14                _tracing_backend_list_start = .
 *(SORT_BY_NAME(SORT_BY_ALIGNMENT(._tracing_backend.static.*)))
                0x000000000002fd14                _tracing_backend_list_end = .

zephyr_dbg_info
 *(SORT_BY_ALIGNMENT(.dbg_thread_info))

symbol_to_keep  0x000000000002fd14        0x0
                0x000000000002fd14                __symbol_to_keep_start = .
 *(SORT_BY_NAME(SORT_BY_ALIGNMENT(.symbol_to_keep*)))
                0x000000000002fd14                __symbol_to_keep_end = .

shell_area      0x000000000002fd14        0x0
                0x000000000002fd14                _shell_list_start = .
 *(SORT_BY_NAME(SORT_BY_ALIGNMENT(._shell.static.*)))
                0x000000000002fd14                _shell_list_end = .

shell_root_cmds_area
                0x000000000002fd14        0x0
                0x000000000002fd14                _shell_root_cmds_list_start = .
 *(SORT_BY_NAME(SORT_BY_ALIGNMENT(._shell_root_cmds.static.*)))
                0x000000000002fd14                _shell_root_cmds_list_end = .

shell_subcmds_area
                0x000000000002fd14        0x0
                0x000000000002fd14                _shell_subcmds_list_start = .
 *(SORT_BY_NAME(SORT_BY_ALIGNMENT(._shell_subcmds.static.*)))
                0x000000000002fd14                _shell_subcmds_list_end = .

shell_dynamic_subcmds_area
                0x000000000002fd14        0x0